06-08 00:52:06.854  1729  1729 W libc    : Access denied finding property "hwservicemanager.ready"
06-08 00:52:06.855  1729  1729 W libc    : Access denied finding property "hwservicemanager.ready"
06-08 00:52:06.848  1729  1729 W binder:1729_2: type=1400 audit(0.0:335315): avc:  denied  { read } for  name="u:object_r:hwservicemanager_prop:s0" dev="tmpfs" ino=256 scontext=u:r:lbs_dbg_ext:s0 tcontext=u:object_r:hwservicemanager_prop:s0 tclass=file permissive=0
06-08 00:52:07.100 32078 20287 I NearbyMediums: Found Fast Ble Advertisements :
06-08 00:52:07.100 32078 20287 I NearbyMediums: BleAdvertisement { version=2, socketVersion=2, isFast=true, serviceIdHash=null, data=[ 0x23 0x48 0x55 0x47 0x52 0x11 0x32 0x76 0x06 0xcc 0x8b 0x24 0xe3 0xd2 0x35 0xf6 0x0d 0xe7 0x6e 0x63 0x30 0xad 0x46 ], deviceToken=[ 0xc3 0xa3 ], rxAdvertisement=null } : 2 times.
06-08 00:52:07.100 32078 20287 I NearbyMediums: Total 2 fast advertisements from 1 unique advertisers.
06-08 00:52:07.100 32078 20287 I NearbyMediums: Current Tracked Scanning Clients are : {NearbyConnections.EnvironmentMonitor, NearbySharing, NearbyConnections.TxAdvertisement}
06-08 00:52:07.362  1456  1506 I libPerfCtl: xgfGetFPS pid:2581 fps:-1
06-08 00:52:07.362  1456  1506 I libPerfCtl: xgfGetFPS pid:18433 fps:-1
06-08 00:52:07.376 18433 18466 D Capacitor: Handling local request: https://localhost/favicon.svg
06-08 00:52:07.379 18433 18475 D Capacitor: Handling local request: https://localhost/favicon-16x16.png
06-08 00:52:07.386 18433 18466 D Capacitor: Handling local request: https://localhost/favicon-32x32.png
06-08 00:52:07.408  1521  1521 I BufferQueueProducer: [com.txtt.app/com.txtt.app.MainActivity#14094](this:0xb400007dd975cdb0,id:-1,api:0,p:-1,c:1521) queueBuffer: fps=29.61 dur=2600.47 max=1755.89 min=10.66
06-08 00:52:07.418  1521  1521 I BufferQueueProducer: [VDS-studio.screen.sharing:0 SINK](this:0xb400007db95f0c00,id:-1,api:1,p:1521,c:1521) queueBuffer: fps=2.78 dur=1796.03 max=1751.03 min=10.52
06-08 00:52:07.419  1418  1450 I hwcomposer: [HWCDisplay] [Display_0 (type:1, mode:2)] fps:5.635287,dur:1774.53,max:1675.49,min:6.81  
06-08 00:52:07.424  1424  1493 I HfLooper: mot_algo disprot type 27 value -1.000000, timestamp = 115416867419809 
06-08 00:52:07.433 14572 17711 I MediaCodec: [0xb4000079a302f080] dequeue 8 output frames in last 1453 ms, latest timeUs 70754617220, flags 0
06-08 00:52:07.572 24220 24220 I adbd    : adbd service requested 'shell:getprop'
06-08 00:52:07.855  1729  1729 W lbs_dbg_ext: Waited for hwservicemanager.ready for a second, waiting another...
06-08 00:52:07.857  1729  1729 W libc    : Access denied finding property "hwservicemanager.disabled"
06-08 00:52:07.857  1729  1729 W libc    : Access denied finding property "hwservicemanager.ready"
06-08 00:52:07.858  1729  1729 W libc    : Access denied finding property "hwservicemanager.ready"
06-08 00:52:07.852  1729  1729 W binder:1729_2: type=1400 audit(0.0:335316): avc:  denied  { read } for  name="u:object_r:hwservicemanager_prop:s0" dev="tmpfs" ino=256 scontext=u:r:lbs_dbg_ext:s0 tcontext=u:object_r:hwservicemanager_prop:s0 tclass=file permissive=0
06-08 00:52:07.852  1729  1729 W binder:1729_2: type=1400 audit(0.0:335317): avc:  denied  { read } for  name="u:object_r:hwservicemanager_prop:s0" dev="tmpfs" ino=256 scontext=u:r:lbs_dbg_ext:s0 tcontext=u:object_r:hwservicemanager_prop:s0 tclass=file permissive=0
06-08 00:52:07.852  1729  1729 W binder:1729_2: type=1400 audit(0.0:335318): avc:  denied  { read } for  name="u:object_r:hwservicemanager_prop:s0" dev="tmpfs" ino=256 scontext=u:r:lbs_dbg_ext:s0 tcontext=u:object_r:hwservicemanager_prop:s0 tclass=file permissive=0
06-08 00:52:08.066 22270 22322 W BluetoothMetricsLogger: MetricsLogger isn't initialized
06-08 00:52:08.066 22270 22322 W BluetoothMetricsLogger: MetricsLogger isn't initialized
06-08 00:52:08.213  1457  1457 I motorola.hardware.sarwifi-srv: Wifi setting SAR Scenario idx=7 || 7
06-08 00:52:08.213  1457  1457 I motorola.hardware.sarwifi-srv: Wifi set SAR Scenario id=7
06-08 00:52:08.336  1424  1493 I HfLooper: mot_algo disprot type 27 value 0.000000, timestamp = 115417778845433 
06-08 00:52:08.362  1456  1506 I libPerfCtl: xgfGetFPS pid:2581 fps:-1
06-08 00:52:08.363  1456  1506 I libPerfCtl: xgfGetFPS pid:18433 fps:-1
06-08 00:52:08.448 14572 17711 I MediaCodec: [0xb4000079a302f080] dequeue 10 output frames in last 1015 ms, latest timeUs 70755617220, flags 0
06-08 00:52:08.482  1740  2124 D ULogGuard: Monitoring: 17 threads, 0 requests, 0 time-bombs; 27 guards. ResetFlags = 0x7
06-08 00:52:08.852  1729  1729 W binder:1729_2: type=1400 audit(0.0:335319): avc:  denied  { read } for  name="u:object_r:hwservicemanager_prop:s0" dev="tmpfs" ino=256 scontext=u:r:lbs_dbg_ext:s0 tcontext=u:object_r:hwservicemanager_prop:s0 tclass=file permissive=0
06-08 00:52:08.858  1729  1729 W lbs_dbg_ext: Waited for hwservicemanager.ready for a second, waiting another...
06-08 00:52:08.859  1729  1729 W libc    : Access denied finding property "hwservicemanager.disabled"
06-08 00:52:08.860  1729  1729 W libc    : Access denied finding property "hwservicemanager.ready"
06-08 00:52:08.860  1729  1729 W libc    : Access denied finding property "hwservicemanager.ready"
06-08 00:52:08.856  1729  1729 W binder:1729_2: type=1400 audit(0.0:335320): avc:  denied  { read } for  name="u:object_r:hwservicemanager_prop:s0" dev="tmpfs" ino=256 scontext=u:r:lbs_dbg_ext:s0 tcontext=u:object_r:hwservicemanager_prop:s0 tclass=file permissive=0
06-08 00:52:08.856  1729  1729 W binder:1729_2: type=1400 audit(0.0:335321): avc:  denied  { read } for  name="u:object_r:hwservicemanager_prop:s0" dev="tmpfs" ino=256 scontext=u:r:lbs_dbg_ext:s0 tcontext=u:object_r:hwservicemanager_prop:s0 tclass=file permissive=0
06-08 00:52:09.362  1456  1506 I libPerfCtl: xgfGetFPS pid:2581 fps:-1
06-08 00:52:09.362  1456  1506 I libPerfCtl: xgfGetFPS pid:18433 fps:-1
06-08 00:52:09.861  1729  1729 W lbs_dbg_ext: Waited for hwservicemanager.ready for a second, waiting another...
06-08 00:52:09.861  1729  1729 W libc    : Access denied finding property "hwservicemanager.disabled"
06-08 00:52:09.862  1729  1729 W libc    : Access denied finding property "hwservicemanager.ready"
06-08 00:52:09.863  1729  1729 W libc    : Access denied finding property "hwservicemanager.ready"
06-08 00:52:09.856  1729  1729 W binder:1729_2: type=1400 audit(0.0:335322): avc:  denied  { read } for  name="u:object_r:hwservicemanager_prop:s0" dev="tmpfs" ino=256 scontext=u:r:lbs_dbg_ext:s0 tcontext=u:object_r:hwservicemanager_prop:s0 tclass=file permissive=0
06-08 00:52:09.856  1729  1729 W binder:1729_2: type=1400 audit(0.0:335323): avc:  denied  { read } for  name="u:object_r:hwservicemanager_prop:s0" dev="tmpfs" ino=256 scontext=u:r:lbs_dbg_ext:s0 tcontext=u:object_r:hwservicemanager_prop:s0 tclass=file permissive=0
06-08 00:52:09.856  1729  1729 W binder:1729_2: type=1400 audit(0.0:335324): avc:  denied  { read } for  name="u:object_r:hwservicemanager_prop:s0" dev="tmpfs" ino=256 scontext=u:r:lbs_dbg_ext:s0 tcontext=u:object_r:hwservicemanager_prop:s0 tclass=file permissive=0
06-08 00:52:10.114  1424  2312 E SensorsMultiHal: Decrementing wakelock ref count by 3 when count is 2
06-08 00:52:10.115  1424  1910 E SensorsMultiHal: Decrementing wakelock ref count by 1 when count is 0
06-08 00:52:10.363  1456  1506 I libPerfCtl: xgfGetFPS pid:2581 fps:-1
06-08 00:52:10.363  1456  1506 I libPerfCtl: xgfGetFPS pid:18433 fps:-1
06-08 00:52:10.862  1729  1729 W lbs_dbg_ext: Waited for hwservicemanager.ready for a second, waiting another...
06-08 00:52:10.856  1729  1729 W binder:1729_2: type=1400 audit(0.0:335325): avc:  denied  { read } for  name="u:object_r:hwservicemanager_prop:s0" dev="tmpfs" ino=256 scontext=u:r:lbs_dbg_ext:s0 tcontext=u:object_r:hwservicemanager_prop:s0 tclass=file permissive=0
06-08 00:52:10.863  1729  1729 W libc    : Access denied finding property "hwservicemanager.disabled"
06-08 00:52:10.864  1729  1729 W libc    : Access denied finding property "hwservicemanager.ready"
06-08 00:52:10.860  1729  1729 W binder:1729_2: type=1400 audit(0.0:335326): avc:  denied  { read } for  name="u:object_r:hwservicemanager_prop:s0" dev="tmpfs" ino=256 scontext=u:r:lbs_dbg_ext:s0 tcontext=u:object_r:hwservicemanager_prop:s0 tclass=file permissive=0
06-08 00:52:10.864  1729  1729 W libc    : Access denied finding property "hwservicemanager.ready"
06-08 00:52:10.860  1729  1729 W binder:1729_2: type=1400 audit(0.0:335327): avc:  denied  { read } for  name="u:object_r:hwservicemanager_prop:s0" dev="tmpfs" ino=256 scontext=u:r:lbs_dbg_ext:s0 tcontext=u:object_r:hwservicemanager_prop:s0 tclass=file permissive=0
06-08 00:52:11.363  1456  1506 I libPerfCtl: xgfGetFPS pid:2581 fps:-1
06-08 00:52:11.364  1456  1506 I libPerfCtl: xgfGetFPS pid:18433 fps:-1
06-08 00:52:11.456  2053  2692 I ModeMonitor: onVideoModeChanged: Uid:2000,VideoMode:false
06-08 00:52:11.484  1740  2124 D ULogGuard: Monitoring: 17 threads, 0 requests, 0 time-bombs; 27 guards. ResetFlags = 0x7
06-08 00:52:11.864  1729  1729 W lbs_dbg_ext: Waited for hwservicemanager.ready for a second, waiting another...
06-08 00:52:11.864  1729  1729 W libc    : Access denied finding property "hwservicemanager.disabled"
06-08 00:52:11.860  1729  1729 W binder:1729_2: type=1400 audit(0.0:335328): avc:  denied  { read } for  name="u:object_r:hwservicemanager_prop:s0" dev="tmpfs" ino=256 scontext=u:r:lbs_dbg_ext:s0 tcontext=u:object_r:hwservicemanager_prop:s0 tclass=file permissive=0
06-08 00:52:11.860  1729  1729 W binder:1729_2: type=1400 audit(0.0:335329): avc:  denied  { read } for  name="u:object_r:hwservicemanager_prop:s0" dev="tmpfs" ino=256 scontext=u:r:lbs_dbg_ext:s0 tcontext=u:object_r:hwservicemanager_prop:s0 tclass=file permissive=0
06-08 00:52:11.865  1729  1729 W libc    : Access denied finding property "hwservicemanager.ready"
06-08 00:52:11.866  1729  1729 W libc    : Access denied finding property "hwservicemanager.ready"
06-08 00:52:11.860  1729  1729 W binder:1729_2: type=1400 audit(0.0:335330): avc:  denied  { read } for  name="u:object_r:hwservicemanager_prop:s0" dev="tmpfs" ino=256 scontext=u:r:lbs_dbg_ext:s0 tcontext=u:object_r:hwservicemanager_prop:s0 tclass=file permissive=0
06-08 00:52:12.364  1456  1506 I libPerfCtl: xgfGetFPS pid:2581 fps:-1
06-08 00:52:12.364  1456  1506 I libPerfCtl: xgfGetFPS pid:18433 fps:-1
06-08 00:52:12.787  1462  1462 I android.hardware.thermal-service.mediatek: getTemperaturesWithType TemperatureType: 3
06-08 00:52:12.789  1462  1462 W android.hardware.thermal-service.mediatek: i=0 tz_data[i].tz_idx[0]=9
06-08 00:52:12.789  1462  1462 W android.hardware.thermal-service.mediatek: i=1 tz_data[i].tz_idx[0]=9
06-08 00:52:12.789  1462  1462 W android.hardware.thermal-service.mediatek: i=2 tz_data[i].tz_idx[0]=6
06-08 00:52:12.789  1462  1462 W android.hardware.thermal-service.mediatek: i=3 tz_data[i].tz_idx[0]=53
06-08 00:52:12.792  1462  1462 I android.hardware.thermal-service.mediatek: fill_temperatures filterType1 name: SKIN type: SKIN throttlingStatus: NONE value: 33.665 ret_temps size 0
06-08 00:52:12.792  1462  1462 W android.hardware.thermal-service.mediatek: i=4 tz_data[i].tz_idx[0]=0
06-08 00:52:12.792  1462  1462 W android.hardware.thermal-service.mediatek: i=5 tz_data[i].tz_idx[0]=44
06-08 00:52:12.792  1462  1462 W android.hardware.thermal-service.mediatek: i=6 tz_data[i].tz_idx[0]=-1
06-08 00:52:12.792  1462  1462 W android.hardware.thermal-service.mediatek: i=7 tz_data[i].tz_idx[0]=-1
06-08 00:52:12.792  1462  1462 W android.hardware.thermal-service.mediatek: i=8 tz_data[i].tz_idx[0]=-1
06-08 00:52:12.792  1462  1462 W android.hardware.thermal-service.mediatek: i=9 tz_data[i].tz_idx[0]=9
06-08 00:52:12.792  1462  1462 W android.hardware.thermal-service.mediatek: i=10 tz_data[i].tz_idx[0]=9
06-08 00:52:12.792  1462  1462 W android.hardware.thermal-service.mediatek: i=11 tz_data[i].tz_idx[0]=-1
06-08 00:52:12.792  1462  1462 W android.hardware.thermal-service.mediatek: i=12 tz_data[i].tz_idx[0]=-1
06-08 00:52:12.792  1462  1462 W android.hardware.thermal-service.mediatek: i=13 tz_data[i].tz_idx[0]=9
06-08 00:52:12.865  1729  1729 W lbs_dbg_ext: Waited for hwservicemanager.ready for a second, waiting another...
06-08 00:52:12.866  1729  1729 W libc    : Access denied finding property "hwservicemanager.disabled"
06-08 00:52:12.860  1729  1729 W binder:1729_2: type=1400 audit(0.0:335331): avc:  denied  { read } for  name="u:object_r:hwservicemanager_prop:s0" dev="tmpfs" ino=256 scontext=u:r:lbs_dbg_ext:s0 tcontext=u:object_r:hwservicemanager_prop:s0 tclass=file permissive=0
06-08 00:52:12.866  1729  1729 W libc    : Access denied finding property "hwservicemanager.ready"
06-08 00:52:12.867  1729  1729 W libc    : Access denied finding property "hwservicemanager.ready"
06-08 00:52:12.860  1729  1729 W binder:1729_2: type=1400 audit(0.0:335332): avc:  denied  { read } for  name="u:object_r:hwservicemanager_prop:s0" dev="tmpfs" ino=256 scontext=u:r:lbs_dbg_ext:s0 tcontext=u:object_r:hwservicemanager_prop:s0 tclass=file permissive=0
06-08 00:52:13.364  1456  1506 I libPerfCtl: xgfGetFPS pid:2581 fps:-1
06-08 00:52:13.365  1456  1506 I libPerfCtl: xgfGetFPS pid:18433 fps:-1
06-08 00:52:13.545  1760  2363 D BufferPoolAccessor2.0: bufferpool2 0xb400007467deb148 : 49(121647 size) total buffers - 0(0 size) used buffers - 2464/11417 (recycle/alloc) - 9053/11417 (fetch/transfer)
06-08 00:52:13.550  1760  2363 D BufferPoolAccessor2.0: evictor expired: 1, evicted: 1
06-08 00:52:13.867  1729  1729 W lbs_dbg_ext: Waited for hwservicemanager.ready for a second, waiting another...
06-08 00:52:13.868  1729  1729 W libc    : Access denied finding property "hwservicemanager.disabled"
06-08 00:52:13.868  1729  1729 W libc    : Access denied finding property "hwservicemanager.ready"
06-08 00:52:13.869  1729  1729 W libc    : Access denied finding property "hwservicemanager.ready"
06-08 00:52:13.864  1729  1729 W binder:1729_2: type=1400 audit(0.0:335334): avc:  denied  { read } for  name="u:object_r:hwservicemanager_prop:s0" dev="tmpfs" ino=256 scontext=u:r:lbs_dbg_ext:s0 tcontext=u:object_r:hwservicemanager_prop:s0 tclass=file permissive=0
06-08 00:52:13.864  1729  1729 W binder:1729_2: type=1400 audit(0.0:335335): avc:  denied  { read } for  name="u:object_r:hwservicemanager_prop:s0" dev="tmpfs" ino=256 scontext=u:r:lbs_dbg_ext:s0 tcontext=u:object_r:hwservicemanager_prop:s0 tclass=file permissive=0
06-08 00:52:13.864  1729  1729 W binder:1729_2: type=1400 audit(0.0:335336): avc:  denied  { read } for  name="u:object_r:hwservicemanager_prop:s0" dev="tmpfs" ino=256 scontext=u:r:lbs_dbg_ext:s0 tcontext=u:object_r:hwservicemanager_prop:s0 tclass=file permissive=0
06-08 00:52:14.273 32078 20342 D libMEOW : meow delete tls: 0xb4000073d1d730e0
06-08 00:52:14.273 32078 20343 D libMEOW : meow delete tls: 0xb4000073d1f03270
06-08 00:52:14.365  1456  1506 I libPerfCtl: xgfGetFPS pid:2581 fps:-1
06-08 00:52:14.365  1456  1506 I libPerfCtl: xgfGetFPS pid:18433 fps:-1
06-08 00:52:14.432  2053  2137 I WifiService: isFeatureSupported uid=1000 returns [WIFI_FEATURE_INFRA, WIFI_FEATURE_P2P, WIFI_FEATURE_MOBILE_HOTSPOT, WIFI_FEATURE_PNO, WIFI_FEATURE_TDLS, WIFI_FEATURE_TDLS_OFFCHANNEL, WIFI_FEATURE_RSSI_MONITOR, WIFI_FEATURE_CONTROL_ROAMING, WIFI_FEATURE_TX_POWER_LIMIT, WIFI_FEATURE_WPA3_SAE, WIFI_FEATURE_WPA3_SUITE_B, WIFI_FEATURE_OWE, WIFI_FEATURE_DPP, WIFI_FEATURE_P2P_RAND_MAC, WIFI_FEATURE_CONNECTED_RAND_MAC, WIFI_FEATURE_AP_RAND_MAC, WIFI_FEATURE_MBO, WIFI_FEATURE_OCE, WIFI_FEATURE_WAPI, WIFI_FEATURE_SAE_PK, WIFI_FEATURE_DPP_ENROLLEE_RESPONDER, WIFI_FEATURE_PASSPOINT_TERMS_AND_CONDITIONS, WIFI_FEATURE_SAE_H2E, WIFI_FEATURE_WFD_R2, WIFI_FEATURE_DECORATED_IDENTITY, WIFI_FEATURE_TRUST_ON_FIRST_USE, WIFI_FEATURE_DPP_AKM, WIFI_FEATURE_SET_TLS_MINIMUM_VERSION, WIFI_FEATURE_TLS_V1_3, WIFI_FEATURE_DUAL_BAND_SIMULTANEOUS, WIFI_FEATURE_WEP, WIFI_FEATURE_WPA_PERSONAL]
06-08 00:52:14.485  1740  2124 D ULogGuard: Monitoring: 17 threads, 0 requests, 0 time-bombs; 27 guards. ResetFlags = 0x7
06-08 00:52:14.869  1729  1729 W lbs_dbg_ext: Waited for hwservicemanager.ready for a second, waiting another...
06-08 00:52:14.870  1729  1729 W libc    : Access denied finding property "hwservicemanager.disabled"
06-08 00:52:14.864  1729  1729 W binder:1729_2: type=1400 audit(0.0:335337): avc:  denied  { read } for  name="u:object_r:hwservicemanager_prop:s0" dev="tmpfs" ino=256 scontext=u:r:lbs_dbg_ext:s0 tcontext=u:object_r:hwservicemanager_prop:s0 tclass=file permissive=0
06-08 00:52:14.864  1729  1729 W binder:1729_2: type=1400 audit(0.0:335338): avc:  denied  { read } for  name="u:object_r:hwservicemanager_prop:s0" dev="tmpfs" ino=256 scontext=u:r:lbs_dbg_ext:s0 tcontext=u:object_r:hwservicemanager_prop:s0 tclass=file permissive=0
06-08 00:52:14.871  1729  1729 W libc    : Access denied finding property "hwservicemanager.ready"
06-08 00:52:14.871  1729  1729 W libc    : Access denied finding property "hwservicemanager.ready"
06-08 00:52:15.365  1456  1506 I libPerfCtl: xgfGetFPS pid:2581 fps:-1
06-08 00:52:15.365  1456  1506 I libPerfCtl: xgfGetFPS pid:18433 fps:-1
06-08 00:52:15.871  1729  1729 W lbs_dbg_ext: Waited for hwservicemanager.ready for a second, waiting another...
06-08 00:52:15.872  1729  1729 W libc    : Access denied finding property "hwservicemanager.disabled"
06-08 00:52:15.868  1729  1729 W binder:1729_2: type=1400 audit(0.0:335340): avc:  denied  { read } for  name="u:object_r:hwservicemanager_prop:s0" dev="tmpfs" ino=256 scontext=u:r:lbs_dbg_ext:s0 tcontext=u:object_r:hwservicemanager_prop:s0 tclass=file permissive=0
06-08 00:52:15.872  1729  1729 W libc    : Access denied finding property "hwservicemanager.ready"
06-08 00:52:15.873  1729  1729 W libc    : Access denied finding property "hwservicemanager.ready"
06-08 00:52:15.868  1729  1729 W binder:1729_2: type=1400 audit(0.0:335341): avc:  denied  { read } for  name="u:object_r:hwservicemanager_prop:s0" dev="tmpfs" ino=256 scontext=u:r:lbs_dbg_ext:s0 tcontext=u:object_r:hwservicemanager_prop:s0 tclass=file permissive=0
06-08 00:52:15.868  1729  1729 W binder:1729_2: type=1400 audit(0.0:335342): avc:  denied  { read } for  name="u:object_r:hwservicemanager_prop:s0" dev="tmpfs" ino=256 scontext=u:r:lbs_dbg_ext:s0 tcontext=u:object_r:hwservicemanager_prop:s0 tclass=file permissive=0
06-08 00:52:16.253  2053  3075 W OverlayManager: service 'idmap' died
06-08 00:52:16.256  1729  1729 W libc    : Access denied finding property "hwservicemanager.ready"
06-08 00:52:16.252  1729  1729 W binder:1729_2: type=1400 audit(0.0:335343): avc:  denied  { read } for  name="u:object_r:hwservicemanager_prop:s0" dev="tmpfs" ino=256 scontext=u:r:lbs_dbg_ext:s0 tcontext=u:object_r:hwservicemanager_prop:s0 tclass=file permissive=0
06-08 00:52:16.252  1729  1729 W binder:1729_2: type=1400 audit(0.0:335344): avc:  denied  { read } for  name="u:object_r:hwservicemanager_prop:s0" dev="tmpfs" ino=256 scontext=u:r:lbs_dbg_ext:s0 tcontext=u:object_r:hwservicemanager_prop:s0 tclass=file permissive=0
06-08 00:52:16.259  1729  1729 W libc    : Access denied finding property "hwservicemanager.ready"
06-08 00:52:16.262  1729  1729 W libc    : Access denied finding property "hwservicemanager.ready"
06-08 00:52:16.366  1456  1506 I libPerfCtl: xgfGetFPS pid:2581 fps:-1
06-08 00:52:16.366  1456  1506 I libPerfCtl: xgfGetFPS pid:18433 fps:-1
06-08 00:52:16.872  1729  1729 W lbs_dbg_ext: Waited for hwservicemanager.ready for a second, waiting another...
06-08 00:52:16.873  1729  1729 W libc    : Access denied finding property "hwservicemanager.disabled"
06-08 00:52:16.873  1729  1729 W libc    : Access denied finding property "hwservicemanager.ready"
06-08 00:52:16.873  1729  1729 W libc    : Access denied finding property "hwservicemanager.ready"
06-08 00:52:17.102 32078 20287 I NearbyMediums: Found Fast Ble Advertisements :
06-08 00:52:17.102 32078 20287 I NearbyMediums: BleAdvertisement { version=2, socketVersion=2, isFast=true, serviceIdHash=null, data=[ 0x23 0x48 0x55 0x47 0x52 0x11 0x32 0x76 0x06 0xcc 0x8b 0x24 0xe3 0xd2 0x35 0xf6 0x0d 0xe7 0x6e 0x63 0x30 0xad 0x46 ], deviceToken=[ 0xc3 0xa3 ], rxAdvertisement=null } : 1 times.
06-08 00:52:17.102 32078 20287 I NearbyMediums: Total 1 fast advertisements from 1 unique advertisers.
06-08 00:52:17.103 32078 20287 I NearbyMediums: Current Tracked Scanning Clients are : {NearbyConnections.EnvironmentMonitor, NearbySharing, NearbyConnections.TxAdvertisement}
06-08 00:52:17.218  1424  1492 W AString : ctor got NULL, using empty string instead
06-08 00:52:17.218  1424  1492 I SensorSavedChannel: [-49,65,84,517,-3164,-1926]==>gyro_temp.json
06-08 00:52:17.486  1740  2124 D ULogGuard: Monitoring: 17 threads, 0 requests, 0 time-bombs; 27 guards. ResetFlags = 0x7
06-08 00:52:17.873  1729  1729 W lbs_dbg_ext: Waited for hwservicemanager.ready for a second, waiting another...
06-08 00:52:17.874  1729  1729 W libc    : Access denied finding property "hwservicemanager.disabled"
06-08 00:52:17.875  1729  1729 W libc    : Access denied finding property "hwservicemanager.ready"
06-08 00:52:17.875  1729  1729 W libc    : Access denied finding property "hwservicemanager.ready"
06-08 00:52:17.868  1729  1729 W binder:1729_2: type=1400 audit(0.0:335349): avc:  denied  { read } for  name="u:object_r:hwservicemanager_prop:s0" dev="tmpfs" ino=256 scontext=u:r:lbs_dbg_ext:s0 tcontext=u:object_r:hwservicemanager_prop:s0 tclass=file permissive=0
06-08 00:52:17.868  1729  1729 W binder:1729_2: type=1400 audit(0.0:335350): avc:  denied  { read } for  name="u:object_r:hwservicemanager_prop:s0" dev="tmpfs" ino=256 scontext=u:r:lbs_dbg_ext:s0 tcontext=u:object_r:hwservicemanager_prop:s0 tclass=file permissive=0
06-08 00:52:17.868  1729  1729 W binder:1729_2: type=1400 audit(0.0:335351): avc:  denied  { read } for  name="u:object_r:hwservicemanager_prop:s0" dev="tmpfs" ino=256 scontext=u:r:lbs_dbg_ext:s0 tcontext=u:object_r:hwservicemanager_prop:s0 tclass=file permissive=0
06-08 00:52:18.602 18433 18433 I Capacitor/Console: File: https://localhost/assets/index-CJtQb-bl.js - Line 34 - Msg: [CallProvider] AUTO-DISMISS timer fyrer (30s gikk)
06-08 00:52:18.875  1729  1729 W lbs_dbg_ext: Waited for hwservicemanager.ready for a second, waiting another...
06-08 00:52:18.868  1729  1729 W binder:1729_2: type=1400 audit(0.0:335352): avc:  denied  { read } for  name="u:object_r:hwservicemanager_prop:s0" dev="tmpfs" ino=256 scontext=u:r:lbs_dbg_ext:s0 tcontext=u:object_r:hwservicemanager_prop:s0 tclass=file permissive=0
06-08 00:52:18.876  1729  1729 W libc    : Access denied finding property "hwservicemanager.disabled"
06-08 00:52:18.876  1729  1729 W libc    : Access denied finding property "hwservicemanager.ready"
06-08 00:52:18.877  1729  1729 W libc    : Access denied finding property "hwservicemanager.ready"
06-08 00:52:18.872  1729  1729 W binder:1729_2: type=1400 audit(0.0:335353): avc:  denied  { read } for  name="u:object_r:hwservicemanager_prop:s0" dev="tmpfs" ino=256 scontext=u:r:lbs_dbg_ext:s0 tcontext=u:object_r:hwservicemanager_prop:s0 tclass=file permissive=0
06-08 00:52:18.872  1729  1729 W binder:1729_2: type=1400 audit(0.0:335354): avc:  denied  { read } for  name="u:object_r:hwservicemanager_prop:s0" dev="tmpfs" ino=256 scontext=u:r:lbs_dbg_ext:s0 tcontext=u:object_r:hwservicemanager_prop:s0 tclass=file permissive=0
06-08 00:52:19.269  1464  1499 D power@timer: [mtkPowerTimer] visRead:0
06-08 00:52:19.877  1729  1729 W lbs_dbg_ext: Waited for hwservicemanager.ready for a second, waiting another...
06-08 00:52:19.878  1729  1729 W libc    : Access denied finding property "hwservicemanager.disabled"
06-08 00:52:19.872  1729  1729 W binder:1729_2: type=1400 audit(0.0:335355): avc:  denied  { read } for  name="u:object_r:hwservicemanager_prop:s0" dev="tmpfs" ino=256 scontext=u:r:lbs_dbg_ext:s0 tcontext=u:object_r:hwservicemanager_prop:s0 tclass=file permissive=0
06-08 00:52:19.879  1729  1729 W libc    : Access denied finding property "hwservicemanager.ready"
06-08 00:52:19.879  1729  1729 W libc    : Access denied finding property "hwservicemanager.ready"
06-08 00:52:19.872  1729  1729 W binder:1729_2: type=1400 audit(0.0:335356): avc:  denied  { read } for  name="u:object_r:hwservicemanager_prop:s0" dev="tmpfs" ino=256 scontext=u:r:lbs_dbg_ext:s0 tcontext=u:object_r:hwservicemanager_prop:s0 tclass=file permissive=0
06-08 00:52:19.872  1729  1729 W binder:1729_2: type=1400 audit(0.0:335357): avc:  denied  { read } for  name="u:object_r:hwservicemanager_prop:s0" dev="tmpfs" ino=256 scontext=u:r:lbs_dbg_ext:s0 tcontext=u:object_r:hwservicemanager_prop:s0 tclass=file permissive=0
06-08 00:52:20.487  1740  2124 D ULogGuard: Monitoring: 17 threads, 0 requests, 0 time-bombs; 27 guards. ResetFlags = 0x7
06-08 00:52:20.879  1729  1729 W lbs_dbg_ext: Waited for hwservicemanager.ready for a second, waiting another...
06-08 00:52:20.880  1729  1729 W libc    : Access denied finding property "hwservicemanager.disabled"
06-08 00:52:20.881  1729  1729 W libc    : Access denied finding property "hwservicemanager.ready"
06-08 00:52:20.876  1729  1729 W binder:1729_2: type=1400 audit(0.0:335358): avc:  denied  { read } for  name="u:object_r:hwservicemanager_prop:s0" dev="tmpfs" ino=256 scontext=u:r:lbs_dbg_ext:s0 tcontext=u:object_r:hwservicemanager_prop:s0 tclass=file permissive=0
06-08 00:52:20.876  1729  1729 W binder:1729_2: type=1400 audit(0.0:335359): avc:  denied  { read } for  name="u:object_r:hwservicemanager_prop:s0" dev="tmpfs" ino=256 scontext=u:r:lbs_dbg_ext:s0 tcontext=u:object_r:hwservicemanager_prop:s0 tclass=file permissive=0
06-08 00:52:20.876  1729  1729 W binder:1729_2: type=1400 audit(0.0:335360): avc:  denied  { read } for  name="u:object_r:hwservicemanager_prop:s0" dev="tmpfs" ino=256 scontext=u:r:lbs_dbg_ext:s0 tcontext=u:object_r:hwservicemanager_prop:s0 tclass=file permissive=0
06-08 00:52:21.881  1729  1729 W lbs_dbg_ext: Waited for hwservicemanager.ready for a second, waiting another...
06-08 00:52:21.882  1729  1729 W libc    : Access denied finding property "hwservicemanager.disabled"
06-08 00:52:21.883  1729  1729 W libc    : Access denied finding property "hwservicemanager.ready"
06-08 00:52:21.876  1729  1729 W binder:1729_2: type=1400 audit(0.0:335361): avc:  denied  { read } for  name="u:object_r:hwservicemanager_prop:s0" dev="tmpfs" ino=256 scontext=u:r:lbs_dbg_ext:s0 tcontext=u:object_r:hwservicemanager_prop:s0 tclass=file permissive=0
06-08 00:52:21.876  1729  1729 W binder:1729_2: type=1400 audit(0.0:335362): avc:  denied  { read } for  name="u:object_r:hwservicemanager_prop:s0" dev="tmpfs" ino=256 scontext=u:r:lbs_dbg_ext:s0 tcontext=u:object_r:hwservicemanager_prop:s0 tclass=file permissive=0
06-08 00:52:21.883  1729  1729 W libc    : Access denied finding property "hwservicemanager.ready"
06-08 00:52:21.876  1729  1729 W binder:1729_2: type=1400 audit(0.0:335363): avc:  denied  { read } for  name="u:object_r:hwservicemanager_prop:s0" dev="tmpfs" ino=256 scontext=u:r:lbs_dbg_ext:s0 tcontext=u:object_r:hwservicemanager_prop:s0 tclass=file permissive=0
06-08 00:52:22.883  1729  1729 W lbs_dbg_ext: Waited for hwservicemanager.ready for a second, waiting another...
06-08 00:52:22.884  1729  1729 W libc    : Access denied finding property "hwservicemanager.disabled"
06-08 00:52:22.884  1729  1729 W libc    : Access denied finding property "hwservicemanager.ready"
06-08 00:52:22.885  1729  1729 W libc    : Access denied finding property "hwservicemanager.ready"
06-08 00:52:22.880  1729  1729 W binder:1729_2: type=1400 audit(0.0:335364): avc:  denied  { read } for  name="u:object_r:hwservicemanager_prop:s0" dev="tmpfs" ino=256 scontext=u:r:lbs_dbg_ext:s0 tcontext=u:object_r:hwservicemanager_prop:s0 tclass=file permissive=0
06-08 00:52:22.880  1729  1729 W binder:1729_2: type=1400 audit(0.0:335365): avc:  denied  { read } for  name="u:object_r:hwservicemanager_prop:s0" dev="tmpfs" ino=256 scontext=u:r:lbs_dbg_ext:s0 tcontext=u:object_r:hwservicemanager_prop:s0 tclass=file permissive=0
06-08 00:52:22.880  1729  1729 W binder:1729_2: type=1400 audit(0.0:335366): avc:  denied  { read } for  name="u:object_r:hwservicemanager_prop:s0" dev="tmpfs" ino=256 scontext=u:r:lbs_dbg_ext:s0 tcontext=u:object_r:hwservicemanager_prop:s0 tclass=file permissive=0
06-08 00:52:23.489  1740  2124 D ULogGuard: Monitoring: 17 threads, 0 requests, 0 time-bombs; 27 guards. ResetFlags = 0x7
06-08 00:52:23.880  1729  1729 W binder:1729_2: type=1400 audit(0.0:335367): avc:  denied  { read } for  name="u:object_r:hwservicemanager_prop:s0" dev="tmpfs" ino=256 scontext=u:r:lbs_dbg_ext:s0 tcontext=u:object_r:hwservicemanager_prop:s0 tclass=file permissive=0
06-08 00:52:23.885  1729  1729 W lbs_dbg_ext: Waited for hwservicemanager.ready for a second, waiting another...
06-08 00:52:23.886  1729  1729 W libc    : Access denied finding property "hwservicemanager.disabled"
06-08 00:52:23.886  1729  1729 W libc    : Access denied finding property "hwservicemanager.ready"
06-08 00:52:23.880  1729  1729 W binder:1729_2: type=1400 audit(0.0:335368): avc:  denied  { read } for  name="u:object_r:hwservicemanager_prop:s0" dev="tmpfs" ino=256 scontext=u:r:lbs_dbg_ext:s0 tcontext=u:object_r:hwservicemanager_prop:s0 tclass=file permissive=0
06-08 00:52:23.887  1729  1729 W libc    : Access denied finding property "hwservicemanager.ready"
06-08 00:52:24.886  1729  1729 W lbs_dbg_ext: Waited for hwservicemanager.ready for a second, waiting another...
06-08 00:52:24.880  1729  1729 W binder:1729_2: type=1400 audit(0.0:335370): avc:  denied  { read } for  name="u:object_r:hwservicemanager_prop:s0" dev="tmpfs" ino=256 scontext=u:r:lbs_dbg_ext:s0 tcontext=u:object_r:hwservicemanager_prop:s0 tclass=file permissive=0
06-08 00:52:24.884  1729  1729 W binder:1729_2: type=1400 audit(0.0:335371): avc:  denied  { read } for  name="u:object_r:hwservicemanager_prop:s0" dev="tmpfs" ino=256 scontext=u:r:lbs_dbg_ext:s0 tcontext=u:object_r:hwservicemanager_prop:s0 tclass=file permissive=0
06-08 00:52:24.887  1729  1729 W libc    : Access denied finding property "hwservicemanager.disabled"
06-08 00:52:24.888  1729  1729 W libc    : Access denied finding property "hwservicemanager.ready"
06-08 00:52:24.889  1729  1729 W libc    : Access denied finding property "hwservicemanager.ready"
06-08 00:52:24.884  1729  1729 W binder:1729_2: type=1400 audit(0.0:335372): avc:  denied  { read } for  name="u:object_r:hwservicemanager_prop:s0" dev="tmpfs" ino=256 scontext=u:r:lbs_dbg_ext:s0 tcontext=u:object_r:hwservicemanager_prop:s0 tclass=file permissive=0
06-08 00:52:25.889  1729  1729 W lbs_dbg_ext: Waited for hwservicemanager.ready for a second, waiting another...
06-08 00:52:25.890  1729  1729 W libc    : Access denied finding property "hwservicemanager.disabled"
06-08 00:52:25.884  1729  1729 W binder:1729_2: type=1400 audit(0.0:335373): avc:  denied  { read } for  name="u:object_r:hwservicemanager_prop:s0" dev="tmpfs" ino=256 scontext=u:r:lbs_dbg_ext:s0 tcontext=u:object_r:hwservicemanager_prop:s0 tclass=file permissive=0
06-08 00:52:25.891  1729  1729 W libc    : Access denied finding property "hwservicemanager.ready"
06-08 00:52:25.884  1729  1729 W binder:1729_2: type=1400 audit(0.0:335374): avc:  denied  { read } for  name="u:object_r:hwservicemanager_prop:s0" dev="tmpfs" ino=256 scontext=u:r:lbs_dbg_ext:s0 tcontext=u:object_r:hwservicemanager_prop:s0 tclass=file permissive=0
06-08 00:52:25.884  1729  1729 W binder:1729_2: type=1400 audit(0.0:335375): avc:  denied  { read } for  name="u:object_r:hwservicemanager_prop:s0" dev="tmpfs" ino=256 scontext=u:r:lbs_dbg_ext:s0 tcontext=u:object_r:hwservicemanager_prop:s0 tclass=file permissive=0
06-08 00:52:25.947 18433 18482 D AAudio  : AAudioStream_requestStop(s#58) called
06-08 00:52:25.947 18433 18482 D AAudioStream: setState(s#58) from 4 to 9
06-08 00:52:25.948 18433 18482 D AudioTrack: stop(1851): 0xb400007391d3a4c0, prior state:STATE_ACTIVE, packageName: com.txtt.app
06-08 00:52:25.948 18433 18482 D AudioTrackShared: this(0xb400007271d1dbb0), mCblk(0x74d0f37000), front(1003008), mIsOut 1, interrupt() FUTEX_WAKE
06-08 00:52:25.951  2053  3075 E AppOps  : attributionTag  not declared in manifest of com.txtt.app
06-08 00:52:25.951  2053  3075 E AppOps  : attributionTag  not declared in manifest of com.txtt.app
06-08 00:52:25.953  2053  2082 E AppOps  : attributionTag  not declared in manifest of com.txtt.app
06-08 00:52:25.953  2053  2082 E AppOps  : attributionTag  not declared in manifest of com.txtt.app
06-08 00:52:25.954 18433 18482 D AudioTrack: stop(1851): 0xb400007391d3a4c0 stop done
06-08 00:52:25.956 18433 18482 D AAudioStream: setState(s#58) from 9 to 10
06-08 00:52:26.021  1514  1744 I AudioEffect: disable 0xb40000794726de30
06-08 00:52:26.023  1514  1744 I AudioEffect: Destructor 0xb40000794726de30
06-08 00:52:26.025  1411 16220 I EffectsFactory: Effect_Command(): self = 0xb400007c5a932c00, cmdCode = 4
06-08 00:52:26.025  1411 16220 V DlbVolumeListener: effectCommand
06-08 00:52:26.025  1411 16220 V DlbVolumeListener: effectCommand :: Command EFFECT_CMD_DISABLE
06-08 00:52:26.026  1514  1744 I AudioFlinger_Threads: removeEffect_l(): 0xb400007b7c4716a0, effect = 0xb4000079e7260470, name = Music Listener
06-08 00:52:26.027  1411  8519 I EffectsFactory: EffectRelease(): 0xb400007c5a932c00
06-08 00:52:26.027  1411  8519 V DlbVolumeListener: release(handle=0xb400007c6a8bee70)
06-08 00:52:26.028  1514  1744 I EffectChain: removeEffect_l() effect 0xb4000079e7260470, removed from chain 0xb400007937273030 at rank 0
06-08 00:52:26.029  1514  1744 I AudioFlinger_Threads: removeEffectChain_l() 0xb400007937273030 from thread 0xb400007b7c4716a0 for session 19889
06-08 00:52:26.029  1514  2004 I EffectChain: ~EffectChain(): delete EffectChain = 0xb400007937273030
06-08 00:52:26.030  1514  1744 I EffectModule: Destructor 0xb4000079e7260470
06-08 00:52:26.031  1514  1744 W audioserver: Binder 0xb400007957255000 destroyed after setInheritRt before being parceled.
06-08 00:52:26.031  1514  1744 W audioserver: Binder 0xb400007957255000 destroyed after setMinSchedulerPolicy before being parceled.
06-08 00:52:26.031  1514  1744 D AudioPolicyManagerCustomImpl: hifiAudio_stopOutputSamplerate() -output = 29, porId = 1851, samplerate = 48000  HifiState = 1,  stream 3, session 19889
06-08 00:52:26.032  1514  1744 D APM_AudioPolicyManager: stopOutput() output 29, stream 3, session 19889
06-08 00:52:26.032  1514  1744 W AudioPolicyManagerCustomImpl: [MTK_APM_Route]setOutputDevices() mIoHandle 29 mId 7 device (0x2)(0x1, 0x2, 0x4, 0x8, 0x10, 0x20, 0x40, 0x80, 0x100, 0x200, 0x4000, 0x4000000, 0x20000000, 0x20000001, 0x20000002) delayMs 84 force 0 size 5
06-08 00:52:26.490  1740  2124 D ULogGuard: Monitoring: 17 threads, 0 requests, 0 time-bombs; 27 guards. ResetFlags = 0x7
06-08 00:52:26.891  1729  1729 W lbs_dbg_ext: Waited for hwservicemanager.ready for a second, waiting another...
06-08 00:52:26.892  1729  1729 W libc    : Access denied finding property "hwservicemanager.disabled"
06-08 00:52:26.888  1729  1729 W binder:1729_2: type=1400 audit(0.0:335376): avc:  denied  { read } for  name="u:object_r:hwservicemanager_prop:s0" dev="tmpfs" ino=256 scontext=u:r:lbs_dbg_ext:s0 tcontext=u:object_r:hwservicemanager_prop:s0 tclass=file permissive=0
06-08 00:52:26.888  1729  1729 W binder:1729_2: type=1400 audit(0.0:335377): avc:  denied  { read } for  name="u:object_r:hwservicemanager_prop:s0" dev="tmpfs" ino=256 scontext=u:r:lbs_dbg_ext:s0 tcontext=u:object_r:hwservicemanager_prop:s0 tclass=file permissive=0
06-08 00:52:26.892  1729  1729 W libc    : Access denied finding property "hwservicemanager.ready"
06-08 00:52:26.893  1729  1729 W libc    : Access denied finding property "hwservicemanager.ready"
06-08 00:52:26.888  1729  1729 W binder:1729_2: type=1400 audit(0.0:335378): avc:  denied  { read } for  name="u:object_r:hwservicemanager_prop:s0" dev="tmpfs" ino=256 scontext=u:r:lbs_dbg_ext:s0 tcontext=u:object_r:hwservicemanager_prop:s0 tclass=file permissive=0
06-08 00:52:26.968  4231  4564 I DynamicVolume: DynamicVolumeService: recordCurrentConfigs: [10500] AppPlayStatusModel(id=0, packageUid=10500, packageName=com.txtt.app, packagePid=18433, processName=, playStatus=0, timeInMillis=1780872746966, formattedDate=8. juni 2026 00:52:26, algoType=0)
06-08 00:52:26.969  4231  4564 I DynamicVolume: DynamicVolumeService: recordCurrentConfigs: End com.txtt.app 10500 allAppsEnded
06-08 00:52:27.035  2581  3078 I vol.Events: writeEvent app_level_changed com.txtt.app 7
06-08 00:52:27.035  2581  3078 I vol.Events: writeEvent app_level_changed com.google.android.apps.tachyon 7
06-08 00:52:27.035  2581  3078 I vol.Events: writeEvent app_level_changed com.facebook.orca 7
06-08 00:52:27.035  2581  3078 I vol.Events: writeEvent app_level_changed com.rhmsoft.pulsar 7
06-08 00:52:27.035  2581  3078 I vol.Events: writeEvent app_level_changed com.microsoft.office.outlook 7
06-08 00:52:27.035  2581  3078 I vol.Events: writeEvent app_level_changed com.instagram.android 7
06-08 00:52:27.035  2581  3078 I vol.Events: writeEvent app_level_changed com.microsoft.emmx 7
06-08 00:52:27.035  2581  3078 I vol.Events: writeEvent app_level_changed com.google.android.googlequicksearchbox 7
06-08 00:52:27.036  2581  3078 I vol.Events: writeEvent app_level_changed com.txtt.app 7
06-08 00:52:27.036  2581  3078 I vol.Events: writeEvent app_level_changed com.txtt.app 7
06-08 00:52:27.104 32078 20287 I NearbyMediums: No BLE Fast/GATT advertisements found in the latest cycle.
06-08 00:52:27.105 32078 20287 I NearbyMediums: Current Tracked Scanning Clients are : {NearbyConnections.EnvironmentMonitor, NearbySharing, NearbyConnections.TxAdvertisement}
06-08 00:52:27.108 32078 20367 I NearbyConnections: Processing lost BlePeripheral BlePeripheral{advertisement=BleAdvertisement { version=2, socketVersion=2, isFast=true, serviceIdHash=null, data=[ 0x23 0x48 0x55 0x47 0x52 0x11 0x32 0x76 0x06 0xcc 0x8b 0x24 0xe3 0xd2 0x35 0xf6 0x0d 0xe7 0x6e 0x63 0x30 0xad 0x46 ], deviceToken=[ 0xc3 0xa3 ], rxAdvertisement=null }, dctAdvertisement=null, address=null, psm=0, deviceToken=<ByteString@2917371 size=2 contents="\303\243">, isSecondProfile=false, rxInstantConnectionAdv=null}.
06-08 00:52:27.108 32078 20367 I NearbyConnections: Lost BleEndpoint for BlePeripheral BlePeripheral{advertisement=BleAdvertisement { version=2, socketVersion=2, isFast=true, serviceIdHash=null, data=[ 0x23 0x48 0x55 0x47 0x52 0x11 0x32 0x76 0x06 0xcc 0x8b 0x24 0xe3 0xd2 0x35 0xf6 0x0d 0xe7 0x6e 0x63 0x30 0xad 0x46 ], deviceToken=[ 0xc3 0xa3 ], rxAdvertisement=null }, dctAdvertisement=null, address=null, psm=0, deviceToken=<ByteString@2917371 size=2 contents="\303\243">, isSecondProfile=false, rxInstantConnectionAdv=null} (with EndpointId HUGR and EndpointInfo [ 0x32 0x76 0x06 0xcc 0x8b 0x24 0xe3 0xd2 0x35 0xf6 0x0d 0xe7 0x6e 0x63 0x30 0xad 0x46 ]).
06-08 00:52:27.108 32078 20367 I NearbyConnections: ClientProxy(239660958) reporting onEndpointLost(HUGR)
06-08 00:52:27.109 32078 20367 I NearbySharing: NearbySharing Internal event EndpointLost(endpointId=HUGR)
06-08 00:52:27.892  1729  1729 W binder:1729_2: type=1400 audit(0.0:335379): avc:  denied  { read } for  name="u:object_r:hwservicemanager_prop:s0" dev="tmpfs" ino=256 scontext=u:r:lbs_dbg_ext:s0 tcontext=u:object_r:hwservicemanager_prop:s0 tclass=file permissive=0
06-08 00:52:27.892  1729  1729 W lbs_dbg_ext: Waited for hwservicemanager.ready for a second, waiting another...
06-08 00:52:27.893  1729  1729 W libc    : Access denied finding property "hwservicemanager.disabled"
06-08 00:52:27.894  1729  1729 W libc    : Access denied finding property "hwservicemanager.ready"
06-08 00:52:27.892  1729  1729 W binder:1729_2: type=1400 audit(0.0:335380): avc:  denied  { read } for  name="u:object_r:hwservicemanager_prop:s0" dev="tmpfs" ino=256 scontext=u:r:lbs_dbg_ext:s0 tcontext=u:object_r:hwservicemanager_prop:s0 tclass=file permissive=0
06-08 00:52:27.894  1729  1729 W libc    : Access denied finding property "hwservicemanager.ready"
06-08 00:52:27.892  1729  1729 W binder:1729_2: type=1400 audit(0.0:335381): avc:  denied  { read } for  name="u:object_r:hwservicemanager_prop:s0" dev="tmpfs" ino=256 scontext=u:r:lbs_dbg_ext:s0 tcontext=u:object_r:hwservicemanager_prop:s0 tclass=file permissive=0
06-08 00:52:28.010  1411  8519 D AudioALSAStreamOut: standby(), flag 4
06-08 00:52:28.010  1411  8519 D AudioALSAStreamOut: standbyStreamOut(), halRequest 0, mDestroy 0, flag 4
06-08 00:52:28.010  1411  8519 D AudioALSAStreamOut: close_l(), flags 4
06-08 00:52:28.010  1411  8519 D AudioALSAStreamOut: closeWavDump(), flag 4, mBytesWavDumpWritten = 0, format = 3, channels = 2, sample_rate = 48000
06-08 00:52:28.010  1411  8519 D AudioALSAHardwareResourceManager: +stopOutputDeviceWithoutNotify(), mOutputDevices = 0x2, mStartOutputDevicesCount = 1
06-08 00:52:28.010  1411  8519 D AudioALSAHardwareResourceManager: motsp:speaker off,CloseSpeakerPath
06-08 00:52:28.010  1411  8519 D MotSpeakerHelper: Speaker OFF
06-08 00:52:28.010  1411  8519 D MotSpeakerHelper: Setting speaker trim 0 (0 dB, 0 dB)
06-08 00:52:28.011  1411  8519 D AudioSmartPaController: +dspOnBoardSpeakerOff()
06-08 00:52:28.011  1411  8519 D AudioDspStreamManager: +stopDevice() Devices 0x2 mOutputDeviceCount 0x1
06-08 00:52:28.011  1411  8519 D WCNChipController: IsBTI2SSupport(), BTChipHWInterface() = 3, ret = 0
06-08 00:52:28.012  1411  8519 D AudioDspStreamManager: dataPassToCodec output_devices = 0x2 mAudioOutputFlags = 4 devicecount = 1 ret = 1
06-08 00:52:28.012  1411  8519 D AudioDspStreamManager: dataPasstoDspAfe output_devices = 0x2 Flags = 4 isUseAdspPlaybackTask = 1 ret = 1
06-08 00:52:28.013  1411  8519 D audio_messenger_ipi: hal send, task: 9, msg_id: 0x10, ack_type: 0, p1: 0x0, p2: 0x0
06-08 00:52:28.013  1411  8519 D AudioDspStreamManager: -triggerDsp task_scene = 9 data_type = 16
06-08 00:52:28.014  1411  8519 D AudioDspStreamManager: stopTasks_l() mDspStreamState = DSP_STREAM_STOP
06-08 00:52:28.015  1411  8519 D AudioDspStreamManager: -stopDevice() Devices 0x2
06-08 00:52:28.018  1411  8519 D AudioALSAPlaybackHandlerDsp: -closePcmDriver(), mPcm = 0x0
06-08 00:52:28.018  1411  8519 D AudioDspStreamManager: removePlaybackHandler() mOutputDeviceCount 0x0
06-08 00:52:28.064  1411  8519 D AudioALSADeviceConfigManager: ApplyDeviceTurnoffSequenceByName(), DeviceName = PLAYBACK11_TO_I2S1 descriptor->DeviceStatusCounter = 1, Ctlsize=4
06-08 00:52:28.066  1411  8519 D AudioALSADeviceConfigManager: ApplyDeviceTurnoffSequenceByName(), DeviceName = TINYCONN_I2S2_TO_CAPTURE4 descriptor->DeviceStatusCounter = 1, Ctlsize=4
06-08 00:52:28.069  1411  8519 D audio_messenger_ipi: hal send, task: 9, msg_id: 0x16, ack_type: 1, p1: 0x0, p2: 0x0
06-08 00:52:28.072  1411  8519 D aurisys_lib_manager: delete_aurisys_lib_manager(), manager 0xb400007d4a8b3a30
06-08 00:52:28.072  1411  8519 D audio_messenger_ipi: audio_ipi_dma_cbk_deregister(), task 9
06-08 00:52:28.074  1411  8519 D AudioALSAPlaybackHandlerBase: ClosePCMDumpDSP() flag 4, task_scene = 9
06-08 00:52:28.074  1411  8519 D AudioDspStreamManager: -closePlaybackTask(), mDspTaskPlaybackActive = 0, mPlaybackUlPcm = 0x0 mPlaybackDlPcm = 0x0, mDspPcm = 0x0
06-08 00:52:28.075  1411  8519 D AudioALSAHardwareResourceManager: notifyOutputDeviceStatusChange(), device = 2, status = 1, sampleRate = 0, mOpenSpeakerPathCount = 0
06-08 00:52:28.075  1411  8519 D AudioALSAStreamManager: speakerStatusChangeCb(), status = 1, sampleRate = 0
06-08 00:52:28.075  1411  8519 D AudioALSAVoiceWakeUpController: updateSpeakerPlaybackStatus(), isSpeakerPlaying = 0
06-08 00:52:28.076  1411  8519 D audio_messenger_ipi: audio_ipi_dma_cbk_deregister(), task 15
06-08 00:52:28.077  1411  8519 D AudioALSAPlaybackHandlerBase: closeWavDump()
06-08 00:52:28.077  1411  8519 D AudioALSAPlaybackHandlerBase: closeWavDump(), flag 4, mBytesWavDumpWritten = 0, format = 3, channels = 2, sample_rate = 48000
06-08 00:52:28.078  1411  8519 D AudioALSAPlaybackHandlerBase: ClosePCMDumpDSP() flag 4, task_scene = 15
06-08 00:52:28.078  1411  8519 D AudioUtility: ~AudioThrottleTimeControl()
06-08 00:52:28.078  1411  8519 D AudioALSAPlaybackHandlerDsp: -close(), flag 0x4, mDevice = 0x2
06-08 00:52:28.079  1411  8519 D AudioUtility: power_hal_hint - custPowerHint 38, data 0
06-08 00:52:28.079  1411  8519 D AudioALSAPlaybackHandlerDsp: ~AudioALSAPlaybackHandlerDsp()
06-08 00:52:28.079  1411  8519 D AudioALSAStreamManager: routingOutputDeviceForIEMs()
06-08 00:52:28.079  1411  8519 D AudioIEMsController: routing(+), cur out 0x0 in 0x0, hs 0, bt 0, usb 0, device 0x2, mask 0x1, on 0
06-08 00:52:28.079  1411  8519 D AudioIEMsController: routing(-), cur out 0x0 in 0x0
06-08 00:52:28.083  2053  4547 D PowerManagerService: nativeReleaseSuspendBlocker name:PowerManagerService.WakeLocks duration ms: 1
06-08 00:52:28.894  1729  1729 W lbs_dbg_ext: Waited for hwservicemanager.ready for a second, waiting another...
06-08 00:52:28.895  1729  1729 W libc    : Access denied finding property "hwservicemanager.disabled"
06-08 00:52:28.896  1729  1729 W libc    : Access denied finding property "hwservicemanager.ready"
06-08 00:52:28.896  1729  1729 W libc    : Access denied finding property "hwservicemanager.ready"
06-08 00:52:28.888  1729  1729 W binder:1729_2: type=1400 audit(0.0:335382): avc:  denied  { read } for  name="u:object_r:hwservicemanager_prop:s0" dev="tmpfs" ino=256 scontext=u:r:lbs_dbg_ext:s0 tcontext=u:object_r:hwservicemanager_prop:s0 tclass=file permissive=0
06-08 00:52:28.892  1729  1729 W binder:1729_2: type=1400 audit(0.0:335383): avc:  denied  { read } for  name="u:object_r:hwservicemanager_prop:s0" dev="tmpfs" ino=256 scontext=u:r:lbs_dbg_ext:s0 tcontext=u:object_r:hwservicemanager_prop:s0 tclass=file permissive=0
06-08 00:52:28.892  1729  1729 W binder:1729_2: type=1400 audit(0.0:335384): avc:  denied  { read } for  name="u:object_r:hwservicemanager_prop:s0" dev="tmpfs" ino=256 scontext=u:r:lbs_dbg_ext:s0 tcontext=u:object_r:hwservicemanager_prop:s0 tclass=file permissive=0
06-08 00:52:29.491  1740  2124 D ULogGuard: Monitoring: 17 threads, 0 requests, 0 time-bombs; 27 guards. ResetFlags = 0x7
06-08 00:52:29.664 24220 24220 I adbd    : adbd service requested 'shell,v2,TERM=xterm-256color:export ANDROID_LOG_TAGS=''; exec logcat '-d' '>' 'C:\TxTt2.05.10\''
06-08 00:52:29.896  1729  1729 W lbs_dbg_ext: Waited for hwservicemanager.ready for a second, waiting another...
06-08 00:52:29.897  1729  1729 W libc    : Access denied finding property "hwservicemanager.disabled"
06-08 00:52:29.897  1729  1729 W libc    : Access denied finding property "hwservicemanager.ready"
06-08 00:52:29.892  1729  1729 W binder:1729_2: type=1400 audit(0.0:335385): avc:  denied  { read } for  name="u:object_r:hwservicemanager_prop:s0" dev="tmpfs" ino=256 scontext=u:r:lbs_dbg_ext:s0 tcontext=u:object_r:hwservicemanager_prop:s0 tclass=file permissive=0
06-08 00:52:29.898  1729  1729 W libc    : Access denied finding property "hwservicemanager.ready"
06-08 00:52:29.892  1729  1729 W binder:1729_2: type=1400 audit(0.0:335386): avc:  denied  { read } for  name="u:object_r:hwservicemanager_prop:s0" dev="tmpfs" ino=256 scontext=u:r:lbs_dbg_ext:s0 tcontext=u:object_r:hwservicemanager_prop:s0 tclass=file permissive=0
06-08 00:52:29.892  1729  1729 W binder:1729_2: type=1400 audit(0.0:335387): avc:  denied  { read } for  name="u:object_r:hwservicemanager_prop:s0" dev="tmpfs" ino=256 scontext=u:r:lbs_dbg_ext:s0 tcontext=u:object_r:hwservicemanager_prop:s0 tclass=file permissive=0
06-08 00:52:30.898  1729  1729 W lbs_dbg_ext: Waited for hwservicemanager.ready for a second, waiting another...
06-08 00:52:30.899  1729  1729 W libc    : Access denied finding property "hwservicemanager.disabled"
06-08 00:52:30.896  1729  1729 W binder:1729_2: type=1400 audit(0.0:335388): avc:  denied  { read } for  name="u:object_r:hwservicemanager_prop:s0" dev="tmpfs" ino=256 scontext=u:r:lbs_dbg_ext:s0 tcontext=u:object_r:hwservicemanager_prop:s0 tclass=file permissive=0
06-08 00:52:30.900  1729  1729 W libc    : Access denied finding property "hwservicemanager.ready"
06-08 00:52:30.896  1729  1729 W binder:1729_2: type=1400 audit(0.0:335389): avc:  denied  { read } for  name="u:object_r:hwservicemanager_prop:s0" dev="tmpfs" ino=256 scontext=u:r:lbs_dbg_ext:s0 tcontext=u:object_r:hwservicemanager_prop:s0 tclass=file permissive=0
06-08 00:52:30.900  1729  1729 W libc    : Access denied finding property "hwservicemanager.ready"
06-08 00:52:30.896  1729  1729 W binder:1729_2: type=1400 audit(0.0:335390): avc:  denied  { read } for  name="u:object_r:hwservicemanager_prop:s0" dev="tmpfs" ino=256 scontext=u:r:lbs_dbg_ext:s0 tcontext=u:object_r:hwservicemanager_prop:s0 tclass=file permissive=0
06-08 00:52:30.958 18433 18482 D AAudio  : AAudioStream_requestStop(s#58) called
06-08 00:52:30.958 18433 18482 D AAudio  : AAudioStream_close(s#58) called ---------------
06-08 00:52:30.958 18433 18482 D AAudioStream: setState(s#58) from 10 to 11
06-08 00:52:30.959 18433 18482 D AudioTrack: stop(1851): 0xb400007391d3a4c0, prior state:STATE_STOPPED, packageName: com.txtt.app
06-08 00:52:30.960 18433 18482 D AudioTrackShared: this(0xb400007271d1dbb0), mCblk(0x74d0f37000), front(1003520), mIsOut 1, interrupt() FUTEX_WAKE
06-08 00:52:30.960 18433 18482 D AudioTrack: ~AudioTrack(1851): 0xb400007391d3a4c0
06-08 00:52:30.963 18433 18482 D AudioTrack: stop(1851): 0xb400007391d3a4c0, prior state:STATE_STOPPED, packageName: com.txtt.app
06-08 00:52:30.966 18433 18482 D AAudioStream: setState(s#58) from 11 to 12
06-08 00:52:30.967 18433 18482 D AAudioStream: ~AudioStream(s#58) mPlayerBase strongCount = 2
06-08 00:52:30.967 18433 18482 D AAudio  : AAudioStream_close(s#58) returned 0 ---------
06-08 00:52:30.971  1514  1744 D APM_AudioPolicyManager: [MTK_APM_Output]releaseOutput() 29 portId 1851
