06-08 00:52:54.448  4432 10259 I AiAiAttention: Max frames per check reached: 11
06-08 00:52:54.448  4432 10259 I AiAiAttention: reportSuccess: 0
06-08 00:52:54.448  4432 10259 I AiAiAttention: maxDistancedSquared: 0.00687352866420099
06-08 00:52:54.449  1424  1424 I OriginChannel: batch: [1,200000000,2000000000]
06-08 00:52:54.449  1456  1506 I libPerfCtl: xgfGetFPS pid:1701 fps:-1
06-08 00:52:54.449  1456  1506 I libPerfCtl: xgfGetFPS pid:2581 fps:-1
06-08 00:52:54.451  4432 10259 I AiAiAttention: completed in 1164 ms using 11 frames; 3 frames had face detected, 3 frames had gaze detected, 0 frames had gaze on screen.
06-08 00:52:54.451  4432 10259 I AiAiAttention: Last face: yaw=65.8, tilt=-23.9, roll=-10.8
06-08 00:52:54.451  4432 10259 E mali_gralloc: Attempt to call unlock*() on an buffer locked with invalid write locks buffer (0xb400007331cb3930)
06-08 00:52:54.451  4432 10259 I gaze    : Trying to close camera
06-08 00:52:54.451  4432 10259 I AiAiAttention: completeOrCancelWithReason
06-08 00:52:54.451  1701  9728 D Camera2ClientBase: Camera 1: start to disconnect
06-08 00:52:54.452  1701  9728 D Camera2ClientBase: Camera 1: serializationLock acquired
06-08 00:52:54.452  1701  9728 D Camera2ClientBase: Camera 1: Shutting down
06-08 00:52:54.452  2053  2823 V AttentionDetector: onSuccess: 0, ID: 182
06-08 00:52:54.453  1740 20466 I RequestRegulator: Cam::1 [signal] VSirq : SofIdx(29180), getSofIdx(29179/1), processed(16<->15), CamsysFrameSequence(15)
06-08 00:52:54.454  1740 17742 W mtkcam-capturesession: [1-CaptureSessionDefault::onGetSharedSteramPoolAllocSize] poolSize 1 -> 0.000000 fail (map is empty) !!
06-08 00:52:54.459  1740 14526 I mtkcam-dev3: [1-session::waitUntilPowerOnDone] +
06-08 00:52:54.459  1740 14526 I mtkcam-dev3: [1-session::waitUntilPowerOnDone] -
06-08 00:52:54.459  1740 14526 I mtkpower_client: perf_lock_acq, hdl:0, dur:500, num:14, pid:1740, tid:14526
06-08 00:52:54.460  1740 14526 I mtkpower_client: ret_hdl:15857
06-08 00:52:54.461  1740 14526 I MtkCam/ppl_context: [beginFlush] + <Default1>
06-08 00:52:54.461  1740 14526 I mtkcam-InFlightRequest: [abort] +
06-08 00:52:54.461  1740 14526 I mtkcam-InFlightRequest: [abort] - frames:{ 14 13 12 11 10 } being aborted (#5 in-flight frames)
06-08 00:52:54.461  1740 14526 I MtkCam/P1NodeImp: [hardwareOps_stop] Cam::1 CamCtrl stop +
06-08 00:52:54.461  1740 14526 W MtkCam/LicenseQueue: [popLicense] Cam 1 NOT have F:14 in licenseQueue
06-08 00:52:54.461  1740 14526 W MtkCam/LicenseQueue: [releaseLicense] [S:1 F:14] license already null !
06-08 00:52:54.461  1740 14526 W MtkCam/LicenseQueue: [releaseLicense] Cam 1 NOT have F:14 in licenseQueue
06-08 00:52:54.461  1740 14526 W MtkCam/LicenseQueue: [popLicense] Cam 1 NOT have F:14 in licenseQueue
06-08 00:52:54.461  1740 14526 W MtkCam/LicenseQueue: [releaseLicense] [S:1 F:14] license already null !
06-08 00:52:54.461  1740 14526 W MtkCam/LicenseQueue: [releaseLicense] Cam 1 NOT have F:14 in licenseQueue
06-08 00:52:54.461  1740 14526 W MtkCam/CamDeliverGuard: [drop] [S:1 F:14] FC not found
06-08 00:52:54.462  1740  2169 I mtkcam-cb: [notifyErrors] input number=14 id=-1 error=3
06-08 00:52:54.462  1740  2169 I mtkcam-cb: [prepareCallbackErrors] request 14 pending error result
06-08 00:52:54.463  1464  1552 I libPowerHal: cmdSetting - unknown cmd:2020000, scmd:(null) ,param_1:31
06-08 00:52:54.463  1464  1552 I libPowerHal: [perfLockAcq] idx:2 hdl:15857 hint:-1 pid:1740 tid:14526 duration:500 lock_user:binder:1740_2 => ret_hdl:15857
06-08 00:52:54.463  1464  1552 I libPowerHal: [setClusterCores] scn:binder:1740_2 set cpu core[0] min:4 max:-1
06-08 00:52:54.464  1464  1552 I libPowerHal: [setClusterCores] scn:binder:1740_2 set cpu core[1] min:4 max:-1
06-08 00:52:54.464  1464  1552 I libPowerHal: [setClusterFreq] binder:1740_2 set cpufreq[0] min:2000000 max:-1 cpufreq[1] min:2500000 max:-1 
06-08 00:52:54.464  1464  1552 I libPowerHal: [setClusterFreq]  set cpu_ctrl cpufreq: 2000000 -1 2500000 -1 
06-08 00:52:54.464  1464  1552 I libPowerHal: [setClusterCores] [CORE_CTL_SET_LIMIT_CPUS] cid:0 min:4 max:4
06-08 00:52:54.464  1464  1552 I libPowerHal: [setClusterCores] [CORE_CTL_SET_LIMIT_CPUS] cid:1 min:4 max:4
06-08 00:52:54.464  1464  1552 I libPowerHal: [setClusterCores] binder:1740_2: set core_ctrl: 4 -1 4 -1 
06-08 00:52:54.464  1464  1552 I libPowerHal: [PE] binder:1740_2 update cmd:1404100, param:1
06-08 00:52:54.464  1464  1552 I libPowerHal: [PE] binder:1740_2 update cmd:1404300, param:1
06-08 00:52:54.466  1464  1552 I libPowerHal: [setDvfsrcDevFreqOpp] opp:0, freq:4212000000
06-08 00:52:54.466  1464  1552 I libPowerHal: [PE] binder:1740_2 update cmd:1000000 param:0
06-08 00:52:54.471  1740 20461 E MtkCam/V4L2VideoNode: [GrabFrame] invalid device state 3  (GrabFrame){#747:vendor/mediatek/proprietary/hardware/mtkcam-core/hw/camsys/pipe_mgr/isp7sp/mc/v4l2_device/v4l2_video_node.cpp}
06-08 00:52:54.471  1740 20461 E MtkCam/PipeStream: [dequeWithoutPoll] grabFrame failed(Invalid argument) (dequeWithoutPoll){#1151:vendor/mediatek/proprietary/hardware/mtkcam-core/hw/camsys/pipe_mgr/isp7sp/PipeStream.cpp}
06-08 00:52:54.471  1740 20461 E MtkCam/V4L2VideoNode: [GrabFrame] invalid device state 3  (GrabFrame){#747:vendor/mediatek/proprietary/hardware/mtkcam-core/hw/camsys/pipe_mgr/isp7sp/mc/v4l2_device/v4l2_video_node.cpp}
06-08 00:52:54.471  1740 20461 E MtkCam/PipeStream: [dequeWithoutPoll] grabFrame failed(Invalid argument) (dequeWithoutPoll){#1151:vendor/mediatek/proprietary/hardware/mtkcam-core/hw/camsys/pipe_mgr/isp7sp/PipeStream.cpp}
06-08 00:52:54.471  1740  2185 I MtkCam/CCD: masterservice src: 1 destroy
06-08 00:52:54.472  1740 20461 I mtkpower_client: perf_lock_rel, hdl:15856, tid:20461
06-08 00:52:54.472  1740 20465 I MtkCam/CCD: workerservice src: 1 exit
06-08 00:52:54.472  1740 14526 W MtkCam/SensorPipe: [get] sensorId(999) There is no in-flight job in PipeJobQue, do nothing
06-08 00:52:54.472  1740 14526 W MtkCam/PipeMgr: [stop] PipeStream with sensorId(1) is already IDLE
06-08 00:52:54.472  1464  1552 I libPowerHal: [perfLockRel] hdl:15856, idx:6
06-08 00:52:54.473  1740 14526 W MtkCam/LicenseQueue: [popLicense] Cam 1 NOT have F:11 in licenseQueue
06-08 00:52:54.473  1740 14526 W MtkCam/LicenseQueue: [releaseLicense] [S:1 F:11] license already null !
06-08 00:52:54.473  1740 14526 W MtkCam/LicenseQueue: [releaseLicense] Cam 1 NOT have F:11 in licenseQueue
06-08 00:52:54.473  1740 14526 W MtkCam/CamDeliverGuard: [drop] [S:1 F:11] FC not found
06-08 00:52:54.473  1740 20449 W MtkCam/P2/MWFrame: [acquireMeta] P2S cam 1 MWFrame:#11 MWReq:#11, frame 12 : metaStreamBuffer:Hal:Meta:P1:Dynamic_1 tryLock success but has bad status:3
06-08 00:52:54.473  1740 20449 E P2CBHandler: [doAcquire]DoAcquire Fail METADATAPTR, meta(0x0), meta ok(0) (doAcquire){#110:vendor/mediatek/proprietary/hardware/mtkcam-core/feature/common/utils/p2/P2CBHandler.cpp}
06-08 00:52:54.473  1740 20449 W MtkCam/P2/MWFrame: [acquireMeta] P2S cam 1 MWFrame:#11 MWReq:#11, frame 12 : metaStreamBuffer:App:Meta:P1:Dynamic_1 tryLock success but has bad status:3
06-08 00:52:54.473  1740 20449 E P2CBHandler: [doAcquire]DoAcquire Fail METADATAPTR, meta(0x0), meta ok(0) (doAcquire){#110:vendor/mediatek/proprietary/hardware/mtkcam-core/feature/common/utils/p2/P2CBHandler.cpp}
06-08 00:52:54.473  1740 20449 W MtkCam/P2/MWFrame: [acquireImageHeap] P2S cam 1 MWFrame:#11 MWReq:#11, frame 12 : imageStreamBuffer:Hal:Image:P1:YuvR1_1 tryLock success but has bad status:3
06-08 00:52:54.473  1740 20449 W MtkCam/P2/MWStream: [operator()]Heap Acquisition error!
06-08 00:52:54.473  1740 20449 E P2CBHandler: [doAcquire]DoAcquire Fail BUFFERPTRs, Buffer size(0), buffer ok(0) (doAcquire){#85:vendor/mediatek/proprietary/hardware/mtkcam-core/feature/common/utils/p2/P2CBHandler.cpp}
06-08 00:52:54.473  1740 20449 W MtkCam/P2/MWFrame: [acquireImageHeap] P2S cam 1 MWFrame:#11 MWReq:#11, frame 12 : imageStreamBuffer:Hal:Image:P1:YuvR2_1 tryLock success but has bad status:3
06-08 00:52:54.473  1740 20449 W MtkCam/P2/MWStream: [operator()]Heap Acquisition error!
06-08 00:52:54.473  1740 20449 E P2CBHandler: [doAcquire]DoAcquire Fail BUFFERPTRs, Buffer size(0), buffer ok(0) (doAcquire){#85:vendor/mediatek/proprietary/hardware/mtkcam-core/feature/common/utils/p2/P2CBHandler.cpp}
06-08 00:52:54.473  1740 20449 W MtkCam/P2/MWFrame: [acquireImageHeap] P2S cam 1 MWFrame:#11 MWReq:#11, frame 12 : imageStreamBuffer:Hal:Image:RSSO_1 tryLock success but has bad status:3
06-08 00:52:54.473  1740 20449 W MtkCam/P2/MWStream: [operator()]Heap Acquisition error!
06-08 00:52:54.473  1740 20449 E P2CBHandler: [doAcquire]DoAcquire Fail BUFFERPTRs, Buffer size(0), buffer ok(0) (doAcquire){#85:vendor/mediatek/proprietary/hardware/mtkcam-core/feature/common/utils/p2/P2CBHandler.cpp}
06-08 00:52:54.473  1740 20449 W MtkCam/StreamingPipe/Data: [updateResult] P2S cam 1 MWFrame:#11 MWReq:#11, frame 12-12 :Result update ERROR!
06-08 00:52:54.473  1740 20449 W MtkCam/StreamingPipe/Data: [updateP1Data]Drop frame, both sensor drop
06-08 00:52:54.473  1740 20449 W MtkCam/StreamingPipe/Pipe: [enque]StreamingFeaturepipe drop frame!
06-08 00:52:54.473  1740 20449 W MtkCam/StreamingPipe/NextIO: [checkAllDone](fpipe.g_p2a) NextIO not processed: (user = fpipe.tpi.0.MOT_FEATURE_HDRD.26)
06-08 00:52:54.473  1740 20449 W MtkCam/StreamingPipe/NextIO: [checkAllDone](fpipe.vmdp_p) OutIO not processed: (stream = preview)
06-08 00:52:54.473  1740 20449 W MtkCam/P2/StreamingProcessor: [releasebySensorID]ME0Mgr release sensor(1) cache!
06-08 00:52:54.473  1740 20449 W MtkCam/P2/StreamingProcessor: [processP2] P2S cam 1 MWFrame:#11 MWReq:#11, frame 12-0 : enque failed
06-08 00:52:54.473  1740 20449 W MtkCam/P2/StreamingData: [updateBufferResult] P2S cam 1 MWFrame:#11 MWReq:#11, frame 12-0 : Buffer update ERROR!
06-08 00:52:54.473  1740 20449 E MtkCam/P2/StreamingProcessor: [onEnque] P2S cam 1 MWFrame:#11 MWReq:#11, frame 12-0 : processP2 failed !! (onEnque){#834:vendor/mediatek/proprietary/hardware/mtkcam-core/pipeline/hwnode/p2/P2_StreamingProcessor.cpp}
06-08 00:52:54.473  1740 14526 W MtkCam/LicenseQueue: [popLicense] Cam 1 NOT have F:12 in licenseQueue
06-08 00:52:54.473  1740 14526 W MtkCam/LicenseQueue: [releaseLicense] [S:1 F:12] license already null !
06-08 00:52:54.473  1740 14526 W MtkCam/LicenseQueue: [releaseLicense] Cam 1 NOT have F:12 in licenseQueue
06-08 00:52:54.473  1740 14526 W MtkCam/CamDeliverGuard: [drop] [S:1 F:12] FC not found
06-08 00:52:54.473  1740  2175 I mtkcam-cb: [notifyErrors] input number=11 id=-1 error=3
06-08 00:52:54.473  1740 20416 E MtkCam/FdProcessor: [onProcessFrame] Read MTK_HAL_REQUEST_SENSOR_SIZE fail (onProcessFrame){#1639:vendor/mediatek/proprietary/hardware/mtkcam-core/pipeline/hwnode/DetectNode/processor/fd/FDProcessor.cpp}
06-08 00:52:54.473  1740  2175 I mtkcam-cb: [prepareCallbackErrors] request 11 pending error result
06-08 00:52:54.473  1740 20416 I MtkCam/FdProcessor: [RunFaceDetection] check FD frame timestamp : 70801593468000
06-08 00:52:54.473  1740 20416 I MtkCam/FdProcessor: [RunFaceDetection] check FD count : 270, duration : 0
06-08 00:52:54.473  1464  1552 I libPowerHal: [PD] binder:1740_2 update ONESHOT(unset) cmd:1448300 param:20461
06-08 00:52:54.473  1740 20413 W MtkCam/P1NodeImp: [deliverThread] F(11) Cam(1) already dispatch
06-08 00:52:54.473  1740 14526 W MtkCam/LicenseQueue: [popLicense] Cam 1 NOT have F:13 in licenseQueue
06-08 00:52:54.473  1740 14526 W MtkCam/LicenseQueue: [releaseLicense] [S:1 F:13] license already null !
06-08 00:52:54.473  1740 14526 W MtkCam/LicenseQueue: [releaseLicense] Cam 1 NOT have F:13 in licenseQueue
06-08 00:52:54.473  1740  2175 W CallbackCore: [ACbAdptor-1-FrameHandler::updateMetaItem] [frameNumber 11] already receive error buffer, ignore meta
06-08 00:52:54.473  1740 14526 W MtkCam/CamDeliverGuard: [drop] [S:1 F:13] FC not found
06-08 00:52:54.473  1740  2175 I mtkcam-cb: [notifyErrors] input number=12 id=-1 error=3
06-08 00:52:54.473  1740 20413 W MtkCam/P1NodeImp: [deliverThread] F(12) Cam(1) already dispatch
06-08 00:52:54.473  1740  2175 I mtkcam-cb: [prepareCallbackErrors] request 12 pending error result
06-08 00:52:54.473  1740  2175 W CallbackCore: [ACbAdptor-1-FrameHandler::operator()] [Image Stream Buffer] Error happens - frameNumber:11 streamId:0x0
06-08 00:52:54.473  1740  2175 I mtkcam-cb: [notifyErrors] input number=13 id=-1 error=3
06-08 00:52:54.473  1740 20413 W MtkCam/P1NodeImp: [deliverThread] F(13) Cam(1) already dispatch
06-08 00:52:54.473  1740  2175 I mtkcam-cb: [prepareCallbackErrors] request 13 pending error result
06-08 00:52:54.473  1740  2175 I CallbackCore: [ACbAdptor-1-FrameHandler::prepareErrorFrame] [frameNumber 11] request error
06-08 00:52:54.473  1740 20413 I MtkCam/P2/MWFrame: [releaseFrameStream] P2S cam 1 MWFrame:#14 MWReq:#14, frame 0 : Node0x1500 Flush FrameNo(14)
06-08 00:52:54.473  1740 20413 W MtkCam/streambuf: [markUserStatus] Hal:Meta:P2S:Dynamic:0x1000000000000026:0xb400006ee6b6f580 producer:0x1500 released w/o using -> ERROR buffer - user status:0x8:0x8
06-08 00:52:54.473  1740 20413 W MtkCam/streambuf: [markUserStatus] App:Meta:P2S:Dynamic:0x1000000000000061:0xb400006ee6bec400 producer:0x1500 released w/o using -> ERROR buffer - user status:0x8:0x8
06-08 00:52:54.473  1740 20413 W MtkCam/streambuf: [markUserStatus] s0:d1:App:NV21:0|SW_READ_OFTEN|SW_WRITE_OFTEN|HW_CAMERA_WRITE:0:0xb400006ed6775d70 producer:0x1500 released w/o using -> ERROR buffer - user status:0x8:0x8
06-08 00:52:54.473  1740  2175 W CallbackCore: [ACbAdptor-1-FrameHandler::removeFrameParcel] frameNumber 11 is removed before shutter callbacked, there MUST have error frames or meta be sent for the request
06-08 00:52:54.473  1740 20449 W MtkCam/P2/MWFrame: [acquireMeta] P2S cam 1 MWFrame:#12 MWReq:#12, frame 13 : metaStreamBuffer:Hal:Meta:P1:Dynamic_1 tryLock success but has bad status:3
06-08 00:52:54.473  1740 20449 E P2CBHandler: [doAcquire]DoAcquire Fail METADATAPTR, meta(0x0), meta ok(0) (doAcquire){#110:vendor/mediatek/proprietary/hardware/mtkcam-core/feature/common/utils/p2/P2CBHandler.cpp}
06-08 00:52:54.473  1740 20449 W MtkCam/P2/MWFrame: [acquireMeta] P2S cam 1 MWFrame:#12 MWReq:#12, frame 13 : metaStreamBuffer:App:Meta:P1:Dynamic_1 tryLock success but has bad status:3
06-08 00:52:54.473  1740 20449 E P2CBHandler: [doAcquire]DoAcquire Fail METADATAPTR, meta(0x0), meta ok(0) (doAcquire){#110:vendor/mediatek/proprietary/hardware/mtkcam-core/feature/common/utils/p2/P2CBHandler.cpp}
06-08 00:52:54.473  1740 20449 W MtkCam/P2/MWFrame: [acquireImageHeap] P2S cam 1 MWFrame:#12 MWReq:#12, frame 13 : imageStreamBuffer:Hal:Image:P1:YuvR1_1 tryLock success but has bad status:3
06-08 00:52:54.473  1740 20449 W MtkCam/P2/MWStream: [operator()]Heap Acquisition error!
06-08 00:52:54.473  1740 20449 E P2CBHandler: [doAcquire]DoAcquire Fail BUFFERPTRs, Buffer size(0), buffer ok(0) (doAcquire){#85:vendor/mediatek/proprietary/hardware/mtkcam-core/feature/common/utils/p2/P2CBHandler.cpp}
06-08 00:52:54.473  1740 20449 W MtkCam/P2/MWFrame: [acquireImageHeap] P2S cam 1 MWFrame:#12 MWReq:#12, frame 13 : imageStreamBuffer:Hal:Image:P1:YuvR2_1 tryLock success but has bad status:3
06-08 00:52:54.473  1740 20449 W MtkCam/P2/MWStream: [operator()]Heap Acquisition error!
06-08 00:52:54.473  1740 20449 E P2CBHandler: [doAcquire]DoAcquire Fail BUFFERPTRs, Buffer size(0), buffer ok(0) (doAcquire){#85:vendor/mediatek/proprietary/hardware/mtkcam-core/feature/common/utils/p2/P2CBHandler.cpp}
06-08 00:52:54.473  1740 20449 W MtkCam/P2/MWFrame: [acquireImageHeap] P2S cam 1 MWFrame:#12 MWReq:#12, frame 13 : imageStreamBuffer:Hal:Image:RSSO_1 tryLock success but has bad status:3
06-08 00:52:54.473  1740  2175 W CallbackCore: [ACbAdptor-1-FrameHandler::getSafeFrameParcel] frameNumber11is not in FrameMap; FrameMap: 12 13 14
06-08 00:52:54.473  1740 20449 W MtkCam/P2/MWStream: [operator()]Heap Acquisition error!
06-08 00:52:54.473  1740 20449 E P2CBHandler: [doAcquire]DoAcquire Fail BUFFERPTRs, Buffer size(0), buffer ok(0) (doAcquire){#85:vendor/mediatek/proprietary/hardware/mtkcam-core/feature/common/utils/p2/P2CBHandler.cpp}
06-08 00:52:54.473  1740 20449 W MtkCam/StreamingPipe/Data: [updateResult] P2S cam 1 MWFrame:#12 MWReq:#12, frame 13-12 :Result update ERROR!
06-08 00:52:54.473  1740 20449 W MtkCam/StreamingPipe/Data: [updateP1Data]Drop frame, both sensor drop
06-08 00:52:54.473  1740 20413 W MtkCam/streambuf: [markUserStatus] App:Meta:FD_1:0x10000000000000aa:0xb400006ee6ba3300 producer:0x1601 released w/o using -> ERROR buffer - user status:0x8:0x8
06-08 00:52:54.473  1740  2175 W CallbackCore: [ACbAdptor-1-FrameHandler::updateMessageItem] frameNumber 11, update message failed
06-08 00:52:54.473  1740 20449 W MtkCam/StreamingPipe/Pipe: [enque]StreamingFeaturepipe drop frame!
06-08 00:52:54.473  1740 20449 W MtkCam/StreamingPipe/NextIO: [checkAllDone](fpipe.g_p2a) NextIO not processed: (user = fpipe.tpi.0.MOT_FEATURE_HDRD.26)
06-08 00:52:54.473  1740 20449 W MtkCam/StreamingPipe/NextIO: [checkAllDone](fpipe.vmdp_p) OutIO not processed: (stream = preview)
06-08 00:52:54.473  1740  2175 W CallbackCore: [ACbAdptor-1-FrameHandler::updateMessageItem] [frameNumber 14] receive result error before, ignore
06-08 00:52:54.473  1740 20449 W MtkCam/P2/StreamingProcessor: [releasebySensorID]ME0Mgr release sensor(1) cache!
06-08 00:52:54.474  1740 20449 W MtkCam/P2/StreamingProcessor: [processP2] P2S cam 1 MWFrame:#12 MWReq:#12, frame 13-0 : enque failed
06-08 00:52:54.474  1740 20449 W MtkCam/P2/StreamingData: [updateBufferResult] P2S cam 1 MWFrame:#12 MWReq:#12, frame 13-0 : Buffer update ERROR!
06-08 00:52:54.474  1740  2175 W CallbackCore: [ACbAdptor-1-FrameHandler::getSafeFrameParcel] frameNumber11is not in FrameMap; FrameMap: 12 13 14
06-08 00:52:54.474  1740 20449 E MtkCam/P2/StreamingProcessor: [onEnque] P2S cam 1 MWFrame:#12 MWReq:#12, frame 13-0 : processP2 failed !! (onEnque){#834:vendor/mediatek/proprietary/hardware/mtkcam-core/pipeline/hwnode/p2/P2_StreamingProcessor.cpp}
06-08 00:52:54.474  1740  2175 W CallbackCore: [ACbAdptor-1-FrameHandler::updateMetaItem] reqeustNo 11, update meta failed
06-08 00:52:54.474  1740  2175 W CallbackCore: [ACbAdptor-1-FrameHandler::operator()] [Image Stream Buffer] Error happens - frameNumber:14 streamId:0x0
06-08 00:52:54.474  1740  2175 I CallbackCore: [ACbAdptor-1-FrameHandler::prepareErrorFrame] [frameNumber 14] request error
06-08 00:52:54.474  1740  2175 W CallbackCore: [ACbAdptor-1-FrameHandler::removeFrameParcel] frameNumber 14 is removed before shutter callbacked, there MUST have error frames or meta be sent for the request
06-08 00:52:54.474  1740  2175 W CallbackCore: [ACbAdptor-1-FrameHandler::updateMessageItem] [frameNumber 12] receive result error before, ignore
06-08 00:52:54.474  1740  2175 W CallbackCore: [ACbAdptor-1-FrameHandler::getSafeFrameParcel] frameNumber14is not in FrameMap; FrameMap: 12 13
06-08 00:52:54.474  1740  2175 W CallbackCore: [ACbAdptor-1-FrameHandler::updateMessageItem] frameNumber 14, update message failed
06-08 00:52:54.474  1740  2175 W CallbackCore: [ACbAdptor-1-FrameHandler::getSafeFrameParcel] frameNumber14is not in FrameMap; FrameMap: 12 13
06-08 00:52:54.474  1740 20449 W MtkCam/P2/MWFrame: [acquireMeta] P2S cam 1 MWFrame:#13 MWReq:#13, frame 14 : metaStreamBuffer:Hal:Meta:P1:Dynamic_1 tryLock success but has bad status:3
06-08 00:52:54.474  1740  2175 W CallbackCore: [ACbAdptor-1-FrameHandler::updateMetaItem] reqeustNo 14, update meta failed
06-08 00:52:54.474  1740 20449 E P2CBHandler: [doAcquire]DoAcquire Fail METADATAPTR, meta(0x0), meta ok(0) (doAcquire){#110:vendor/mediatek/proprietary/hardware/mtkcam-core/feature/common/utils/p2/P2CBHandler.cpp}
06-08 00:52:54.474  1740 20449 W MtkCam/P2/MWFrame: [acquireMeta] P2S cam 1 MWFrame:#13 MWReq:#13, frame 14 : metaStreamBuffer:App:Meta:P1:Dynamic_1 tryLock success but has bad status:3
06-08 00:52:54.474  1740 20449 E P2CBHandler: [doAcquire]DoAcquire Fail METADATAPTR, meta(0x0), meta ok(0) (doAcquire){#110:vendor/mediatek/proprietary/hardware/mtkcam-core/feature/common/utils/p2/P2CBHandler.cpp}
06-08 00:52:54.474  1740  2175 W CallbackCore: [ACbAdptor-1-FrameHandler::operator()] [Image Stream Buffer] Error happens - frameNumber:12 streamId:0x0
06-08 00:52:54.474  1740 20449 W MtkCam/P2/MWFrame: [acquireImageHeap] P2S cam 1 MWFrame:#13 MWReq:#13, frame 14 : imageStreamBuffer:Hal:Image:P1:YuvR1_1 tryLock success but has bad status:3
06-08 00:52:54.474  1740 20449 W MtkCam/P2/MWStream: [operator()]Heap Acquisition error!
06-08 00:52:54.474  1740 20449 E P2CBHandler: [doAcquire]DoAcquire Fail BUFFERPTRs, Buffer size(0), buffer ok(0) (doAcquire){#85:vendor/mediatek/proprietary/hardware/mtkcam-core/feature/common/utils/p2/P2CBHandler.cpp}
06-08 00:52:54.474  1740 20449 W MtkCam/P2/MWFrame: [acquireImageHeap] P2S cam 1 MWFrame:#13 MWReq:#13, frame 14 : imageStreamBuffer:Hal:Image:P1:YuvR2_1 tryLock success but has bad status:3
06-08 00:52:54.474  1740 20449 W MtkCam/P2/MWStream: [operator()]Heap Acquisition error!
06-08 00:52:54.474  1740 20449 E P2CBHandler: [doAcquire]DoAcquire Fail BUFFERPTRs, Buffer size(0), buffer ok(0) (doAcquire){#85:vendor/mediatek/proprietary/hardware/mtkcam-core/feature/common/utils/p2/P2CBHandler.cpp}
06-08 00:52:54.474  1740 20449 W MtkCam/P2/MWFrame: [acquireImageHeap] P2S cam 1 MWFrame:#13 MWReq:#13, frame 14 : imageStreamBuffer:Hal:Image:RSSO_1 tryLock success but has bad status:3
06-08 00:52:54.474  1740 20449 W MtkCam/P2/MWStream: [operator()]Heap Acquisition error!
06-08 00:52:54.474  1740 20449 E P2CBHandler: [doAcquire]DoAcquire Fail BUFFERPTRs, Buffer size(0), buffer ok(0) (doAcquire){#85:vendor/mediatek/proprietary/hardware/mtkcam-core/feature/common/utils/p2/P2CBHandler.cpp}
06-08 00:52:54.474  1740 20449 W MtkCam/StreamingPipe/Data: [updateResult] P2S cam 1 MWFrame:#13 MWReq:#13, frame 14-12 :Result update ERROR!
06-08 00:52:54.474  1740 20449 W MtkCam/StreamingPipe/Data: [updateP1Data]Drop frame, both sensor drop
06-08 00:52:54.474  1740  2175 I CallbackCore: [ACbAdptor-1-FrameHandler::prepareErrorFrame] [frameNumber 12] request error
06-08 00:52:54.474  1740 20449 W MtkCam/StreamingPipe/Pipe: [enque]StreamingFeaturepipe drop frame!
06-08 00:52:54.474  1740 20449 W MtkCam/StreamingPipe/NextIO: [checkAllDone](fpipe.g_p2a) NextIO not processed: (user = fpipe.tpi.0.MOT_FEATURE_HDRD.26)
06-08 00:52:54.474  1740 20449 W MtkCam/StreamingPipe/NextIO: [checkAllDone](fpipe.vmdp_p) OutIO not processed: (stream = preview)
06-08 00:52:54.474  1740 20449 W MtkCam/P2/StreamingProcessor: [releasebySensorID]ME0Mgr release sensor(1) cache!
06-08 00:52:54.474  1740 20449 W MtkCam/P2/StreamingProcessor: [processP2] P2S cam 1 MWFrame:#13 MWReq:#13, frame 14-0 : enque failed
06-08 00:52:54.474  1740 20449 W MtkCam/P2/StreamingData: [updateBufferResult] P2S cam 1 MWFrame:#13 MWReq:#13, frame 14-0 : Buffer update ERROR!
06-08 00:52:54.474  1740 20449 E MtkCam/P2/StreamingProcessor: [onEnque] P2S cam 1 MWFrame:#13 MWReq:#13, frame 14-0 : processP2 failed !! (onEnque){#834:vendor/mediatek/proprietary/hardware/mtkcam-core/pipeline/hwnode/p2/P2_StreamingProcessor.cpp}
06-08 00:52:54.474  1740  2175 W CallbackCore: [ACbAdptor-1-FrameHandler::removeFrameParcel] frameNumber 12 is removed before shutter callbacked, there MUST have error frames or meta be sent for the request
06-08 00:52:54.474  1740  2175 W CallbackCore: [ACbAdptor-1-FrameHandler::operator()] [Image Stream Buffer] Error happens - frameNumber:13 streamId:0x0
06-08 00:52:54.474  1740  2175 I CallbackCore: [ACbAdptor-1-FrameHandler::prepareErrorFrame] [frameNumber 13] request error
06-08 00:52:54.474  1740  2175 W CallbackCore: [ACbAdptor-1-FrameHandler::removeFrameParcel] frameNumber 13 is removed before shutter callbacked, there MUST have error frames or meta be sent for the request
06-08 00:52:54.475  1740 14526 I Hal3AImp_v1_0: [Stop] [idx(1)] LIFE_CYCLE [594]
06-08 00:52:54.475  1740 14526 D AppAISHUTTERME: Reset
06-08 00:52:54.475  1740 14526 D AppAISHUTTERME: destroyInstance
06-08 00:52:54.475  1740 14526 D AppAISHUTTERME: destructor
06-08 00:52:54.475  1701 20391 D CameraService: finishCameraStreamingOps: finishDataDelivery for uid 10192
06-08 00:52:54.476  2724  9351 D NfcService: setReaderMode: uid=1000, packageName: android, flags: 0
06-08 00:52:54.477  2724  9351 E NfcService: setReaderMode: Reader mode Binder was never registered
06-08 00:52:54.478  1740 14526 I FrameInfoMgr: [uninit] [idx(1)] +
06-08 00:52:54.478  1740 14526 I FrameInfoMgr: [uninit] [idx(1)] LIFE_CYCLE release frame 150000000d while use count > 1
06-08 00:52:54.478  1740 14526 I Hal3AFlowCtrl_v1.0: [_Stop] [idx(1)] [MeUtil] MECli has stopped
06-08 00:52:54.478  2724  2852 D NfcEventLog: writeLogFile: mLogFile is null? false
06-08 00:52:54.479  2724  2852 D NfcEventLog: writeLogFile: out is null? false
06-08 00:52:54.487  1740 14526 I MtkCam/P1NodeImp: [hardwareOps_stop] Cam::1 CamCtrl stop -
06-08 00:52:54.487  1740 14526 I MtkCam/P1NodeImp: [hardwareOps_stop] Cam::1 CamCtrl uninit +
06-08 00:52:54.487  1740 14526 I MtkCam/P1NodeImp: [hardwareOps_stop] Cam::1 CamCtrl uninit -
06-08 00:52:54.488  1740 14526 W MtkCam/P1NodeImp: [handleFlush] Waiting....
06-08 00:52:54.488  1740 14526 I BaseDetectProcessor: [flush] [Sensor: 1] +
06-08 00:52:54.488  1740 14526 I BaseDetectProcessor: [flush] [Sensor: 1] -
06-08 00:52:54.489  1740 14526 W MtkCam/streambuf: [markUserStatus] App:Meta:FD_1:0x10000000000000aa:0xb400006ee6b7ce80 producer:0x1601 released w/o using -> ERROR buffer - user status:0x8:0x9
06-08 00:52:54.489  1740 14526 W MtkCam/streambuf: [markUserStatus] App:Meta:FD_1:0x10000000000000aa:0xb400006ee6bd4300 producer:0x1601 released w/o using -> ERROR buffer - user status:0x8:0x9
06-08 00:52:54.489  1740 14526 W mtkcam-pipeline: [getBufferLockedImp] [ requestNo:11 frameNo:11 streamId:0x10000000000000aa ] cannot find from map
06-08 00:52:54.489  1740 14526 W mtkcam-pipeline: [getBufferLocked] [ requestNo:11 frameNo:11 streamId:0x10000000000000aa nodeId:0x1601 ] NULL buffer
06-08 00:52:54.489  1740 20416 W Hal3AFlowCtrl_v1.0: [setFDInfo] [idx(1)] LIFE_CYCLE stage(3) is not allowed !
06-08 00:52:54.489  1740 20416 W MtkCam/DetectNode: [callback] Frame 11 does not exist in frame map, could be erase due to flush
06-08 00:52:54.489  1740 14526 I MtkCam/P2/CaptureProcessor: [onWaitFlush] P2C cam 1: (0xb400006fd676df80) flush +, bgPreRelease:0
06-08 00:52:54.489  1740 14526 I MtkCam/P2/CaptureProcessor: [onWaitFlush] P2C cam 1: flush -
06-08 00:52:54.489  1740 14526 I MtkCam/ppl_context: [beginFlush] - <Default1>
06-08 00:52:54.489  1740 14526 I mtkcam-dev3-utils: [1-MtkSBProvider::endFlush] remaining buffers, StmId=0x0, buffers.size=0
06-08 00:52:54.489  1740 14526 I MtkCam/ppl_context: [endFlush] + <Default1>
06-08 00:52:54.489  1740 14526 I mtkcam-InFlightRequest: [waitUntilDrained] +
06-08 00:52:54.489  1740 14526 I mtkcam-InFlightRequest: [waitUntilDrained] -
06-08 00:52:54.489  1740 14526 I MtkCam/ppl_context: [endFlush] - <Default1>
06-08 00:52:54.489  1740 14526 I mtkcam-PreReleaseRequest: [dump] ========== dump PreReleaseRequestMgr ===========
06-08 00:52:54.489  1740 14526 I mtkcam-PreReleaseRequest: [dump] ========== dump InFlightRequests(0) ============
06-08 00:52:54.489  1740 14526 I mtkcam-PreReleaseRequest: [dump] ========== dump PendingRequests(0) ============
06-08 00:52:54.489  1740 14526 I mtkcam-dev3: [1-session::flush] tryrun -
06-08 00:52:54.490  1701  9728 I Camera3-Device: disconnectImpl: E
06-08 00:52:54.490  1701  9728 I CameraLatencyHistogram: ProcessCaptureRequest latency histogram (15) samples:
06-08 00:52:54.490  1701  9728 I CameraLatencyHistogram:        40     80    120    160    200    240    280    320    360    inf (max ms)
06-08 00:52:54.490  1701  9728 I CameraLatencyHistogram:      6.67   80.00   0.00   13.33   0.00   0.00   0.00   0.00   0.00   0.00 (%)
06-08 00:52:54.490  1740 14526 I mtkcam-dev3: [1-session::waitUntilPowerOnDone] +
06-08 00:52:54.490  1740 14526 I mtkcam-dev3: [1-session::waitUntilPowerOnDone] -
06-08 00:52:54.490  1740 14526 I mtkpower_client: perf_lock_acq, hdl:0, dur:1000, num:14, pid:1740, tid:14526
06-08 00:52:54.490  1740 14526 I mtkpower_client: ret_hdl:15858
06-08 00:52:54.490  1740 14526 I mtkcam-devicemgr: [getVirtualDeviceLocked] device name: 1
06-08 00:52:54.490  1740 14526 I MtkCam/ppl_context: [beginFlush] + <Default1>
06-08 00:52:54.490  1740 14526 I mtkcam-InFlightRequest: [abort] +
06-08 00:52:54.490  1740 14526 I mtkcam-InFlightRequest: [abort] - frames:{ } being aborted (#0 in-flight frames)
06-08 00:52:54.490  1740 14526 W MtkCam/P1NodeImp: [handleFlush] Waiting....
06-08 00:52:54.490  1740 14526 I BaseDetectProcessor: [flush] [Sensor: 1] +
06-08 00:52:54.490  1740 14526 I BaseDetectProcessor: [flush] [Sensor: 1] -
06-08 00:52:54.491  1740 14526 I MtkCam/P2/CaptureProcessor: [onWaitFlush] P2C cam 1: (0xb400006fd676df80) flush +, bgPreRelease:0
06-08 00:52:54.491  1740 14526 I MtkCam/P2/CaptureProcessor: [onWaitFlush] P2C cam 1: flush -
06-08 00:52:54.491  1740 14526 I MtkCam/ppl_context: [beginFlush] - <Default1>
06-08 00:52:54.491  1740 14526 I mtkcam-dev3-utils: [1-MtkSBProvider::endFlush] remaining buffers, StmId=0x0, buffers.size=0
06-08 00:52:54.491  1740 14526 I MtkCam/ppl_context: [endFlush] + <Default1>
06-08 00:52:54.491  1740 14526 I mtkcam-InFlightRequest: [waitUntilDrained] +
06-08 00:52:54.491  1740 14526 I mtkcam-InFlightRequest: [waitUntilDrained] -
06-08 00:52:54.491  1740 14526 I MtkCam/ppl_context: [endFlush] - <Default1>
06-08 00:52:54.491  1740 14526 I mtkcam-PreReleaseRequest: [dump] ========== dump PreReleaseRequestMgr ===========
06-08 00:52:54.491  1740 14526 I mtkcam-PreReleaseRequest: [dump] ========== dump InFlightRequests(0) ============
06-08 00:52:54.491  1740 14526 I mtkcam-PreReleaseRequest: [dump] ========== dump PendingRequests(0) ============
06-08 00:52:54.491  1740 14526 D mtkcam-dev3: [close sensor: 1tag is empty] +  ULog#1268
06-08 00:52:54.491  1464  1552 I libPowerHal: cmdSetting - unknown cmd:2020000, scmd:(null) ,param_1:31
06-08 00:52:54.491  1740 14526 D mtkcam-dev3: [close sensor: 1tag is empty] -  ULog#1269
06-08 00:52:54.491  1740 14526 D mtkcam-dev3: [close sensor: 1, doAsyncClose: 1] +  ULog#1270
06-08 00:52:54.491  1740 14526 D mtkcam-dev3: [close sensor: 1, doAsyncClose: 1] -  ULog#1271
06-08 00:52:54.491  1740 14526 I mtkcam-dev3: [1-session::close] CaptureSession close async
06-08 00:52:54.491  1464  1552 I libPowerHal: [perfLockAcq] idx:5 hdl:15858 hint:-1 pid:1740 tid:14526 duration:1000 lock_user:binder:1740_2 => ret_hdl:15858
06-08 00:52:54.491  1464  1552 I libPowerHal: [setClusterCores] scn:binder:1740_2 set cpu core[0] min:4 max:-1
06-08 00:52:54.491  1464  1552 I libPowerHal: [setClusterCores] scn:binder:1740_2 set cpu core[1] min:4 max:-1
06-08 00:52:54.491  1464  1552 I libPowerHal: [setClusterFreq] binder:1740_2 set cpufreq[0] min:2000000 max:-1 cpufreq[1] min:2500000 max:-1 
06-08 00:52:54.491  1740 14526 I mtkcam-PowerOnOffController: [PowerOnOffController::powerOff] powerOff +
06-08 00:52:54.491  1740 14526 I Hal3AFlowCtrl_v1.0: [uninit] [idx(1)] LIFE_CYCLE +
06-08 00:52:54.491  1740 14526 I Hal3AImp_v1_0: [Uninit] [idx(1)] LIFE_CYCLE [823]
06-08 00:52:54.491  1740 20476 I BWC     : cam_id=1 sen_fps=0 sen_size=0 pd=0 video=0 vb_ratio=0.000000 vb_time=0.000000 rawi=0 yuv=0 raw_bbp=0.000000 is_smvr=0
06-08 00:52:54.491  1740 20476 I BWC     : cam_id=1 table=0.000000 ccu=0.000000 ccu_r=0.000000 capture=0.000000 aa=-5120.000000 pd=0.000000 video=0.000000 yuv=0.000000 rawi=0.000000 total=0.000000
06-08 00:52:54.491  1740 20476 I BWC     : cam_id=0 sen_fps=0 sen_size=0 pd=0 video=0 vb_ratio=0.000000 vb_time=0.000000 rawi=0 yuv=0 raw_bbp=0.000000 is_smvr=0
06-08 00:52:54.491  1740 20476 I BWC     : cam_id=0 table=0.000000 ccu=0.000000 ccu_r=0.000000 capture=0.000000 aa=-5120.000000 pd=0.000000 video=0.000000 yuv=0.000000 rawi=0.000000 total=0.000000
06-08 00:52:54.491  1740 20476 I BWC     : cam_id=2 sen_fps=0 sen_size=0 pd=0 video=0 vb_ratio=0.000000 vb_time=0.000000 rawi=0 yuv=0 raw_bbp=0.000000 is_smvr=0
06-08 00:52:54.491  1740 20476 I BWC     : cam_id=2 table=0.000000 ccu=0.000000 ccu_r=0.000000 capture=0.000000 aa=-5120.000000 pd=0.000000 video=0.000000 yuv=0.000000 rawi=0.000000 total=0.000000
06-08 00:52:54.491  1740 20476 I BWC     : cam_id=3 sen_fps=0 sen_size=0 pd=0 video=0 vb_ratio=0.000000 vb_time=0.000000 rawi=0 yuv=0 raw_bbp=0.000000 is_smvr=0
06-08 00:52:54.491  1740 20476 I BWC     : cam_id=3 table=0.000000 ccu=0.000000 ccu_r=0.000000 capture=0.000000 aa=-5120.000000 pd=0.000000 video=0.000000 yuv=0.000000 rawi=0.000000 total=0.000000
06-08 00:52:54.491  1740 20476 I BWC     : cal_cam_bw hrt bw=0
06-08 00:52:54.491  1740 20476 I mtkcam-InFlightRequest: [waitUntilDrained] +
06-08 00:52:54.491  1740 20476 I mtkcam-InFlightRequest: [waitUntilDrained] -
06-08 00:52:54.492  1740 20413 I MtkCam/P1NodeImp: [deliverThread] Cam::1 deliver thread exit
06-08 00:52:54.492  1740 20476 W MtkCam/RequestLicenseMgr: [dumpSpareRequestFdsLocked] Spare request file descriptors: ( 509 )
06-08 00:52:54.493  1740 14526 I LscMgrImp: [uninit +] m_i4SensorIdx(1)
06-08 00:52:54.493  1740 14526 I TsfImp  : [uninit +] Sensor(1)
06-08 00:52:54.493  1740 14526 I TsfImp  : [flush] Sensor(1) m_fgThreadExec(0)
06-08 00:52:54.493  1740 14526 I TsfImp  : [destroyTsf +] Sensor(1)
06-08 00:52:54.493  1740 14526 I TsfImp  : [destroyTsf -] Sensor(1)
06-08 00:52:54.493  1740 14526 I TsfImp  : [uninit -] Sensor(1)
06-08 00:52:54.493  1740 14526 I LscMgrImp: [uninit -] m_i4SensorIdx(1)
06-08 00:52:54.494  1740 14526 I ThreadHelper: [Stop] thrdEn:1 thrdLoopStatus:1 wantExit:1 jobQueueSize:0/Empty:1 thrdJoinable(1)
06-08 00:52:54.494  1740 20430 I ThreadHelper: [ThreadLoop] LIFE_CYCLE thrdEn:1 thrdLoopStatus:0 wantExit:1 jobQueueSize:0/Empty:1 thrdJoinable(1)
06-08 00:52:54.494  1740 14526 I Hal3AFlowCtrl_v1.0: [notifyPowerOff] [idx(1)] LIFE_CYCLE -
06-08 00:52:54.494  1740 14526 I PeripheralController: [Stop] [idx(1)] LIFE_CYCLE +
06-08 00:52:54.494  1740 14526 I MtkCam/SensorProviderService: (14526)[disableSensor] Invalid parameter, sensor(ALS) isEnabled=0
06-08 00:52:54.494  1740 14526 I MtkCam/SensorProviderService: (14526)[disableSensor] Invalid parameter, sensor(ALS_FRONT) isEnabled=0
06-08 00:52:54.494  1740 14526 I MtkCam/SensorProviderService: (14526)[disableSensor] Invalid parameter, sensor(FLICKER) isEnabled=0
06-08 00:52:54.494  1740 14526 I MtkCam/SensorProviderService: (14526)[disableSensor] Invalid parameter, sensor(FLICKER_FRONT) isEnabled=0
06-08 00:52:54.494  1740 14526 I MtkCam/SensorProviderService: (14526)[disableSensor] Invalid parameter, sensor(RGBW) isEnabled=0
06-08 00:52:54.494  1740 14526 I MtkCam/SensorProviderService: (14526)[disableSensor] Invalid parameter, sensor(RGBW_FRONT) isEnabled=0
06-08 00:52:54.494  1740 14526 I PeripheralController: [Stop] [idx(1)] LIFE_CYCLE - done
06-08 00:52:54.494  1740 14526 I PeripheralController: [Uninit] [idx(1)] LIFE_CYCLE +
06-08 00:52:54.494  1740 14526 E PeripheralController: [Uninit] [idx(1)] LIFE_CYCLE +++ idx(1), dev(2), sensor_id(14574), module_id(0) call mpSensorProvider disableSensor (Uninit){#942:vendor/mediatek/proprietary/hardware/mtkcam-core/aaa/peripheralcontroller/source/PeripheralController.cpp}
06-08 00:52:54.494  1740 14526 E PeripheralController: [Uninit] [idx(1)] LIFE_CYCLE [SOIS_L] mpSensorProvider is nullptr, skip to disable sois (Uninit){#952:vendor/mediatek/proprietary/hardware/mtkcam-core/aaa/peripheralcontroller/source/PeripheralController.cpp}
06-08 00:52:54.494  1740 14526 I StrobeHal: uninit().
06-08 00:52:54.494  1740 14526 I StrobeHal: HasHW (0), the current module does't support strobe
06-08 00:52:54.494  1740 14526 I CcuDrv  : [_realUninit] CcuDrvImp uinitial done gracefully
06-08 00:52:54.494  1740 14526 I PeripheralController: [Uninit] [idx(1)] LIFE_CYCLE - done
06-08 00:52:54.494  1740 14526 I PeripheralController: [notifyPowerOff] [idx(1)] LIFE_CYCLE -
06-08 00:52:54.494  1740 14526 D HW_INTEG: [20210811] Reset sensor index = 1
06-08 00:52:54.495  1740 20476 I BaseDetectProcessor: [flush] [Sensor: 1] +
06-08 00:52:54.495  1740 20476 I BaseDetectProcessor: [flush] [Sensor: 1] -
06-08 00:52:54.495  1740 20476 I BaseDetectProcessor: [flush] [Sensor: 1] +
06-08 00:52:54.495  1740 20476 I BaseDetectProcessor: [flush] [Sensor: 1] -
06-08 00:52:54.495  1740 20476 I BaseDetectProcessor: [uninit] [Sensor: 1] wait thread exit +
06-08 00:52:54.495  1740 20416 I BaseDetectProcessor: [mainThreadLoop] Processor exit threadloop
06-08 00:52:54.495  1740 20476 I BaseDetectProcessor: [uninit] [Sensor: 1] wait thread exit -
06-08 00:52:54.495  1740 20476 I AIE_D   : (20476)[uninit] -,m_UserCnt(0),curUser(_eng_1)
06-08 00:52:54.495  1740 20476 I AIE_V   : (20476)[FDVT_CloseDriver] FDVT_Uninit, HW FD Close CLK
06-08 00:52:54.497  1740 20476 I AIE_S   : (20476)[destroyInstance] EgnStream_destroyInstance, userName(mHalFDVT)
06-08 00:52:54.498  1740  2169 E BlackSesameDetect: bstHdrDetectUninit handle 1 +
06-08 00:52:54.498  1740  2169 E BlackSesameDetect: bstHdrDetectUninit handle 1 -
06-08 00:52:54.498  1740  2169 I MtkCam/StreamingPipe/TPINode: [uninitPlugin]GID[1]PostTPI[0]:uninitNode ret=1 mgr=0xb40000708683a140
06-08 00:52:54.498  1740 20476 I ImgStream: [ImgStream::uninit] + userid=412d5049445f53(S_DIP-A) this:0xb400007036754960
06-08 00:52:54.498  1740 20476 I ImgStreamMgr: [ImgStreamMgr::uninit] + mInitCount=7 userid=412d5049445f53(S_DIP-A) mUninitAsyncMode=1 inst=b400007036754960
06-08 00:52:54.498  1740 20476 I ImgStreamMgr: [uninit] <<Registered Fd>>[148]= 631 629 630 628 485 482 479 476 473 470 467 464 422 421 420 419 418 417 416 415 414 413 412 411 410 409 408 407 406 404 403 402 401 400 398 396 391 390 389 386 387 384 383 381 380 373 370 369 368 367 366 365 363 362 361 360 359 358 357 355 354 353 352 351 350 349 348 347 346 345 344 343 342 341 340 339 338 337 336 335 334 333 331 330 329 328 327 326 324 322 320 317 314 316 313 308 307 305 302 303 298 292 297 296 295 294 293 271 291 290 289 288 287 286 285 279 284 276 283 282 281 280 278 266 277 261 275 178 250 257 177 176 175 174 173 172 171 169 168 157 170 155 158 166 165 140 139 137
06-08 00:52:54.498  1740 20476 I REDSYS  : [app_clear_token] app cleartoken(2)+ frm_owner(S_DIP-A)/imgstm_inst(b400007036754960)
06-08 00:52:54.498  1740 20476 I TASKMAIN: [task_handler_cleartoken_cb] frm_owner(S_DIP-A) imgstm_inst(b400007036754960) clear token + 
06-08 00:52:54.498  1740 20476 D TKBufHL : [clear_user_token] +
06-08 00:52:54.498  1740 20476 D TKBufHL : [clear_user_token] frmowner(S_DIP-A) imgstm_inst(b400007036754960) calling clear token swkey(162), hwfence(389), type(0)
06-08 00:52:54.498  1740 20476 D TKBufHL : [clear_user_token] frmowner(S_DIP-A) imgstm_inst(b400007036754960) calling clear token swkey(163), hwfence(381), type(0)
06-08 00:52:54.498  1740 20476 D TKBufHL : [clear_user_token] frmowner(S_DIP-A) imgstm_inst(b400007036754960) calling clear token swkey(165), hwfence(383), type(0)
06-08 00:52:54.498  1740 20476 D TKBufHL : [clear_user_token] -
06-08 00:52:54.498  1740 20476 I TASKMAIN: [task_handler_cleartoken_cb] frm_owner(S_DIP-A) clear token - 
06-08 00:52:54.498  1740 20476 I REDSYS  : [app_clear_token] app clear_token dump(2)- frm_owner(S_DIP-A)/imgstm_inst(b400007036754960)
06-08 00:52:54.498  1740 20476 I ImgStreamMgr: [ImgStreamMgr::uninit] - mInitCount=6 userid=412d5049445f53(S_DIP-A) mUninitAsyncMode=1 inst=b400007036754960
06-08 00:52:54.498  1740 20476 I imgstream-EpollMonitor: [requestExit] + { P2DrvEP-S_DIP-A .mEpollFd=449 .mEventFd=450 } { #attach=6 #detach=0 .mActive=1 .mFdObserverMap={ attach=[ (453, 0xb400007046729f70) (454, 0xb400007046728470) (455, 0xb40000704671fcb0) (456, 0xb4000070467253b0) (457, 0xb40000704671d8b0) (458, 0xb40000704672c1f0) ] } }
06-08 00:52:54.498  1740 20476 I imgstream-EpollMonitor: [requestExit] - { P2DrvEP-S_DIP-A .mEpollFd=449 .mEventFd=450 } { #attach=6 #detach=0 .mActive=0 .mFdObserverMap={ attach=[ (453, 0xb400007046729f70) (454, 0xb400007046728470) (455, 0xb40000704671fcb0) (456, 0xb4000070467253b0) (457, 0xb40000704671d8b0) (458, 0xb40000704672c1f0) ] } }
06-08 00:52:54.498  1740 20447 I imgstream-EpollMonitor: [isInterruptEvent] P2DrvEP-S_DIP-A: 0x40
06-08 00:52:54.498  1740 20447 I imgstream-EpollMonitor: [threadLoop] - { P2DrvEP-S_DIP-A .mEpollFd=449 .mEventFd=450 } { #attach=6 #detach=0 .mActive=0 .mFdObserverMap={ attach=[ (453, 0xb400007046729f70) (454, 0xb400007046728470) (455, 0xb40000704671fcb0) (456, 0xb4000070467253b0) (457, 0xb40000704671d8b0) (458, 0xb40000704672c1f0) ] } }
06-08 00:52:54.499  1740 20476 I imgstream-EpollMonitor: [~EpollMonitor] { P2DrvEP-S_DIP-A .mEpollFd=449 .mEventFd=450 } { #attach=6 #detach=0 .mActive=0 .mFdObserverMap={ attach=[ (453, 0xb400007046729f70) (454, 0xb400007046728470) (455, 0xb40000704671fcb0) (456, 0xb4000070467253b0) (457, 0xb40000704671d8b0) (458, 0xb40000704672c1f0) ] } }
06-08 00:52:54.499  1740 20476 I ImgStream: [ImgStream::uninit] - userid=412d5049445f53(S_DIP-A) this:0xb400007036754960
06-08 00:52:54.499  1740 20476 I ImgStream: [ImgStream::uninit] + userid=412d53445f53(S_DS-A) this:0xb40000703673e9e0
06-08 00:52:54.499  1740 20476 I ImgStreamMgr: [ImgStreamMgr::uninit] + mInitCount=6 userid=412d53445f53(S_DS-A) mUninitAsyncMode=1 inst=b40000703673e9e0
06-08 00:52:54.499  1740 20476 I ImgStreamMgr: [uninit] <<Registered Fd>>[148]= 631 629 630 628 485 482 479 476 473 470 467 464 422 421 420 419 418 417 416 415 414 413 412 411 410 409 408 407 406 404 403 402 401 400 398 396 391 390 389 386 387 384 383 381 380 373 370 369 368 367 366 365 363 362 361 360 359 358 357 355 354 353 352 351 350 349 348 347 346 345 344 343 342 341 340 339 338 337 336 335 334 333 331 330 329 328 327 326 324 322 320 317 314 316 313 308 307 305 302 303 298 292 297 296 295 294 293 271 291 290 289 288 287 286 285 279 284 276 283 282 281 280 278 266 277 261 275 178 250 257 177 176 175 174 173 172 171 169 168 157 170 155 158 166 165 140 139 137
06-08 00:52:54.499  1740 20476 I REDSYS  : [app_clear_token] app cleartoken(2)+ frm_owner(S_DS-A)/imgstm_inst(b40000703673e9e0)
06-08 00:52:54.499  1740 20476 I TASKMAIN: [task_handler_cleartoken_cb] frm_owner(S_DS-A) imgstm_inst(b40000703673e9e0) clear token + 
06-08 00:52:54.499  1740 20476 D TKBufHL : [clear_user_token] +
06-08 00:52:54.499  1740 20476 D TKBufHL : [clear_user_token] frmowner(S_DS-A) imgstm_inst(b40000703673e9e0) calling clear token swkey(159), hwfence(393), type(0)
06-08 00:52:54.499  1740 20476 D TKBufHL : [clear_user_token] -
06-08 00:52:54.499  1740 20476 I TASKMAIN: [task_handler_cleartoken_cb] frm_owner(S_DS-A) clear token - 
06-08 00:52:54.499  1740 20476 I REDSYS  : [app_clear_token] app clear_token dump(2)- frm_owner(S_DS-A)/imgstm_inst(b40000703673e9e0)
06-08 00:52:54.499  1740 20476 I ImgStreamMgr: [ImgStreamMgr::uninit] - mInitCount=5 userid=412d53445f53(S_DS-A) mUninitAsyncMode=1 inst=b40000703673e9e0
06-08 00:52:54.499  1740 20476 I imgstream-EpollMonitor: [requestExit] + { P2DrvEP-S_DS-A .mEpollFd=440 .mEventFd=441 } { #attach=6 #detach=0 .mActive=1 .mFdObserverMap={ attach=[ (443, 0xb400007046731ef0) (444, 0xb40000704671f470) (445, 0xb400007046734d70) (446, 0xb4000070467285f0) (447, 0xb40000704671d070) (448, 0xb400007046727630) ] } }
06-08 00:52:54.499  1740 20476 I imgstream-EpollMonitor: [requestExit] - { P2DrvEP-S_DS-A .mEpollFd=440 .mEventFd=441 } { #attach=6 #detach=0 .mActive=0 .mFdObserverMap={ attach=[ (443, 0xb400007046731ef0) (444, 0xb40000704671f470) (445, 0xb400007046734d70) (446, 0xb4000070467285f0) (447, 0xb40000704671d070) (448, 0xb400007046727630) ] } }
06-08 00:52:54.499  1740 20444 I imgstream-EpollMonitor: [isInterruptEvent] P2DrvEP-S_DS-A: 0x40
06-08 00:52:54.499  1740 20444 I imgstream-EpollMonitor: [threadLoop] - { P2DrvEP-S_DS-A .mEpollFd=440 .mEventFd=441 } { #attach=6 #detach=0 .mActive=0 .mFdObserverMap={ attach=[ (443, 0xb400007046731ef0) (444, 0xb40000704671f470) (445, 0xb400007046734d70) (446, 0xb4000070467285f0) (447, 0xb40000704671d070) (448, 0xb400007046727630) ] } }
06-08 00:52:54.499  1740 20476 I imgstream-EpollMonitor: [~EpollMonitor] { P2DrvEP-S_DS-A .mEpollFd=440 .mEventFd=441 } { #attach=6 #detach=0 .mActive=0 .mFdObserverMap={ attach=[ (443, 0xb400007046731ef0) (444, 0xb40000704671f470) (445, 0xb400007046734d70) (446, 0xb4000070467285f0) (447, 0xb40000704671d070) (448, 0xb400007046727630) ] } }
06-08 00:52:54.499  1740 20476 I ImgStream: [ImgStream::uninit] - userid=412d53445f53(S_DS-A) this:0xb40000703673e9e0
06-08 00:52:54.499  1740 20476 I ImgStream: [ImgStream::uninit] + userid=412d454d5f53(S_ME-A) this:0xb4000070367474a0
06-08 00:52:54.499  1740 20476 I ImgStreamMgr: [ImgStreamMgr::uninit] + mInitCount=5 userid=412d454d5f53(S_ME-A) mUninitAsyncMode=1 inst=b4000070367474a0
06-08 00:52:54.499  1740 20476 I ImgStreamMgr: [uninit] <<Registered Fd>>[148]= 631 629 630 628 485 482 479 476 473 470 467 464 422 421 420 419 418 417 416 415 414 413 412 411 410 409 408 407 406 404 403 402 401 400 398 396 391 390 389 386 387 384 383 381 380 373 370 369 368 367 366 365 363 362 361 360 359 358 357 355 354 353 352 351 350 349 348 347 346 345 344 343 342 341 340 339 338 337 336 335 334 333 331 330 329 328 327 326 324 322 320 317 314 316 313 308 307 305 302 303 298 292 297 296 295 294 293 271 291 290 289 288 287 286 285 279 284 276 283 282 281 280 278 266 277 261 275 178 250 257 177 176 175 174 173 172 171 169 168 157 170 155 158 166 165 140 139 137
06-08 00:52:54.499  1740 20476 I REDSYS  : [app_clear_token] app cleartoken(2)+ frm_owner(S_ME-A)/imgstm_inst(b4000070367474a0)
06-08 00:52:54.499  1740 20476 I TASKMAIN: [task_handler_cleartoken_cb] frm_owner(S_ME-A) imgstm_inst(b4000070367474a0) clear token + 
06-08 00:52:54.499  1740 20476 D TKBufHL : [clear_user_token] +
06-08 00:52:54.499  1740 20476 D TKBufHL : [clear_user_token] -
06-08 00:52:54.499  1740 20476 I TASKMAIN: [task_handler_cleartoken_cb] frm_owner(S_ME-A) clear token - 
06-08 00:52:54.499  1740 20476 I REDSYS  : [app_clear_token] app clear_token dump(2)- frm_owner(S_ME-A)/imgstm_inst(b4000070367474a0)
06-08 00:52:54.499  1740 20476 I ImgStreamMgr: [ImgStreamMgr::uninit] - mInitCount=4 userid=412d454d5f53(S_ME-A) mUninitAsyncMode=1 inst=b4000070367474a0
06-08 00:52:54.499  1740 20476 I imgstream-EpollMonitor: [requestExit] + { P2DrvEP-S_ME-A .mEpollFd=434 .mEventFd=435 } { #attach=3 #detach=0 .mActive=1 .mFdObserverMap={ attach=[ (437, 0xb4000070467313b0) (438, 0xb4000070467283b0) (439, 0xb40000704672b9b0) ] } }
06-08 00:52:54.499  1740 20476 I imgstream-EpollMonitor: [requestExit] - { P2DrvEP-S_ME-A .mEpollFd=434 .mEventFd=435 } { #attach=3 #detach=0 .mActive=0 .mFdObserverMap={ attach=[ (437, 0xb4000070467313b0) (438, 0xb4000070467283b0) (439, 0xb40000704672b9b0) ] } }
06-08 00:52:54.499  1740 20438 I imgstream-EpollMonitor: [isInterruptEvent] P2DrvEP-S_ME-A: 0x40
06-08 00:52:54.499  1740 20438 I imgstream-EpollMonitor: [threadLoop] - { P2DrvEP-S_ME-A .mEpollFd=434 .mEventFd=435 } { #attach=3 #detach=0 .mActive=0 .mFdObserverMap={ attach=[ (437, 0xb4000070467313b0) (438, 0xb4000070467283b0) (439, 0xb40000704672b9b0) ] } }
06-08 00:52:54.499  1740 20476 I imgstream-EpollMonitor: [~EpollMonitor] { P2DrvEP-S_ME-A .mEpollFd=434 .mEventFd=435 } { #attach=3 #detach=0 .mActive=0 .mFdObserverMap={ attach=[ (437, 0xb4000070467313b0) (438, 0xb4000070467283b0) (439, 0xb40000704672b9b0) ] } }
06-08 00:52:54.500  1740 20476 I ImgStream: [ImgStream::uninit] - userid=412d454d5f53(S_ME-A) this:0xb4000070367474a0
06-08 00:52:54.500  1740 20476 I ImgStream: [ImgStream::uninit] + userid=412d4132505f53(S_P2A-A) this:0xb400007036761290
06-08 00:52:54.500  1740 20476 I ImgStreamMgr: [ImgStreamMgr::uninit] + mInitCount=4 userid=412d4132505f53(S_P2A-A) mUninitAsyncMode=1 inst=b400007036761290
06-08 00:52:54.500  1740 20476 I ImgStreamMgr: [uninit] <<Registered Fd>>[148]= 631 629 630 628 485 482 479 476 473 470 467 464 422 421 420 419 418 417 416 415 414 413 412 411 410 409 408 407 406 404 403 402 401 400 398 396 391 390 389 386 387 384 383 381 380 373 370 369 368 367 366 365 363 362 361 360 359 358 357 355 354 353 352 351 350 349 348 347 346 345 344 343 342 341 340 339 338 337 336 335 334 333 331 330 329 328 327 326 324 322 320 317 314 316 313 308 307 305 302 303 298 292 297 296 295 294 293 271 291 290 289 288 287 286 285 279 284 276 283 282 281 280 278 266 277 261 275 178 250 257 177 176 175 174 173 172 171 169 168 157 170 155 158 166 165 140 139 137
06-08 00:52:54.500  1740 20476 I REDSYS  : [app_clear_token] app cleartoken(2)+ frm_owner(S_P2A-A)/imgstm_inst(b400007036761290)
06-08 00:52:54.500  1740 20476 I TASKMAIN: [task_handler_cleartoken_cb] frm_owner(S_P2A-A) imgstm_inst(b400007036761290) clear token + 
06-08 00:52:54.500  1740 20476 D TKBufHL : [clear_user_token] +
06-08 00:52:54.500  1740 20476 D TKBufHL : [clear_user_token] -
06-08 00:52:54.500  1740 20476 I TASKMAIN: [task_handler_cleartoken_cb] frm_owner(S_P2A-A) clear token - 
06-08 00:52:54.500  1740 20476 I REDSYS  : [app_clear_token] app clear_token dump(2)- frm_owner(S_P2A-A)/imgstm_inst(b400007036761290)
06-08 00:52:54.500  1740 20476 I ImgStreamMgr: [ImgStreamMgr::uninit] - mInitCount=3 userid=412d4132505f53(S_P2A-A) mUninitAsyncMode=1 inst=b400007036761290
06-08 00:52:54.500  1740 20476 I imgstream-EpollMonitor: [requestExit] + { P2DrvEP-S_P2A-A .mEpollFd=424 .mEventFd=425 } { #attach=1 #detach=0 .mActive=1 .mFdObserverMap={ attach=[ (433, 0xb40000704672db70) ] } }
06-08 00:52:54.500  1740 20476 I imgstream-EpollMonitor: [requestExit] - { P2DrvEP-S_P2A-A .mEpollFd=424 .mEventFd=425 } { #attach=1 #detach=0 .mActive=0 .mFdObserverMap={ attach=[ (433, 0xb40000704672db70) ] } }
06-08 00:52:54.500  1740 20434 I imgstream-EpollMonitor: [isInterruptEvent] P2DrvEP-S_P2A-A: 0x40
