--------- beginning of system
06-08 00:51:39.567  2053  2515 D BackgroundInstallControlService: Package event received: 0
06-08 00:51:40.473  2053  2152 I DisplayPowerController[0]: 06-08 00:51:40.471 - BrightnessEvent: brt=0.13124874 (19.0%), nits= 22.990406, lux=2.3283486, reason=automatic, strat=AutomaticBrightnessStrategy, state=ON, stateReason=DEFAULT_POLICY, policy=BRIGHT, flags=, initBrt=0.23835012, rcmdBrt=0.13124874, preBrt=0.23835012, preLux=10.875, hdrNits=NaN, initNits=60.699085, preNits=60.699085, rcmdNits=22.990406, sdrToHdrRatio=NaN, hdrBrightness=NaN, brt(%)=19 %, brtInt=34, hbmPolicy=normal, wasShortTermModelActive=false, autoBrightness=true (default), unclampedBrt=0.13124874, hbmMax=0.6904468, hbmMode=off, thrmMax=1.0, rbcStrength=50, powerFactor=1.0, physDisp=Innebygd skjerm(local:4627039422300187648), logicalId=0, slowChange=true, rampSpeed=0.23228346
06-08 00:51:40.477  2053  2110 I BrightnessSynchronizer: New Update: {[2159] 0.13124874(f), mUpdatedTypes=1, mConfirmedTypes=0, mTimeUpdated=0, mState=2}
06-08 00:51:40.478  2053  2110 I BrightnessSynchronizer: [2159] New Update 0.13124874(f) set brightness values:  34(i)
06-08 00:51:40.479  2053  2110 I BrightnessSynchronizer: New PendingUpdate: {[2160] 0.13124874(f), mUpdatedTypes=0, mConfirmedTypes=0, mTimeUpdated=0, mState=1}, prev=null
06-08 00:51:40.482  2053  2110 I BrightnessSynchronizer: Swallowing update of 34(i) by update: {[2159] 0.13124874(f), mUpdatedTypes=1, mConfirmedTypes=1, mTimeUpdated=70727678, mState=2}
06-08 00:51:40.482  2053  2110 I BrightnessSynchronizer: Completed Update: {[2159] 0.13124874(f), mUpdatedTypes=1, mConfirmedTypes=1, mTimeUpdated=70727678, mState=3}
06-08 00:51:40.482  2053  2110 I BrightnessSynchronizer: New Update: {[2160] 0.13124874(f), mUpdatedTypes=0, mConfirmedTypes=0, mTimeUpdated=0, mState=2}
06-08 00:51:43.675  2053  2108 V PowerManager: userActivity when=70730875 event=0 flags=0 displayId=0 by (android) callers=android.os.PowerManager.userActivity:1549 com.android.server.wm.DisplayPolicy$KeepScreenOnRunnable.run:477 android.os.Handler.handleCallback:1037 
06-08 00:51:44.134  2053  4545 W OverlayManager: service 'idmap' died
06-08 00:51:46.565  2053  2962 I Telecom : CallAudioWatchdog: getOrAddSession: uid=10500, ex, CommSess{uid=10500, created=8. juni 2026 00:51:32, attr=ap, , callId=none, duration=13}
06-08 00:51:46.575  2053  2962 I Telecom : CallAudioWatchdog: getOrAddSession: uid=10500, ex, CommSess{uid=10500, created=8. juni 2026 00:51:32, attr=ap, , callId=none, duration=13}
06-08 00:51:46.830  2053  2962 I Telecom : CallAudioWatchdog: getOrAddSession: uid=10500, ex, CommSess{uid=10500, created=8. juni 2026 00:51:32, attr=ap, , callId=none, duration=13}
06-08 00:51:46.849  2053  2962 I Telecom : CallAudioWatchdog: getOrAddSession: uid=10500, ex, CommSess{uid=10500, created=8. juni 2026 00:51:32, attr=ap, , callId=none, duration=13}
06-08 00:51:46.911  2053 17486 I Telecom : CallAudioRouteController$4: onCommunicationDeviceChanged: device (android.media.AudioDeviceInfo@21), audioType (1)
06-08 00:51:46.911  2053  2964 I Telecom : MotoCallAudioRouteController: Message received: SPEAKER_OFF=1007, arg1=0
06-08 00:51:46.911  2053  2964 I Telecom : MotoCallAudioRouteController: getPreferredAudioRouteFromStrategy: preferred device is null
06-08 00:51:46.911  2053  2964 I Telecom : MotoCallAudioRouteController: getBaseRoute: preferred audio route is null
06-08 00:51:46.912  2053  2964 I Telecom : MotoCallAudioRouteController: Routing to a non-watch device - null
06-08 00:51:46.912  2053  2964 I Telecom : MotoCallAudioRouteController: getPreferredAudioRouteFromDefault: Audio routing defaulting to available non-BT route.
06-08 00:51:46.912  2053  2964 I Telecom : MotoCallAudioRouteController: getBaseRoute - audio routing to AudioRoute[Type=TYPE_EARPIECE, Address=invalid]
06-08 00:51:46.912  2053  2964 I Telecom : MotoCallAudioRouteController: Enter pending route, origAudioRoute[Type=TYPE_SPEAKER, Address=invalid](active=false), destAudioRoute[Type=TYPE_EARPIECE, Address=invalid](active=false)
06-08 00:51:46.912  2053  2964 I Telecom : AudioRoute: onOrigRouteAsPendingRoute: wasActive (false), type (TYPE_SPEAKER), pending(PendingAudioRoute{, mOrigRoute=AudioRoute[Type=TYPE_EARPIECE, Address=invalid], mDestRoute=AudioRoute[Type=TYPE_SPEAKER, Address=invalid], mActive=false, mCommunicationDeviceType=0}),isScoAlreadyConnected(false)
06-08 00:51:46.912  2053  2964 I Telecom : AudioRoute: onDestRouteAsPendingRoute: active (false), type (TYPE_EARPIECE), isScoAlreadyConnected(false)
06-08 00:51:46.912  2053  2964 I Telecom : MotoCallAudioRouteController: updateCallAudioState: updating call audio state to [AudioState isMuted: false, route: SPEAKER, supportedRouteMask: EARPIECE, SPEAKER, activeBluetoothDevice: [null], supportedBluetoothDevices: []]
06-08 00:51:46.912  2053  2964 I Telecom : CallEndpointController: onCallAudioStateChanged, audioState: [AudioState isMuted: false, route: SPEAKER, supportedRouteMask: EARPIECE, SPEAKER, activeBluetoothDevice: [null], supportedBluetoothDevices: []] -> [AudioState isMuted: false, route: SPEAKER, supportedRouteMask: EARPIECE, SPEAKER, activeBluetoothDevice: [null], supportedBluetoothDevices: []]
06-08 00:51:46.912  2053  2964 W Telecom : Logging: Log.endSession was called with no session active.
06-08 00:51:46.912  2053  2964 I Telecom : MotoCallAudioRouteController: Message received: EXIT_PENDING_ROUTE=10001, arg1=0
06-08 00:51:46.912  2053  2964 I Telecom : Logging.Events: Non-call EVENT: AUDIO_ROUTE, Entering audio route: AudioRoute[Type=TYPE_EARPIECE, Address=invalid] (active=false)
06-08 00:51:46.912  2053  2964 I Telecom : MotoCallAudioRouteController: updateCallAudioState: updating call audio state to [AudioState isMuted: false, route: EARPIECE, supportedRouteMask: EARPIECE, SPEAKER, activeBluetoothDevice: [null], supportedBluetoothDevices: []]
06-08 00:51:46.912  2053  2964 I Telecom : CallEndpointController: onCallAudioStateChanged, audioState: [AudioState isMuted: false, route: SPEAKER, supportedRouteMask: EARPIECE, SPEAKER, activeBluetoothDevice: [null], supportedBluetoothDevices: []] -> [AudioState isMuted: false, route: EARPIECE, supportedRouteMask: EARPIECE, SPEAKER, activeBluetoothDevice: [null], supportedBluetoothDevices: []]
06-08 00:51:46.912  2053  2964 W Telecom : Logging: Log.endSession was called with no session active.
06-08 00:51:46.944  2053  2962 I Telecom : CallAudioWatchdog: getOrAddSession: uid=10500, ex, CommSess{uid=10500, created=8. juni 2026 00:51:32, attr=ap, , callId=none, duration=14}
06-08 00:51:47.365  2053  2962 I Telecom : CallAudioWatchdog: getOrAddSession: uid=10500, ex, CommSess{uid=10500, created=8. juni 2026 00:51:32, attr=ap, , callId=none, duration=14}
06-08 00:51:47.445  2053 17486 I Telecom : CallAudioRouteController$4: onCommunicationDeviceChanged: device (android.media.AudioDeviceInfo@22), audioType (3)
06-08 00:51:47.446  2053  2964 I Telecom : MotoCallAudioRouteController: Message received: SPEAKER_ON=1006, arg1=0
06-08 00:51:47.446  2053  4545 E AppOps  : attributionTag  not declared in manifest of com.txtt.app
06-08 00:51:47.446  2053  4545 E AppOps  : attributionTag  not declared in manifest of com.txtt.app
06-08 00:51:47.446  2053  2964 I Telecom : MotoCallAudioRouteController: Enter pending route, origAudioRoute[Type=TYPE_EARPIECE, Address=invalid](active=false), destAudioRoute[Type=TYPE_SPEAKER, Address=invalid](active=false)
06-08 00:51:47.446  2053  2964 I Telecom : AudioRoute: onOrigRouteAsPendingRoute: wasActive (false), type (TYPE_EARPIECE), pending(PendingAudioRoute{, mOrigRoute=AudioRoute[Type=TYPE_SPEAKER, Address=invalid], mDestRoute=AudioRoute[Type=TYPE_EARPIECE, Address=invalid], mActive=false, mCommunicationDeviceType=0}),isScoAlreadyConnected(false)
06-08 00:51:47.446  2053  2964 I Telecom : AudioRoute: onDestRouteAsPendingRoute: active (false), type (TYPE_SPEAKER), isScoAlreadyConnected(false)
06-08 00:51:47.446  2053  4337 E AppOps  : attributionTag  not declared in manifest of com.txtt.app
06-08 00:51:47.446  2053  2964 W Telecom : Logging: Log.endSession was called with no session active.
06-08 00:51:47.446  2053  4337 E AppOps  : attributionTag  not declared in manifest of com.txtt.app
06-08 00:51:47.446  2053  2964 I Telecom : MotoCallAudioRouteController: Message received: EXIT_PENDING_ROUTE=10001, arg1=0
06-08 00:51:47.446  2053  2964 I Telecom : Logging.Events: Non-call EVENT: AUDIO_ROUTE, Entering audio route: AudioRoute[Type=TYPE_SPEAKER, Address=invalid] (active=false)
06-08 00:51:47.447  2053  2964 I Telecom : MotoCallAudioRouteController: updateCallAudioState: updating call audio state to [AudioState isMuted: false, route: SPEAKER, supportedRouteMask: EARPIECE, SPEAKER, activeBluetoothDevice: [null], supportedBluetoothDevices: []]
06-08 00:51:47.447  2053  2964 I Telecom : CallEndpointController: onCallAudioStateChanged, audioState: [AudioState isMuted: false, route: EARPIECE, supportedRouteMask: EARPIECE, SPEAKER, activeBluetoothDevice: [null], supportedBluetoothDevices: []] -> [AudioState isMuted: false, route: SPEAKER, supportedRouteMask: EARPIECE, SPEAKER, activeBluetoothDevice: [null], supportedBluetoothDevices: []]
06-08 00:51:47.448  2053  2964 W Telecom : Logging: Log.endSession was called with no session active.
06-08 00:51:47.451  2053  2452 I AS.AudioService: onUpdateContextualVolumes: absolute volume driving streams 0 avrcp supported: false
06-08 00:51:47.468  2053  2962 I Telecom : CallAudioWatchdog: getOrAddSession: uid=10500, ex, CommSess{uid=10500, created=8. juni 2026 00:51:32, attr=ap, , callId=none, duration=14}
06-08 00:51:47.473  2053  2962 I Telecom : CallAudioWatchdog: getOrAddSession: uid=10500, ex, CommSess{uid=10500, created=8. juni 2026 00:51:32, attr=ap, , callId=none, duration=14}
06-08 00:51:47.543  2053  4337 D TouchHwAidlService: getStowStatusFromSensorHub stowStatus=0
06-08 00:51:47.543  2053  4337 D TouchHwAidlService: getStowStatusFromSensorHub stowStatus=0
06-08 00:51:47.545  2053  2452 I AS.AudioService: onUpdateContextualVolumes: absolute volume driving streams 0 avrcp supported: false
06-08 00:51:47.628  2053  4551 E AppOps  : attributionTag  not declared in manifest of com.txtt.app
06-08 00:51:47.630  2053  4551 E AppOps  : attributionTag  not declared in manifest of com.txtt.app
06-08 00:51:47.635  2053  2585 E AppOps  : attributionTag  not declared in manifest of com.txtt.app
06-08 00:51:47.635  2053  2585 E AppOps  : attributionTag  not declared in manifest of com.txtt.app
06-08 00:51:47.636  2053  2585 E AppOps  : attributionTag  not declared in manifest of com.txtt.app
06-08 00:51:47.636  2053  2585 E AppOps  : attributionTag  not declared in manifest of com.txtt.app
06-08 00:51:47.655  2053  2962 I Telecom : CallAudioWatchdog: getOrAddSession: uid=10500, ex, CommSess{uid=10500, created=8. juni 2026 00:51:32, attr=ap, , callId=none, duration=14}
06-08 00:51:47.674  2053  2962 I Telecom : CallAudioWatchdog: cleanupAttributeForSessions: removing session CommSess{uid=10500, created=8. juni 2026 00:51:32, attr=, callId=none, duration=14}
06-08 00:51:47.677  2053  4261 E AppOps  : attributionTag  not declared in manifest of com.txtt.app
06-08 00:51:47.677  2053  4261 E AppOps  : attributionTag  not declared in manifest of com.txtt.app
06-08 00:51:47.680  2053  4550 E AppOps  : attributionTag  not declared in manifest of com.txtt.app
06-08 00:51:47.680  2053  4550 E AppOps  : attributionTag  not declared in manifest of com.txtt.app
06-08 00:51:47.680  2053  4550 E AppOps  : attributionTag  not declared in manifest of com.txtt.app
06-08 00:51:47.680  2053  4550 E AppOps  : attributionTag  not declared in manifest of com.txtt.app
06-08 00:51:47.804  1182 20125 I keystore2: system/security/keystore2/watchdog/src/lib.rs:377 - Watchdog thread idle -> terminating. Have a great day.
06-08 00:51:48.157  2053  2452 I AS.AudioService: onUpdateContextualVolumes: absolute volume driving streams 3 avrcp supported: false
06-08 00:51:48.209  2053  2515 D BackgroundInstallControlService: Package event received: 0
06-08 00:51:48.558  2053  2161 I ActivityManager:   Force stopping service ServiceRecord{e39e306 u0 com.motorola.coresettingsext/.callingmode.CallingModeTileService c:com.android.systemui}
06-08 00:51:48.578  2053  2511 D ShortcutService: received package broadcast intent: Intent { act=android.intent.action.PACKAGE_CHANGED dat=package: flg=0x45000010 (has extras) }
06-08 00:51:48.578  2053  2511 D ShortcutService: changing package: com.motorola.coresettingsext userId=0
06-08 00:51:48.578  2053  2515 D BackgroundInstallControlService: Package event received: 0
06-08 00:51:48.578  2053  2515 D BackgroundInstallControlService: Package event received: 0
06-08 00:51:48.604  2053  4545 D AccessibilityManagerService: notifyQuickSettingsTilesChanged userId: 0, tileComponentNames: [ComponentInfo{com.android.server.accessibility/FontSizeTile}]
06-08 00:51:48.622  2053  2350 V AccessibilityManagerService: onUserStateChangedLocked for userId: 0, forceUpdate: false
06-08 00:51:48.627  2053  4551 I SettingsAccessControlPolicy: isDeviceSettingsChangeDisabled: value -> false
06-08 00:51:48.629  2053  2350 W MagnificationConnectionManager: requestConnection duplicated request: connect=false, mConnectionState=DISCONNECTED
06-08 00:51:48.636  2053  3075 I SettingsAccessControlPolicy: isDeviceSettingsChangeDisabled: value -> false
06-08 00:51:48.637  2053  3075 I SettingsAccessControlPolicy: isDeviceSettingsChangeDisabled: value -> false
06-08 00:51:48.730  2053  4550 W AppOpService: Ignored setUidMode call for runtime permission app op: uid = 1001, code = READ_SMS, mode = allow, callingUid = 1001, oldMode = allow
06-08 00:51:48.733  2053  4547 W AppOpService: Ignored setUidMode call for runtime permission app op: uid = 1001, code = RECEIVE_SMS, mode = allow, callingUid = 1001, oldMode = allow
06-08 00:51:48.735  2053  4545 W AppOpService: Ignored setUidMode call for runtime permission app op: uid = 1001, code = RECEIVE_WAP_PUSH, mode = allow, callingUid = 1001, oldMode = allow
06-08 00:51:48.737  2053  4545 W AppOpService: Ignored setUidMode call for runtime permission app op: uid = 1001, code = SEND_SMS, mode = allow, callingUid = 1001, oldMode = allow
06-08 00:51:48.739  2053  4545 W AppOpService: Ignored setUidMode call for runtime permission app op: uid = 1001, code = READ_CELL_BROADCASTS, mode = allow, callingUid = 1001, oldMode = allow
06-08 00:51:48.755  2053  6014 W AppOpService: Ignored setUidMode call for runtime permission app op: uid = 10192, code = FINE_LOCATION, mode = allow, callingUid = 1000, oldMode = allow
06-08 00:51:48.797  2053  6014 W AppOpService: Ignored setUidMode call for runtime permission app op: uid = 10192, code = FINE_LOCATION, mode = allow, callingUid = 1000, oldMode = allow
06-08 00:51:48.816  2053  2110 I BrightnessSynchronizer: New Update: {[2161] 0.13124874(f), mUpdatedTypes=0, mConfirmedTypes=0, mTimeUpdated=0, mState=2}
06-08 00:51:48.859  2053  4550 W AppOpService: Ignored setUidMode call for runtime permission app op: uid = 1001, code = READ_SMS, mode = allow, callingUid = 1001, oldMode = allow
06-08 00:51:48.865  2053  4550 W AppOpService: Ignored setUidMode call for runtime permission app op: uid = 1001, code = RECEIVE_SMS, mode = allow, callingUid = 1001, oldMode = allow
06-08 00:51:48.872  2053  4550 W AppOpService: Ignored setUidMode call for runtime permission app op: uid = 1001, code = RECEIVE_WAP_PUSH, mode = allow, callingUid = 1001, oldMode = allow
06-08 00:51:48.877  2053  4550 W AppOpService: Ignored setUidMode call for runtime permission app op: uid = 1001, code = SEND_SMS, mode = allow, callingUid = 1001, oldMode = allow
06-08 00:51:48.880  2053  4550 W AppOpService: Ignored setUidMode call for runtime permission app op: uid = 1001, code = READ_CELL_BROADCASTS, mode = allow, callingUid = 1001, oldMode = allow
06-08 00:51:50.349  2053  2536 D ActivityManager: freezing 16450 com.motorola.om, reason = moto_freezer, adj=915, adjType=cch-empty
06-08 00:51:53.412  2053  2127 D ActivityManager: unfreezing ProcessRecord{a5ad28d 30506:com.whatsapp.w4b/u0a427}, reason = unfreezeTemporarily, adj = 900, adjType = cch-act, adjSource = null
06-08 00:51:53.414  2053  2127 D ActivityManager: sync unfroze 30506 com.whatsapp.w4b for 3
06-08 00:51:53.485  2053  2128 I ActivityManager: Start proc 20296:com.motorola.lifetimedata/u0a320 for broadcast {com.motorola.lifetimedata/com.motorola.lifetimedata.receiver.LifetimeDataReceiver}
06-08 00:51:53.485  2053  2128 I ActivityManager: ProcessObserver broadcast disabled
06-08 00:51:53.806  2053  4547 I ActivityManager: Flag disabled. Ignoring finishAttachApplication from uid: 10320. pid: 20296
06-08 00:51:54.017  2053  4551 W ActivityManager: Background start not allowed: service Intent { act=com.whatsapp.messageservice.messaging.MessageService.START xflg=0x4 cmp=com.whatsapp.w4b/com.whatsapp.messageservice.messaging.MessageService } to com.whatsapp.w4b/com.whatsapp.messageservice.messaging.MessageService from pid=30506 uid=10427 pkg=com.whatsapp.w4b startFg?=false
06-08 00:51:54.041  2053  2152 I DisplayPowerController[0]: 06-08 00:51:54.038 - BrightnessEvent: brt=0.031300224 (5.0%), nits= 6.1808677, lux=0.5, reason=automatic, strat=AutomaticBrightnessStrategy, state=ON, stateReason=DEFAULT_POLICY, policy=BRIGHT, flags=, initBrt=0.13124874, rcmdBrt=0.031300224, preBrt=0.13124874, preLux=2.3283486, hdrNits=NaN, initNits=22.990406, preNits=22.990406, rcmdNits=6.1808677, sdrToHdrRatio=NaN, hdrBrightness=NaN, brt(%)=5 %, brtInt=9, hbmPolicy=normal, wasShortTermModelActive=false, autoBrightness=true (default), unclampedBrt=0.031300224, hbmMax=0.6904468, hbmMode=off, thrmMax=1.0, rbcStrength=50, powerFactor=1.0, physDisp=Innebygd skjerm(local:4627039422300187648), logicalId=0, slowChange=true, rampSpeed=0.23228346
06-08 00:51:54.044  2053  2110 I BrightnessSynchronizer: New Update: {[2162] 0.031300224(f), mUpdatedTypes=1, mConfirmedTypes=0, mTimeUpdated=0, mState=2}
06-08 00:51:54.044  2053  2110 I BrightnessSynchronizer: [2162] New Update 0.031300224(f) set brightness values:  9(i)
06-08 00:51:54.047  2053  2110 I BrightnessSynchronizer: Swallowing update of 9(i) by update: {[2162] 0.031300224(f), mUpdatedTypes=1, mConfirmedTypes=1, mTimeUpdated=70741244, mState=2}
06-08 00:51:54.047  2053  2110 I BrightnessSynchronizer: Completed Update: {[2162] 0.031300224(f), mUpdatedTypes=1, mConfirmedTypes=1, mTimeUpdated=70741244, mState=3}
06-08 00:51:55.474  2053  4551 D ActivityManager: unfreezing ProcessRecord{c6bde90 16450:com.motorola.om/u0a234}, reason = unfreezeTemporarily, adj = 915, adjType = cch-empty, adjSource = null
06-08 00:51:55.476  2053  4551 D ActivityManager: sync unfroze 16450 com.motorola.om for 0
06-08 00:51:56.758  2053  4547 D CoreBackPreview: Window{daf4a0a u0 NotificationShade}: Setting back callback null
06-08 00:51:56.850  2053  3075 W PackageConfigPersister: App-specific configuration not found for packageName: com.txtt.app and userId: 0
06-08 00:51:57.101  2053  2515 D BackgroundInstallControlService: Package event received: 0
06-08 00:51:57.797  2053  4551 D TouchHwAidlService: getStowStatusFromSensorHub stowStatus=0
06-08 00:51:57.799  2053  4551 D TouchHwAidlService: getStowStatusFromSensorHub stowStatus=0
06-08 00:51:57.811  2053  4550 D TouchHwAidlService: getStowStatusFromSensorHub stowStatus=0
06-08 00:51:57.811  2053  2452 I AS.AudioService: onUpdateContextualVolumes: absolute volume driving streams 0 avrcp supported: false
06-08 00:51:57.812  2053  4551 D TouchHwAidlService: getStowStatusFromSensorHub stowStatus=0
06-08 00:51:57.900  2053  2962 I Telecom : CallAudioWatchdog: getOrAddSession: uid=10500, new, CommSess{uid=10500, created=8. juni 2026 00:51:57, attr=, callId=none, duration=0}
06-08 00:51:58.346  2053  2452 I AS.AudioService: onUpdateContextualVolumes: absolute volume driving streams 0 avrcp supported: false
06-08 00:51:58.643  2053  4328 W OverlayManager: service 'idmap' died
06-08 00:51:58.744  2053  4328 D CoreBackPreview: Window{daf4a0a u0 NotificationShade}: Setting back callback OnBackInvokedCallbackInfo{mCallback=android.window.IOnBackInvokedCallback$Stub$Proxy@31c719c, mPriority=0, mIsAnimationCallback=false, mOverrideBehavior=0}
06-08 00:51:58.881  2053  3075 D SystemServerTiming: getUserSwitchability-0
06-08 00:51:58.882  2053  3075 D SystemServerTiming: TM.isInCall
06-08 00:51:58.883  2053  3075 D SystemServerTiming: hasUserRestriction-DISALLOW_USER_SWITCH
06-08 00:51:58.883  2053  4261 D SystemServerTiming: getUserSwitchability-0
06-08 00:51:58.883  2053  4261 D SystemServerTiming: TM.isInCall
06-08 00:51:58.883  2053  3075 D SystemServerTiming: getInt-ALLOW_USER_SWITCHING_WHEN_SYSTEM_USER_LOCKED
06-08 00:51:58.883  2053  3075 D SystemServerTiming: isUserUnlocked-USER_SYSTEM
06-08 00:51:58.885  2053  4261 D SystemServerTiming: hasUserRestriction-DISALLOW_USER_SWITCH
06-08 00:51:58.885  2053  4261 D SystemServerTiming: getInt-ALLOW_USER_SWITCHING_WHEN_SYSTEM_USER_LOCKED
06-08 00:51:58.885  2053  4261 D SystemServerTiming: isUserUnlocked-USER_SYSTEM
06-08 00:51:58.901  2053  2515 D BackgroundInstallControlService: Package event received: 0
06-08 00:51:59.051  2053  2515 D BackgroundInstallControlService: Package event received: 0
06-08 00:51:59.051  2053  2515 D BackgroundInstallControlService: Package event received: 0
06-08 00:51:59.053  2053  4545 I SettingsAccessControlPolicy: isDeviceSettingsChangeDisabled: value -> false
06-08 00:51:59.093  2053  2350 V AccessibilityManagerService: onUserStateChangedLocked for userId: 0, forceUpdate: false
06-08 00:51:59.096  2053  2511 D ShortcutService: received package broadcast intent: Intent { act=android.intent.action.PACKAGE_CHANGED dat=package: flg=0x45000010 (has extras) }
06-08 00:51:59.096  2053  2511 D ShortcutService: changing package: com.motorola.coresettingsext userId=0
06-08 00:51:59.101  2053  2350 W MagnificationConnectionManager: requestConnection duplicated request: connect=false, mConnectionState=DISCONNECTED
06-08 00:51:59.107  2053  4261 I SettingsAccessControlPolicy: isDeviceSettingsChangeDisabled: value -> false
06-08 00:51:59.108  2053  4261 I SettingsAccessControlPolicy: isDeviceSettingsChangeDisabled: value -> false
06-08 00:51:59.108  2053  2515 D BackgroundInstallControlService: Package event received: 0
06-08 00:51:59.109  2053  4261 D AccessibilityManagerService: notifyQuickSettingsTilesChanged userId: 0, tileComponentNames: [ComponentInfo{com.android.server.accessibility/FontSizeTile}]
06-08 00:51:59.154  2053  6014 W AppOpService: Ignored setUidMode call for runtime permission app op: uid = 10192, code = FINE_LOCATION, mode = allow, callingUid = 1000, oldMode = allow
06-08 00:51:59.216  2053  4550 W AppOpService: Ignored setUidMode call for runtime permission app op: uid = 1001, code = READ_SMS, mode = allow, callingUid = 1001, oldMode = allow
06-08 00:51:59.218  2053  4550 W AppOpService: Ignored setUidMode call for runtime permission app op: uid = 1001, code = RECEIVE_SMS, mode = allow, callingUid = 1001, oldMode = allow
06-08 00:51:59.220  2053  4551 W AppOpService: Ignored setUidMode call for runtime permission app op: uid = 1001, code = RECEIVE_WAP_PUSH, mode = allow, callingUid = 1001, oldMode = allow
06-08 00:51:59.221  2053  4551 W AppOpService: Ignored setUidMode call for runtime permission app op: uid = 1001, code = SEND_SMS, mode = allow, callingUid = 1001, oldMode = allow
06-08 00:51:59.221  2053  4551 W AppOpService: Ignored setUidMode call for runtime permission app op: uid = 1001, code = READ_CELL_BROADCASTS, mode = allow, callingUid = 1001, oldMode = allow
06-08 00:51:59.284  2053  6014 W AppOpService: Ignored setUidMode call for runtime permission app op: uid = 10192, code = FINE_LOCATION, mode = allow, callingUid = 1000, oldMode = allow
06-08 00:51:59.322  2053  4550 W AppOpService: Ignored setUidMode call for runtime permission app op: uid = 1001, code = READ_SMS, mode = allow, callingUid = 1001, oldMode = allow
06-08 00:51:59.328  2053  4551 W AppOpService: Ignored setUidMode call for runtime permission app op: uid = 1001, code = RECEIVE_SMS, mode = allow, callingUid = 1001, oldMode = allow
06-08 00:51:59.331  2053  4551 W AppOpService: Ignored setUidMode call for runtime permission app op: uid = 1001, code = RECEIVE_WAP_PUSH, mode = allow, callingUid = 1001, oldMode = allow
06-08 00:51:59.334  2053  4551 W AppOpService: Ignored setUidMode call for runtime permission app op: uid = 1001, code = SEND_SMS, mode = allow, callingUid = 1001, oldMode = allow
06-08 00:51:59.338  2053  4551 W AppOpService: Ignored setUidMode call for runtime permission app op: uid = 1001, code = READ_CELL_BROADCASTS, mode = allow, callingUid = 1001, oldMode = allow
06-08 00:52:00.738  2053  4328 W PackageConfigPersister: App-specific configuration not found for packageName: com.txtt.app and userId: 0
06-08 00:52:01.915  2053  2110 I BrightnessSynchronizer: New Update: {[2163] 0.031300224(f), mUpdatedTypes=0, mConfirmedTypes=0, mTimeUpdated=0, mState=2}
06-08 00:52:01.997  2053  4328 D CoreBackPreview: Window{daf4a0a u0 NotificationShade}: Setting back callback null
06-08 00:52:02.113  2053  2053 W AccessibilityManagerService:  wait for adding window timeout: 3
06-08 00:52:02.987  2053  2110 I DisplayDeviceRepository: Display device changed render timings: "Innebygd skjerm", renderFrameRate=45.0, presentationDeadlineNanos=16700000, appVsyncOffsetNanos=1033333, frameRateOverrides=[]
06-08 00:52:02.998  2053  2108 D WindowManager: DeferredDisplayUpdater: partially applying DisplayInfo(1220 x 2712) immediately
06-08 00:52:03.627  2053  2110 I DisplayDeviceRepository: Display device changed render timings: "Innebygd skjerm", renderFrameRate=45.0, presentationDeadlineNanos=16700000, appVsyncOffsetNanos=1033333, frameRateOverrides=[{uid=10500 frameRateHz=45.0}]
06-08 00:52:03.970  2053  2536 D ActivityManager: freezing 20296 com.motorola.lifetimedata, reason = moto_freezer, adj=915, adjType=cch-empty
06-08 00:52:04.263  2053  2110 I DisplayDeviceRepository: Display device changed render timings: "Innebygd skjerm", renderFrameRate=90.0, presentationDeadlineNanos=16700000, appVsyncOffsetNanos=1033333, frameRateOverrides=[{uid=10500 frameRateHz=45.0}]
06-08 00:52:04.264  2053  2108 D WindowManager: DeferredDisplayUpdater: partially applying DisplayInfo(1220 x 2712) immediately
06-08 00:52:04.273  2053  2110 I DisplayDeviceRepository: Display device changed render timings: "Innebygd skjerm", renderFrameRate=90.0, presentationDeadlineNanos=16700000, appVsyncOffsetNanos=1033333, frameRateOverrides=[]
06-08 00:52:04.375  2053  2536 D ActivityManager: freezing 30506 com.whatsapp.w4b, reason = moto_freezer, adj=900, adjType=cch-act
06-08 00:52:04.421  2053  2962 I Telecom : CallAudioWatchdog: cleanupAttributeForSessions: removing session CommSess{uid=10500, created=8. juni 2026 00:51:57, attr=, callId=none, duration=6}
06-08 00:52:04.677  2053  2482 E MR2SystemProvider: Could not map this selected device attribute type to an available route: 1. Available types: [1, 2, 18]
06-08 00:52:04.691  2053 17486 I Telecom : CallAudioRouteController$4: onCommunicationDeviceChanged: device (android.media.AudioDeviceInfo@21), audioType (1)
06-08 00:52:04.692  2053  2964 I Telecom : MotoCallAudioRouteController: Message received: SPEAKER_OFF=1007, arg1=0
06-08 00:52:04.693  2053  2964 I Telecom : MotoCallAudioRouteController: getPreferredAudioRouteFromStrategy: preferred device is null
06-08 00:52:04.693  2053  2964 I Telecom : MotoCallAudioRouteController: getBaseRoute: preferred audio route is null
06-08 00:52:04.693  2053  2964 I Telecom : MotoCallAudioRouteController: Routing to a non-watch device - null
06-08 00:52:04.693  2053  2964 I Telecom : MotoCallAudioRouteController: getPreferredAudioRouteFromDefault: Audio routing defaulting to available non-BT route.
06-08 00:52:04.693  2053  2964 I Telecom : MotoCallAudioRouteController: getBaseRoute - audio routing to AudioRoute[Type=TYPE_EARPIECE, Address=invalid]
06-08 00:52:04.694  2053  2964 I Telecom : MotoCallAudioRouteController: Enter pending route, origAudioRoute[Type=TYPE_SPEAKER, Address=invalid](active=false), destAudioRoute[Type=TYPE_EARPIECE, Address=invalid](active=false)
06-08 00:52:04.694  2053  2964 I Telecom : AudioRoute: onOrigRouteAsPendingRoute: wasActive (false), type (TYPE_SPEAKER), pending(PendingAudioRoute{, mOrigRoute=AudioRoute[Type=TYPE_EARPIECE, Address=invalid], mDestRoute=AudioRoute[Type=TYPE_SPEAKER, Address=invalid], mActive=false, mCommunicationDeviceType=0}),isScoAlreadyConnected(false)
06-08 00:52:04.694  2053  2964 I Telecom : AudioRoute: onDestRouteAsPendingRoute: active (false), type (TYPE_EARPIECE), isScoAlreadyConnected(false)
06-08 00:52:04.694  2053  2964 I Telecom : MotoCallAudioRouteController: updateCallAudioState: updating call audio state to [AudioState isMuted: false, route: SPEAKER, supportedRouteMask: EARPIECE, SPEAKER, activeBluetoothDevice: [null], supportedBluetoothDevices: []]
06-08 00:52:04.695  2053  2964 I Telecom : CallEndpointController: onCallAudioStateChanged, audioState: [AudioState isMuted: false, route: SPEAKER, supportedRouteMask: EARPIECE, SPEAKER, activeBluetoothDevice: [null], supportedBluetoothDevices: []] -> [AudioState isMuted: false, route: SPEAKER, supportedRouteMask: EARPIECE, SPEAKER, activeBluetoothDevice: [null], supportedBluetoothDevices: []]
06-08 00:52:04.695  2053  2964 W Telecom : Logging: Log.endSession was called with no session active.
06-08 00:52:04.695  2053  2964 I Telecom : MotoCallAudioRouteController: Message received: EXIT_PENDING_ROUTE=10001, arg1=0
06-08 00:52:04.695  2053  2964 I Telecom : Logging.Events: Non-call EVENT: AUDIO_ROUTE, Entering audio route: AudioRoute[Type=TYPE_EARPIECE, Address=invalid] (active=false)
06-08 00:52:04.696  2053  2964 I Telecom : MotoCallAudioRouteController: updateCallAudioState: updating call audio state to [AudioState isMuted: false, route: EARPIECE, supportedRouteMask: EARPIECE, SPEAKER, activeBluetoothDevice: [null], supportedBluetoothDevices: []]
06-08 00:52:04.696  2053  2964 I Telecom : CallEndpointController: onCallAudioStateChanged, audioState: [AudioState isMuted: false, route: SPEAKER, supportedRouteMask: EARPIECE, SPEAKER, activeBluetoothDevice: [null], supportedBluetoothDevices: []] -> [AudioState isMuted: false, route: EARPIECE, supportedRouteMask: EARPIECE, SPEAKER, activeBluetoothDevice: [null], supportedBluetoothDevices: []]
06-08 00:52:04.696  2053  2964 W Telecom : Logging: Log.endSession was called with no session active.
06-08 00:52:04.885  2053  2152 I DisplayPowerController[0]: 06-08 00:52:04.884 - BrightnessEvent: brt=0.21886365 (32.0%), nits= 52.955647, lux=8.597955, reason=automatic, strat=AutomaticBrightnessStrategy, state=ON, stateReason=DEFAULT_POLICY, policy=BRIGHT, flags=, initBrt=0.031300224, rcmdBrt=0.21886365, preBrt=0.031300224, preLux=0.5, hdrNits=NaN, initNits=6.1808677, preNits=6.1808677, rcmdNits=52.955647, sdrToHdrRatio=NaN, hdrBrightness=NaN, brt(%)=32 %, brtInt=57, hbmPolicy=normal, wasShortTermModelActive=false, autoBrightness=true (default), unclampedBrt=0.21886365, hbmMax=0.6904468, hbmMode=off, thrmMax=1.0, rbcStrength=50, powerFactor=1.0, physDisp=Innebygd skjerm(local:4627039422300187648), logicalId=0, slowChange=true, rampSpeed=0.23228346
06-08 00:52:04.889  2053  2110 I BrightnessSynchronizer: New Update: {[2164] 0.21886365(f), mUpdatedTypes=1, mConfirmedTypes=0, mTimeUpdated=0, mState=2}
06-08 00:52:04.889  2053  2110 I BrightnessSynchronizer: [2164] New Update 0.21886365(f) set brightness values:  57(i)
06-08 00:52:04.890  2053  2110 I BrightnessSynchronizer: Swallowing update of 57(i) by update: {[2164] 0.21886365(f), mUpdatedTypes=1, mConfirmedTypes=1, mTimeUpdated=70752090, mState=2}
06-08 00:52:04.890  2053  2110 I BrightnessSynchronizer: Completed Update: {[2164] 0.21886365(f), mUpdatedTypes=1, mConfirmedTypes=1, mTimeUpdated=70752090, mState=3}
06-08 00:52:04.991  2053 17486 I Telecom : CallAudioRouteController$4: onCommunicationDeviceChanged: device (android.media.AudioDeviceInfo@22), audioType (3)
06-08 00:52:04.991  2053  2964 I Telecom : MotoCallAudioRouteController: Message received: SPEAKER_ON=1006, arg1=0
06-08 00:52:04.991  2053  2964 I Telecom : MotoCallAudioRouteController: Enter pending route, origAudioRoute[Type=TYPE_EARPIECE, Address=invalid](active=false), destAudioRoute[Type=TYPE_SPEAKER, Address=invalid](active=false)
06-08 00:52:04.991  2053  2964 I Telecom : AudioRoute: onOrigRouteAsPendingRoute: wasActive (false), type (TYPE_EARPIECE), pending(PendingAudioRoute{, mOrigRoute=AudioRoute[Type=TYPE_SPEAKER, Address=invalid], mDestRoute=AudioRoute[Type=TYPE_EARPIECE, Address=invalid], mActive=false, mCommunicationDeviceType=0}),isScoAlreadyConnected(false)
06-08 00:52:04.991  2053  2964 I Telecom : AudioRoute: onDestRouteAsPendingRoute: active (false), type (TYPE_SPEAKER), isScoAlreadyConnected(false)
06-08 00:52:04.991  2053  2964 W Telecom : Logging: Log.endSession was called with no session active.
06-08 00:52:04.991  2053  2964 I Telecom : MotoCallAudioRouteController: Message received: EXIT_PENDING_ROUTE=10001, arg1=0
06-08 00:52:04.991  2053  2964 I Telecom : Logging.Events: Non-call EVENT: AUDIO_ROUTE, Entering audio route: AudioRoute[Type=TYPE_SPEAKER, Address=invalid] (active=false)
06-08 00:52:04.991  2053  2964 I Telecom : MotoCallAudioRouteController: updateCallAudioState: updating call audio state to [AudioState isMuted: false, route: SPEAKER, supportedRouteMask: EARPIECE, SPEAKER, activeBluetoothDevice: [null], supportedBluetoothDevices: []]
06-08 00:52:04.991  2053  2964 I Telecom : CallEndpointController: onCallAudioStateChanged, audioState: [AudioState isMuted: false, route: EARPIECE, supportedRouteMask: EARPIECE, SPEAKER, activeBluetoothDevice: [null], supportedBluetoothDevices: []] -> [AudioState isMuted: false, route: SPEAKER, supportedRouteMask: EARPIECE, SPEAKER, activeBluetoothDevice: [null], supportedBluetoothDevices: []]
06-08 00:52:04.991  2053  2964 W Telecom : Logging: Log.endSession was called with no session active.
06-08 00:52:04.992  2053  3075 E AppOps  : attributionTag  not declared in manifest of com.txtt.app
06-08 00:52:04.992  2053  3075 E AppOps  : attributionTag  not declared in manifest of com.txtt.app
06-08 00:52:04.992  2053  3075 E AppOps  : attributionTag  not declared in manifest of com.txtt.app
06-08 00:52:04.992  2053  3075 E AppOps  : attributionTag  not declared in manifest of com.txtt.app
06-08 00:52:05.050  2053  4551 E AppOps  : attributionTag  not declared in manifest of com.txtt.app
06-08 00:52:05.052  2053  4337 E AppOps  : attributionTag  not declared in manifest of com.txtt.app
06-08 00:52:05.086  2053  4550 W ContextImpl: Calling a method in the system process without a qualified user: android.app.ContextImpl.sendBroadcastMultiplePermissions:1328 android.content.Context.sendBroadcastMultiplePermissions:2583 com.android.server.TelephonyRegistry.broadcastServiceStateChanged:4219 com.android.server.TelephonyRegistry.notifyServiceStateForPhoneId:1855 com.android.internal.telephony.ITelephonyRegistry$Stub.onTransact:629 
06-08 00:52:05.088  2053  4550 W ContextImpl: Calling a method in the system process without a qualified user: android.app.ContextImpl.sendBroadcastMultiplePermissions:1361 com.android.server.TelephonyRegistry.broadcastServiceStateChanged:4224 com.android.server.TelephonyRegistry.notifyServiceStateForPhoneId:1855 com.android.internal.telephony.ITelephonyRegistry$Stub.onTransact:629 android.os.Binder.execTransactInternal:1447 
06-08 00:52:05.089  2053  4550 W ContextImpl: Calling a method in the system process without a qualified user: android.app.ContextImpl.sendBroadcastMultiplePermissions:1361 com.android.server.TelephonyRegistry.broadcastServiceStateChanged:4233 com.android.server.TelephonyRegistry.notifyServiceStateForPhoneId:1855 com.android.internal.telephony.ITelephonyRegistry$Stub.onTransact:629 android.os.Binder.execTransactInternal:1447 
06-08 00:52:05.090  2053  4550 W ContextImpl: Calling a method in the system process without a qualified user: android.app.ContextImpl.sendBroadcastMultiplePermissions:1361 com.android.server.TelephonyRegistry.broadcastServiceStateChanged:4239 com.android.server.TelephonyRegistry.notifyServiceStateForPhoneId:1855 com.android.internal.telephony.ITelephonyRegistry$Stub.onTransact:629 android.os.Binder.execTransactInternal:1447 
06-08 00:52:05.116  2053  4547 D TouchHwAidlService: getStowStatusFromSensorHub stowStatus=0
06-08 00:52:05.117  2053  2585 D TouchHwAidlService: getStowStatusFromSensorHub stowStatus=0
06-08 00:52:05.158  2053  4261 D TouchHwAidlService: getStowStatusFromSensorHub stowStatus=0
06-08 00:52:05.159  2053  4261 D TouchHwAidlService: getStowStatusFromSensorHub stowStatus=0
06-08 00:52:05.194  2053  4261 D TouchHwAidlService: getStowStatusFromSensorHub stowStatus=0
06-08 00:52:05.195  2053  4261 D TouchHwAidlService: getStowStatusFromSensorHub stowStatus=0
06-08 00:52:05.196  2053  2452 I AS.AudioService: onUpdateContextualVolumes: absolute volume driving streams 3 avrcp supported: false
--------- beginning of main
06-08 00:52:05.212  1514  3534 D AudioFlinger: getParameters() io 0, keys crystal_talk_voip_mode, calling pid 32077
06-08 00:52:05.212  1514  2835 D AudioFlinger: getParameters() io 0, keys crystal_talk_voip_mode, calling pid 32077
06-08 00:52:05.212  1514 14347 D AudioFlinger: getParameters() io 0, keys crystal_talk_voip_mode, calling pid 32077
06-08 00:52:05.212  1514 17864 D AudioFlinger: getParameters() io 0, keys crystal_talk_voip_mode, calling pid 32077
06-08 00:52:05.213  1514  1514 D AudioFlinger: getParameters() io 0, keys crystal_talk_voip_mode, calling pid 32077
06-08 00:52:05.213  1514 13061 D AudioFlinger: getParameters() io 0, keys crystal_talk_voip_mode, calling pid 32077
06-08 00:52:05.213  1514  6712 D AudioFlinger: getParameters() io 0, keys crystal_talk_voip_mode, calling pid 32077
06-08 00:52:05.213  1514 17866 D AudioFlinger: getParameters() io 0, keys crystal_talk_voip_mode, calling pid 32077
06-08 00:52:05.213  1514  1589 D AudioFlinger: getParameters() io 0, keys crystal_talk_voip_mode, calling pid 32077
06-08 00:52:05.213  1514 17865 D AudioFlinger: getParameters() io 0, keys crystal_talk_voip_mode, calling pid 32077
06-08 00:52:05.213  1411  8519 D AudioALSAHardware: -getParameters(), (mAudioALSAHardware addr 0xb400007caa8aaa00) return "crystal_talk_voip_mode=0"
06-08 00:52:05.213  1514  3390 D AudioFlinger: getParameters() io 0, keys crystal_talk_voip_mode, calling pid 32077
06-08 00:52:05.214  1411 16220 D AudioALSAHardware: -getParameters(), (mAudioALSAHardware addr 0xb400007caa8aaa00) return "crystal_talk_voip_mode=0"
06-08 00:52:05.214  1514  2295 D AudioFlinger: getParameters() io 0, keys crystal_talk_voip_mode, calling pid 32077
06-08 00:52:05.214  1514 14019 D AudioFlinger: getParameters() io 0, keys crystal_talk_voip_mode, calling pid 32077
06-08 00:52:05.215  1752  1866 D AALService: [CRTC_113] onBacklightChanged(bits:14) 2309/1023 -> 2347/1023(phy:2347/4095)
06-08 00:52:05.215  1752  1866 D AALService: [CRTC_113] 06-08 12:52:05.204 BL=2309,ESS= 256, 
06-08 00:52:05.215  1514 17863 D AudioFlinger: getParameters() io 0, keys crystal_talk_voip_mode, calling pid 32077
06-08 00:52:05.215  1411  8519 D AudioALSAHardware: -getParameters(), (mAudioALSAHardware addr 0xb400007caa8aaa00) return "crystal_talk_voip_mode=0"
06-08 00:52:05.216  1514  1590 D AudioFlinger: getParameters() io 0, keys crystal_talk_voip_mode, calling pid 32077
06-08 00:52:05.216  1411 16220 D AudioALSAHardware: -getParameters(), (mAudioALSAHardware addr 0xb400007caa8aaa00) return "crystal_talk_voip_mode=0"
06-08 00:52:05.217  1514 16392 D AudioFlinger: getParameters() io 0, keys crystal_talk_voip_mode, calling pid 32077
06-08 00:52:05.217  1411 16220 D AudioALSAHardware: -getParameters(), (mAudioALSAHardware addr 0xb400007caa8aaa00) return "crystal_talk_voip_mode=0"
06-08 00:52:05.217  1514  3534 D AudioFlinger: getParameters() io 0, keys crystal_talk_voip_mode, calling pid 32077
06-08 00:52:05.217  2581 17173 D AudioSystem: +setParameters(): crystal_talk_voip_mode=0 
06-08 00:52:05.217  1411 16220 D AudioALSAHardware: -getParameters(), (mAudioALSAHardware addr 0xb400007caa8aaa00) return "crystal_talk_voip_mode=0"
06-08 00:52:05.218  1514  2835 D AudioFlinger: getParameters() io 0, keys crystal_talk_voip_mode, calling pid 32077
06-08 00:52:05.218  1411  1469 D AudioALSAHardware: -getParameters(), (mAudioALSAHardware addr 0xb400007caa8aaa00) return "crystal_talk_voip_mode=0"
06-08 00:52:05.220  1514 14347 D AudioFlinger: getParameters() io 0, keys crystal_talk_voip_mode, calling pid 32077
06-08 00:52:05.220  1411  1469 D AudioALSAHardware: -getParameters(), (mAudioALSAHardware addr 0xb400007caa8aaa00) return "crystal_talk_voip_mode=0"
06-08 00:52:05.220  1514 17862 D AudioFlinger: getParameters() io 0, keys crystal_talk_voip_mode, calling pid 32077
06-08 00:52:05.220  1411  1469 D AudioALSAHardware: -getParameters(), (mAudioALSAHardware addr 0xb400007caa8aaa00) return "crystal_talk_voip_mode=0"
06-08 00:52:05.220  1514 17864 D AudioFlinger: getParameters() io 0, keys crystal_talk_voip_mode, calling pid 32077
06-08 00:52:05.222  1411 16220 D AudioALSAHardware: -getParameters(), (mAudioALSAHardware addr 0xb400007caa8aaa00) return "crystal_talk_voip_mode=0"
06-08 00:52:05.223  1514 13061 D AudioFlinger: getParameters() io 0, keys crystal_talk_voip_mode, calling pid 32077
06-08 00:52:05.223  1411  8519 D AudioALSAHardware: -getParameters(), (mAudioALSAHardware addr 0xb400007caa8aaa00) return "crystal_talk_voip_mode=0"
06-08 00:52:05.224  1514  6712 D AudioFlinger: getParameters() io 0, keys crystal_talk_voip_mode, calling pid 32077
06-08 00:52:05.224  1411  8519 D AudioALSAHardware: -getParameters(), (mAudioALSAHardware addr 0xb400007caa8aaa00) return "crystal_talk_voip_mode=0"
06-08 00:52:05.225  1514 17866 D AudioFlinger: getParameters() io 0, keys crystal_talk_voip_mode, calling pid 32077
06-08 00:52:05.225  1411 16220 D AudioALSAHardware: -getParameters(), (mAudioALSAHardware addr 0xb400007caa8aaa00) return "crystal_talk_voip_mode=0"
06-08 00:52:05.226  1514  1589 D AudioFlinger: getParameters() io 0, keys crystal_talk_voip_mode, calling pid 32077
06-08 00:52:05.226  1411 16220 D AudioALSAHardware: -getParameters(), (mAudioALSAHardware addr 0xb400007caa8aaa00) return "crystal_talk_voip_mode=0"
06-08 00:52:05.226  1752  1866 D AALService: [CRTC_113] onBacklightChanged(bits:14) 2347/1023 -> 2384/1023(phy:2384/4095)
06-08 00:52:05.226  1752  1866 D AALService: [CRTC_113] 06-08 12:52:05.215 BL=2347,ESS= 256, 
06-08 00:52:05.227  1411  8519 D AudioALSAHardware: -getParameters(), (mAudioALSAHardware addr 0xb400007caa8aaa00) return "crystal_talk_voip_mode=0"
06-08 00:52:05.228  1424  1497 I sensors.als: sensor event size: 1
06-08 00:52:05.228  1424  1497 I sensors.als: Light sensor event, value: 23.000000
06-08 00:52:05.228  1424  1497 I sensors.als: Light sensor event, data0: 23.000000
06-08 00:52:05.228  1514 17865 D AudioFlinger: getParameters() io 0, keys crystal_talk_voip_mode, calling pid 32077
06-08 00:52:05.228  1449 18604 D libcomposer_ext: ClientImplAidl::getDispDump(), dpy 1, dst (64, 64), dump_point 1, release_fence -1
06-08 00:52:05.228  1514  3390 D AudioFlinger: getParameters() io 0, keys crystal_talk_voip_mode, calling pid 32077
06-08 00:52:05.229  1411 16220 D AudioALSAHardware: -getParameters(), (mAudioALSAHardware addr 0xb400007caa8aaa00) return "crystal_talk_voip_mode=0"
06-08 00:52:05.230  1418  1418 D libcomposer_ext: DeviceImplAidl::syncPerform(14), client_handle: 0
06-08 00:52:05.230  1418  1418 D libcomposer_ext: DeviceImplAidl::DeviceClientContextAidl::ParseGetDispDump()
06-08 00:52:05.230  1418  1418 D libcomposer_ext: DeviceImplAidl::ParseGetDispDump(), dpy 1, dst (64, 64), dump_point 1
06-08 00:52:05.230  1418  1418 I hwcomposer: [HWC] getDispDump(), dpy 1, (711,19,775,83), (64, 64), (1, 1), (15000000), (-1), (0xb4000071caa11010)  
06-08 00:52:05.230  1418  1418 I hwcomposer: [DRMDEV] isSupportWbParams(), id_crtc 113, id_connector 32, dump_point 1, src(64, 64), dst(64, 64), config 1  
06-08 00:52:05.230  1418  1418 E hwcomposer: [DRMDEV] isSupportWbParams(), disp(1220, 2712)  
06-08 00:52:05.230  1418  1418 I hwcomposer: [DISP_DUMP] setDumpBuf(), dpy(0), src(711, 19, 775, 83), dst(64, 64), (1, 1), 15000000, (-1), (0xb4000071caa11010)  
06-08 00:52:05.230  1418  1418 I hwcomposer: [HWC] (0)fire a callback of refresh to SF[9]  
06-08 00:52:05.230  1514  2295 D AudioFlinger: getParameters() io 0, keys crystal_talk_voip_mode, calling pid 32077
06-08 00:52:05.230  1411 16220 D AudioALSAHardware: -getParameters(), (mAudioALSAHardware addr 0xb400007caa8aaa00) return "crystal_talk_voip_mode=0"
06-08 00:52:05.231  1514 14019 D AudioFlinger: getParameters() io 0, keys crystal_talk_voip_mode, calling pid 32077
06-08 00:52:05.231  1411  1469 D AudioALSAHardware: -getParameters(), (mAudioALSAHardware addr 0xb400007caa8aaa00) return "crystal_talk_voip_mode=0"
06-08 00:52:05.232  1514 17863 D AudioFlinger: getParameters() io 0, keys crystal_talk_voip_mode, calling pid 32077
06-08 00:52:05.232  1411  1469 D AudioALSAHardware: -getParameters(), (mAudioALSAHardware addr 0xb400007caa8aaa00) return "crystal_talk_voip_mode=0"
06-08 00:52:05.234  1514  1590 D AudioFlinger: getParameters() io 0, keys crystal_talk_voip_mode, calling pid 32077
06-08 00:52:05.234  1411  1469 D AudioALSAHardware: -getParameters(), (mAudioALSAHardware addr 0xb400007caa8aaa00) return "crystal_talk_voip_mode=0"
06-08 00:52:05.235  1418  1418 D libcomposer_ext: DeviceImplAidl::DeviceClientContextAidl::NotifyDispDumpReady()
06-08 00:52:05.235  1514 16392 D AudioFlinger: getParameters() io 0, keys crystal_talk_voip_mode, calling pid 32077
06-08 00:52:05.235  1411  1469 D AudioALSAHardware: -getParameters(), (mAudioALSAHardware addr 0xb400007caa8aaa00) return "crystal_talk_voip_mode=0"
06-08 00:52:05.235  1449  1893 D libcomposer_ext: ClientCallbackAidl::asyncPerform(15)
06-08 00:52:05.235  1449  1893 D libcomposer_ext: ClientImplAidl::ParseNotifyDispDumpReady()
06-08 00:52:05.235  1514  3534 D AudioFlinger: getParameters() io 0, keys crystal_talk_voip_mode, calling pid 32077
06-08 00:52:05.235  1411  1469 D AudioALSAHardware: -getParameters(), (mAudioALSAHardware addr 0xb400007caa8aaa00) return "crystal_talk_voip_mode=0"
06-08 00:52:05.236  1514  2835 D AudioFlinger: getParameters() io 0, keys crystal_talk_voip_mode, calling pid 32077
06-08 00:52:05.236  1411  8519 D AudioALSAHardware: -getParameters(), (mAudioALSAHardware addr 0xb400007caa8aaa00) return "crystal_talk_voip_mode=0"
06-08 00:52:05.237  1514 14347 D AudioFlinger: getParameters() io 0, keys crystal_talk_voip_mode, calling pid 32077
06-08 00:52:05.237  1411  8519 D AudioALSAHardware: -getParameters(), (mAudioALSAHardware addr 0xb400007caa8aaa00) return "crystal_talk_voip_mode=0"
06-08 00:52:05.237  1752  1866 D AALService: [CRTC_113] onBacklightChanged(bits:14) 2384/1023 -> 2421/1023(phy:2421/4095)
06-08 00:52:05.237  1752  1866 D AALService: [CRTC_113] 06-08 12:52:05.226 BL=2384,ESS= 256, 
06-08 00:52:05.237  1514 17862 D AudioFlinger: getParameters() io 0, keys crystal_talk_voip_mode, calling pid 32077
06-08 00:52:05.238  1411  8519 D AudioALSAHardware: -getParameters(), (mAudioALSAHardware addr 0xb400007caa8aaa00) return "crystal_talk_voip_mode=0"
06-08 00:52:05.239  1411  1469 D AudioALSAHardware: +setParameters(): crystal_talk_voip_mode=0(mAudioALSAHardware addr 0xb400007caa8aaa00), newKey null
06-08 00:52:05.239  1411  1469 D aurisys_controller: lib_name goodix_speech, ADB_CMD_PARAM_FILE: /vendor/etc/goodix/ve21rv/
06-08 00:52:05.239  1411  1469 D aurisys_controller: [LIB] lvve_arsi_load_param(), product_info platform=MT6878,device=scout,model=motorola edge 60, parsing file /vendor/etc/goodix/ve21rv/
06-08 00:52:05.239  1514 17864 D AudioFlinger: getParameters() io 0, keys crystal_talk_voip_mode, calling pid 32077
06-08 00:52:05.239  1411  1469 D aurisys_controller: [LIB] lvve_arsi_load_param(), alloc private buf 0x7bc2cd1638
06-08 00:52:05.239  1411  1469 D audio_messenger_ipi: hal send, task: 42, msg_id: 0xada1, ack_type: 1, p1: 0x228, p2: 0x0, dma sz: 0, idx: 0, hal sz: 552
06-08 00:52:05.241  1411  1469 D aurisys_controller: lib_name goodix_speech, scene 7, ADB_CMD_APPLY_PARAM: 0
06-08 00:52:05.241  1411  1469 D aurisys_controller: lib_name goodix_speech, scene 8, ADB_CMD_APPLY_PARAM: 0
06-08 00:52:05.241  1411  1469 D aurisys_controller: lib_name goodix_speech, scene 14, ADB_CMD_APPLY_PARAM: 0
06-08 00:52:05.241  1411  1469 D audio_messenger_ipi: hal send, task: 42, msg_id: 0xada1, ack_type: 1, p1: 0x228, p2: 0x0, dma sz: 0, idx: 0, hal sz: 552
06-08 00:52:05.242  1411  1469 D AudioALSAHardware: -setParameters(): crystal_talk_voip_mode=0
06-08 00:52:05.245  2764  3100 D SatelliteController: iisInCarrierRoamingNbIotNtn: satellite is disabled
06-08 00:52:05.245  1411  1469 D AudioALSAHardware: -getParameters(), (mAudioALSAHardware addr 0xb400007caa8aaa00) return "crystal_talk_voip_mode=0"
06-08 00:52:05.247  1411  8519 D AudioALSAHardware: -getParameters(), (mAudioALSAHardware addr 0xb400007caa8aaa00) return "crystal_talk_voip_mode=0"
06-08 00:52:05.247  1411  8519 D AudioALSAHardware: -getParameters(), (mAudioALSAHardware addr 0xb400007caa8aaa00) return "crystal_talk_voip_mode=0"
06-08 00:52:05.248  1752  1866 D AALService: [CRTC_113] onBacklightChanged(bits:14) 2421/1023 -> 2457/1023(phy:2457/4095)
06-08 00:52:05.248  1752  1866 D AALService: [CRTC_113] 06-08 12:52:05.239 BL=2421,ESS= 256, 
06-08 00:52:05.248  1411  1469 D AudioALSAHardware: -getParameters(), (mAudioALSAHardware addr 0xb400007caa8aaa00) return "crystal_talk_voip_mode=0"
06-08 00:52:05.249  1411 16220 D AudioALSAHardware: -getParameters(), (mAudioALSAHardware addr 0xb400007caa8aaa00) return "crystal_talk_voip_mode=0"
