06-08 00:52:53.515  1740 20408 E MetadataHelper: [operator()] [idx(1)] query MTK_3A_FEATURE_AE_VALID_EXPOSURE_NUM Fail !! (operator()){#2223:vendor/mediatek/proprietary/hardware/mtkcam-core/aaa/aaahal/source/Hal3AFlowCtrl/v1.0/metadata_helper/MetadataHelper.cpp}
06-08 00:52:53.515  1740 20408 E MetadataHelper: [operator()] [idx(1)] [operator()] query MTK_OIS_UPDATE_DAC Fail !! (operator()){#2291:vendor/mediatek/proprietary/hardware/mtkcam-core/aaa/aaahal/source/Hal3AFlowCtrl/v1.0/metadata_helper/MetadataHelper.cpp}
06-08 00:52:53.515  1740 20408 E MetadataHelper: [operator()] [idx(1)] [operator()] query MTK_CONTROL_HAL_ZOOM_RATIO Fail !! (operator()){#2313:vendor/mediatek/proprietary/hardware/mtkcam-core/aaa/aaahal/source/Hal3AFlowCtrl/v1.0/metadata_helper/MetadataHelper.cpp}
06-08 00:52:53.515  1740 20408 E MetadataHelper: [operator()] [idx(1)] [operator()] query MTK_CONTROL_STREAMING_HINT_FOR_CUSTOM_TUNING Fail !! (operator()){#2336:vendor/mediatek/proprietary/hardware/mtkcam-core/aaa/aaahal/source/Hal3AFlowCtrl/v1.0/metadata_helper/MetadataHelper.cpp}
06-08 00:52:53.515  1740 20408 E MetadataHelper: [operator()] [idx(1)] [operator()] query MTK_CONTROL_CAPTURE_HINT_FOR_CUSTOM_TUNING Fail !! (operator()){#2354:vendor/mediatek/proprietary/hardware/mtkcam-core/aaa/aaahal/source/Hal3AFlowCtrl/v1.0/metadata_helper/MetadataHelper.cpp}
06-08 00:52:53.515  1740 20408 E MetadataHelper: [operator()] [idx(1)] query MTK_MULTI_CAM_FEATURE_MODE Fail !! (operator()){#2397:vendor/mediatek/proprietary/hardware/mtkcam-core/aaa/aaahal/source/Hal3AFlowCtrl/v1.0/metadata_helper/MetadataHelper.cpp}
06-08 00:52:53.515  1740 20408 E MetadataHelper: [operator()] [idx(1)] query MTK_3A_FEATURE_AISHUTTER_MODE Fail !! (operator()){#2407:vendor/mediatek/proprietary/hardware/mtkcam-core/aaa/aaahal/source/Hal3AFlowCtrl/v1.0/metadata_helper/MetadataHelper.cpp}
06-08 00:52:53.515  1740 20408 I Hal3AFlowCtrl_v1.0: [getInitialInfo] [idx(1)] LIFE_CYCLE config(ReqNum:#0xfff12345(#-974011))
06-08 00:52:53.516  1740 20408 I Hal3AFlowCtrl_v1.0: [getInitialInfo] [idx(1)] LIFE_CYCLE - frame rate(300)/exp cnt(1) exp(0, 0, 0, 0, 60004152, 0, 0, 0, 0, 0), AE(M:0, APP/HAL fps(5000~30000/5000~30000) is_ai_shutter_v1_en(1) is_subsample_mode(0) is_fd_enable(1) is_remosaic(0) is_keep_streaming_info(0) fd_num(0) valid_exp(0) m_ori_provider(0x0)
06-08 00:52:53.517  1740 20408 W MtkCam/CamsysManager: (1133) [setupCamsysDeployment] sensorId(1) not in workingBufferMap, set 0 !
06-08 00:52:53.517  1740 20454 E MetadataHelper: [operator()] [idx(1)] MTK_LOGICAL_MULTI_CAMERA_PHYSICAL_IDS are not defined (operator()){#363:vendor/mediatek/proprietary/hardware/mtkcam-core/aaa/aaahal/source/Hal3AFlowCtrl/v1.0/metadata_helper/MetadataHelper.cpp}
06-08 00:52:53.517  1740 20454 E MetadataHelper: [operator()] [idx(1)] query MTK_3A_FEATURE_AE_TARGET_MODE Fail !! (operator()){#2191:vendor/mediatek/proprietary/hardware/mtkcam-core/aaa/aaahal/source/Hal3AFlowCtrl/v1.0/metadata_helper/MetadataHelper.cpp}
06-08 00:52:53.517  1740 20454 E MetadataHelper: [operator()] [idx(1)] query MTK_3A_ISP_FUS_NUM Fail !! (operator()){#2198:vendor/mediatek/proprietary/hardware/mtkcam-core/aaa/aaahal/source/Hal3AFlowCtrl/v1.0/metadata_helper/MetadataHelper.cpp}
06-08 00:52:53.517  1740 20454 E MetadataHelper: [operator()] [idx(1)] query MTK_HDR_FEATURE_HDR_HAL_MODE Fail !! (operator()){#2215:vendor/mediatek/proprietary/hardware/mtkcam-core/aaa/aaahal/source/Hal3AFlowCtrl/v1.0/metadata_helper/MetadataHelper.cpp}
06-08 00:52:53.517  1740 20454 E MetadataHelper: [operator()] [idx(1)] query MTK_3A_FEATURE_AE_VALID_EXPOSURE_NUM Fail !! (operator()){#2223:vendor/mediatek/proprietary/hardware/mtkcam-core/aaa/aaahal/source/Hal3AFlowCtrl/v1.0/metadata_helper/MetadataHelper.cpp}
06-08 00:52:53.517  1740 20454 E MetadataHelper: [operator()] [idx(1)] [operator()] query MTK_OIS_UPDATE_DAC Fail !! (operator()){#2291:vendor/mediatek/proprietary/hardware/mtkcam-core/aaa/aaahal/source/Hal3AFlowCtrl/v1.0/metadata_helper/MetadataHelper.cpp}
06-08 00:52:53.517  1740 20454 E MetadataHelper: [operator()] [idx(1)] [operator()] query MTK_CONTROL_HAL_ZOOM_RATIO Fail !! (operator()){#2313:vendor/mediatek/proprietary/hardware/mtkcam-core/aaa/aaahal/source/Hal3AFlowCtrl/v1.0/metadata_helper/MetadataHelper.cpp}
06-08 00:52:53.517  1740 20454 E MetadataHelper: [operator()] [idx(1)] [operator()] query MTK_CONTROL_STREAMING_HINT_FOR_CUSTOM_TUNING Fail !! (operator()){#2336:vendor/mediatek/proprietary/hardware/mtkcam-core/aaa/aaahal/source/Hal3AFlowCtrl/v1.0/metadata_helper/MetadataHelper.cpp}
06-08 00:52:53.517  1740 20454 E MetadataHelper: [operator()] [idx(1)] [operator()] query MTK_CONTROL_CAPTURE_HINT_FOR_CUSTOM_TUNING Fail !! (operator()){#2354:vendor/mediatek/proprietary/hardware/mtkcam-core/aaa/aaahal/source/Hal3AFlowCtrl/v1.0/metadata_helper/MetadataHelper.cpp}
06-08 00:52:53.517  1740 20454 E MetadataHelper: [operator()] [idx(1)] query MTK_MULTI_CAM_FEATURE_MODE Fail !! (operator()){#2397:vendor/mediatek/proprietary/hardware/mtkcam-core/aaa/aaahal/source/Hal3AFlowCtrl/v1.0/metadata_helper/MetadataHelper.cpp}
06-08 00:52:53.517  1740 20454 E MetadataHelper: [operator()] [idx(1)] query MTK_3A_FEATURE_AISHUTTER_MODE Fail !! (operator()){#2407:vendor/mediatek/proprietary/hardware/mtkcam-core/aaa/aaahal/source/Hal3AFlowCtrl/v1.0/metadata_helper/MetadataHelper.cpp}
06-08 00:52:53.517  1740 20454 I Hal3AImp_v1_0: [Config] [idx(1)] LIFE_CYCLE [288] +
06-08 00:52:53.517  1740 20454 I af_mgr  : {ADA} [Config:270] idx(1) is_support_af(0/0) tg_w_h(4080 3060)
06-08 00:52:53.517  1740 20454 I af_mgr  : {ADA} [Config:285] ExtendROI sensor_pclk(560000000) sensor_line(289411200) sensor_mode(0)
06-08 00:52:53.517  1740 20454 I af_mgr  : {ADA} [Config:327] idx(1), DBKey : sensor_id(0x38ee) action(0) project(0) sensor_mode(0) custom_00(0) app(12) module_id(0) subs(0) fps(30000) db_F(0)cusID(0) cus2ID(0) senID(0)
06-08 00:52:53.517  1740  2172 I Hal3AImp_v1_0: [operator()] [idx(1)] [config] Config on CTM +
06-08 00:52:53.517  1740 20454 I TaskQueue: [BaseQueue] TsfTask create serial queue with affinity:0x00
06-08 00:52:53.518  1740  2172 E ae_mgr_v4l2: [1][getAlgoDbgData] Failed to allocate memory for AlgoDebugData size(231980) is_enable_ndd(0) (getAlgoDbgData){#1904:vendor/mediatek/proprietary/hardware/libcam_hal/libmgr/ae_mgr/isp_7sp/ae_mgr_flow.cpp}
06-08 00:52:53.518  1740  2172 D AppAISHUTTERME: getInstance 
06-08 00:52:53.518  1740  2172 D AppAISHUTTERME: [AppAISHUTTERME] VERSION v1.0.0 
06-08 00:52:53.518  1740  2172 D AppAISHUTTERME: constructor
06-08 00:52:53.518  1740  2172 D AppAISHUTTERME: FeatureCtrl  FeatureID(4) 
06-08 00:52:53.518  1740  2172 D AppAISHUTTERME: setTuningInfo: mvConfThl=128, bbRatio=20
06-08 00:52:53.518  1740  2172 D AppAISHUTTERME: setTuningInfo: l1yDarkThl=5 meSource=4
06-08 00:52:53.518  1740  2172 D AppAISHUTTERME: setTuningInfo: upIIRCoef=4, downIIRCoef=4
06-08 00:52:53.518  1740  2172 D AppAISHUTTERME: setTuningInfo: AIseg DilW=5, DilH=5, TempConnCompMax=32767, FinalConnCompMax=255 HumanIndex=12, HumanCntThlRatio=64, MainBoxAreaThlRatio=128
06-08 00:52:53.518  1740 20454 I TsfImp  : [setConfig +] 
06-08 00:52:53.518  1740 20454 I TsfImp  : [flush] Sensor(1) m_fgThreadExec(0)
06-08 00:52:53.518  1740  2172 D AppAISHUTTERME: setTuningInfo: MV AccuThl=8, AccuShiftThl=4, HistStillBins=4 MotionCntHighThlRatio=48, MotionCntLowThlRatio=88, enIIRBlending=0
06-08 00:52:53.518  1740 20454 I TsfImp  : [setConfig] Sensor(1), Scn(0), WxH(4080x3060), Grid(17x17), raw_wd(4080), raw_ht(3060), block_wd(127), block_ht(95), xgrid(17), ygrid(17), wd_first(131), ht_first(100), wd_last(131), ht_last(100)
06-08 00:52:53.518  1740 20454 I TsfImp  : [tsfInit +] Sensor(1)
06-08 00:52:53.518  1740  2172 D AppAISHUTTERME: Init 
06-08 00:52:53.518  1740  2172 D AppAISHUTTERME: maxMVWidth(144), maxMVHeight(144)
06-08 00:52:53.518  1740  2172 D AppAISHUTTERME: maxSegWidth(128), maxSegHeight(128)
06-08 00:52:53.518  1740  2172 D AppAISHUTTERME: [AppAISHUTTERME] initialize 
06-08 00:52:53.518  1740  2172 D AppAISHUTTERME: mode:2, maxMVWidth:144, maxMVHeight:144, maxSegWidth:128, maxSegHeight:128, uniKey:70800718429989
06-08 00:52:53.518  1740  2172 D AppAISHUTTERME: [initializeTuningParam] debugLevel(0)
06-08 00:52:53.518  1740  2172 D AppAISHUTTERME: [initializeTuningParam] logLevel(0)
06-08 00:52:53.518  1740  2172 D AppAISHUTTERME: [getBufferSizeNeeded] buffersize Needed: 635056
06-08 00:52:53.519  1740  2172 D AppAISHUTTERME: [setupBuffer] buf size(635056) buf addr(0x2a0bdf50)
06-08 00:52:53.519  1740 20454 I TsfImp  : [tsfInit -] Sensor(1)
06-08 00:52:53.519  1740 20454 I TsfImp  : [setConfig -] 
06-08 00:52:53.519  1740 20454 W af_assist: {MGR} [ConfigSetParm] dev(1), req_id(0x0), sensor_id(0x38ee), sensor_mode(0), pdaf_support_type(0) sensor_mode_suppport_pdaf(0), pixel_clock(560000000), line_length(4224), mirror_flip(3),  tg_sz(4080, 3060), cap_sz(4080, 3060), line_len_time(7542)
06-08 00:52:53.519  1740 20454 W af_assist: {MGR} [Config] dev(1), PD block info:type(0)/offset(0,0)/pitch(0,0)/pairNum(0)/subBlkSz(0,0)/blockNum(0,0)/mirrorFlip(0)/volume(1,1)/fullRawSz(0,0)/vcPackNum(1/0)/modeIndex(0)/binFac(0,0)/pdPattern(0)/pdRept(0)/pdOrder(0,0,0,0,0,0,0,0,0,0,0,0), noTrs(0), PD VC Info:DataType(0x0)/ID(0x0)/SIZEH(0x0 PIXEL=0x0 BYTE)/SIZEV(0x0)/DT_REMAP(0)/DATA_BIT(0)/VALID_BIT(0), win Info:FullImgSz(8160,6120)/Crop(0, 0, 8160, 6120)
06-08 00:52:53.519  1740 20454 W af_assist: {MGR} [PDChk] <0x38ee> : PDPattern(0), check driver's PD PDPattern
06-08 00:52:53.519  1740 20454 W af_assist: {MGR} [PDChk] <0x38ee> : MirrorFlip(0) -> (3), check driver's PD MirrorFlip
06-08 00:52:53.519  1740 20454 W af_assist: {MGR} [Config] dev(1), AF calibration information : Inf(0, 0) Macro(0, 0) Max(1023) , PDAF calibration information : size(0 BYTE), first 4 dword(0x00000000 0x00000000 0x00000000 0x00000000)
06-08 00:52:53.521  1740  2172 I Hal3AImp_v1_0: [operator()] [idx(1)] [config] Config on CTM -
06-08 00:52:53.521  1740 20454 I Hal3AImp_v1_0: [Config] [idx(1)] LIFE_CYCLE [470] -
06-08 00:52:53.521  1740 20454 E Thread3A: [start] [idx(1)] [start:107] pthread_setschedparam FAILED ret = 22 (start){#107:vendor/mediatek/proprietary/hardware/mtkcam-core/aaa/aaahal/source/Hal3AFlowCtrl/v1.0/aaa_hal_thread/Thread3A.cpp}
06-08 00:52:53.521  1740 20454 I Hal3AImp_v1_0: [Start] [idx(1)] LIFE_CYCLE [476]
06-08 00:52:53.523  1740 20454 D isp_tuning_custom: Get camera DB path: /vendor/bin/crossbuild
06-08 00:52:53.523  1740 20454 I RequestRegulator: Cam::1 [config] stage(0)/proc(0xb400006fd6765a70)/cond(0x0)
06-08 00:52:53.523  1740 20454 I RequestRegulator: Cam::1 [config] stage(2)/proc(0xb400006fd6765a70)/cond(0xb400006fd67657f0)
06-08 00:52:53.523  1740 20454 D isp_tuning_custom: Get camera DB path: /vendor/bin/crossbuild
06-08 00:52:53.527  1740 20458 W neuron  : APUSys failed to get VLM size!
06-08 00:52:53.531  1740 20458 D neuron_wrapper: apusysSession_createInstance
06-08 00:52:53.532  1740 20408 W MtkCam/RequestLicenseMgr: [release] requestFd(488) was allocated but not enqued yet, close it
06-08 00:52:53.532  1740 20408 I MtkCam/P1NodeImp: [hardwareOps_start] Cam::1 CamCtrl init -
06-08 00:52:53.532  1740 20408 I MtkCam/P1NodeImp: [hardwareOps_start] CamCtrl_INT sensorMode:0 fps:30 size:4080x3060, batch:1, enableSecure:0, secType:0, offlineSync:0  laggingLaunch:0
06-08 00:52:53.532  1740 20408 I MtkCam/P1NodeImp: [hardwareOps_start] Cam::1 CamCtrl prestart + frameNo(-1) AppMeta(0) HalMeta(0), SensorMode(0) SensorSize(4080x3060) OfflineSync(0)
06-08 00:52:53.532  1740 20408 I MtkCam/P1NodeImp: [hardwareOps_start] Cam::1 CamCtrl prestart -
06-08 00:52:53.532  1740 20408 I MtkCam/P1NodeImp: [hardwareOps_start] Cam::1 CamCtrl config +
06-08 00:52:53.532  1740 20408 W MtkCam/PipeMgr: [configPipeline] pipeStream(mtk-cam raw-0) is not active, force request fd to -1
06-08 00:52:53.533  1740 20408 W MtkCam/RequestLicenseMgr: [release] requestFd(507) was allocated but not enqued yet, close it
06-08 00:52:53.533  1740 20408 I MtkCam/CamCoordinatorAgent: [configNonLaggingP1Drv][U:230] trigger NonLagging - errorCode(0)
06-08 00:52:53.533  1740 20408 I TaskQueue: [BaseQueue] StorageBuffer::create create concurrent queue with affinity:0x00
06-08 00:52:53.533  1740 20408 I TaskQueue: [BaseQueue] StorageBuffer::create create concurrent queue with affinity:0x00
06-08 00:52:53.533  1740 20408 I TaskQueue: [BaseQueue] StorageBuffer::create create concurrent queue with affinity:0x00
06-08 00:52:53.533  1740 20458 D neuron_wrapper: apusysSession_createInstance done
06-08 00:52:53.533  1740 20408 I MtkCam/P1NodeImp: [hardwareOps_start] Cam::1 CamCtrl config -
06-08 00:52:53.533  1740 20408 I MtkCam/P1NodeImp: [hardwareOps_start] CamCtrl_CFG appt:0 lowLatency:0 init:0
06-08 00:52:53.533  1740 20458 D neuron_wrapper: type: [0], deviceNum: 1
06-08 00:52:53.533  1740 20408 I MtkCam/P1NodeImp: [hardwareOps_start] Cam::1 CamCtrl start +
06-08 00:52:53.533  1740 20458 D neuron_wrapper: apusysSession_deleteInstance
06-08 00:52:53.533  1740 20458 D neuron_wrapper: apusysSession_deleteInstance done
06-08 00:52:53.534  1740 20461 I mtkpower_client: perf_lock_acq, hdl:0, dur:0, num:2, pid:1740, tid:20461
06-08 00:52:53.534  1740 20461 I mtkpower_client: ret_hdl:15856
06-08 00:52:53.534  1740 20461 W MtkCam/DequeHelper: [dequeLoop] availableNodes is empty, sleep 10ms
06-08 00:52:53.534  1464  1552 I libPowerHal: [perfLockAcq] idx:6 hdl:15856 hint:-1 pid:1740 tid:20461 duration:0 lock_user:binder:1740_2 => ret_hdl:15856
06-08 00:52:53.535  1464  1552 I libPowerHal: [PE] binder:1740_2 update ONESHOT(set) cmd:1448300 param:20461
06-08 00:52:53.535  1740  2185 I MtkCam/CCD: create service with SCHED_RR or SCHED_FIFO:2
06-08 00:52:53.535  1740 20465 I MtkCam/CCD: workerservice: mtk-camsys0 src: 1
06-08 00:52:53.536  1740 20408 I Hal3AImp_v1_0: [GetSettingToEnQ] [idx(1)] [GetSettingToEnQ] enq_id(#5ffffffff), camsys change
06-08 00:52:53.536  1740 20408 I MtkCam/GyroMVService: (20408)[queryPort] Both R1/R3 gyroMV buffers are invalid, maxSizePort valid(0)
06-08 00:52:53.536  1740 20408 W MtkCam/GyroMVService: (20408)[getLatestGyroMV] Check fail!, cond:[!queryPort(sensorId, rrzWidth, p1Port)]
06-08 00:52:53.538  1740 20408 I MtkCam/GyroMVService: (20408)[queryPort] Both R1/R3 gyroMV buffers are invalid, maxSizePort valid(0)
06-08 00:52:53.538  1740 20408 W MtkCam/GyroMVService: (20408)[getLatestGyroMV] Check fail!, cond:[!queryPort(sensorId, rrzWidth, p1Port)]
06-08 00:52:53.539  1740 20408 I MtkCam/GyroMVService: (20408)[queryPort] Both R1/R3 gyroMV buffers are invalid, maxSizePort valid(0)
06-08 00:52:53.539  1740 20408 W MtkCam/GyroMVService: (20408)[getLatestGyroMV] Check fail!, cond:[!queryPort(sensorId, rrzWidth, p1Port)]
06-08 00:52:53.540  1740 20408 I MtkCam/P1NodeImp: [hardwareOps_start] Cam::1 CamCtrl start -
06-08 00:52:53.540  1740 20413 I MtkCam/P1NodeImp: [deliverThread] Cam::1 deliver thread run
06-08 00:52:53.540  1740 17742 I MtkCam/ppl_context: [waitUntilConfigDone] sendFrame: pipeline config done - err:0
06-08 00:52:53.581  1424  1497 I sensors.als: sensor event size: 1
06-08 00:52:53.581  1424  1497 I sensors.als: Light sensor event, value: 47.000000
06-08 00:52:53.581  1424  1497 I sensors.als: Light sensor event, data0: 47.000000
06-08 00:52:53.581  1449 18604 D libcomposer_ext: ClientImplAidl::getDispDump(), dpy 1, dst (64, 64), dump_point 1, release_fence -1
06-08 00:52:53.582  1418  1450 D libcomposer_ext: DeviceImplAidl::syncPerform(14), client_handle: 0
06-08 00:52:53.582  1418  1450 D libcomposer_ext: DeviceImplAidl::DeviceClientContextAidl::ParseGetDispDump()
06-08 00:52:53.582  1418  1450 D libcomposer_ext: DeviceImplAidl::ParseGetDispDump(), dpy 1, dst (64, 64), dump_point 1
06-08 00:52:53.582  1418  1450 I hwcomposer: [HWC] getDispDump(), dpy 1, (711,19,775,83), (64, 64), (1, 1), (15000000), (-1), (0xb4000071caa11010)  
06-08 00:52:53.582  1418  1450 I hwcomposer: [DRMDEV] isSupportWbParams(), id_crtc 113, id_connector 32, dump_point 1, src(64, 64), dst(64, 64), config 1  
06-08 00:52:53.582  1418  1450 E hwcomposer: [DRMDEV] isSupportWbParams(), disp(1220, 2712)  
06-08 00:52:53.582  1418  1450 I hwcomposer: [DISP_DUMP] setDumpBuf(), dpy(0), src(711, 19, 775, 83), dst(64, 64), (1, 1), 15000000, (-1), (0xb4000071caa11010)  
06-08 00:52:53.582  1418  1450 I hwcomposer: [HWC] (0)fire a callback of refresh to SF[9]  
06-08 00:52:53.588  1418  1450 D libcomposer_ext: DeviceImplAidl::DeviceClientContextAidl::NotifyDispDumpReady()
06-08 00:52:53.588  1449  1893 D libcomposer_ext: ClientCallbackAidl::asyncPerform(15)
06-08 00:52:53.588  1449  1893 D libcomposer_ext: ClientImplAidl::ParseNotifyDispDumpReady()
06-08 00:52:53.612  1740 20466 I RequestRegulator: Cam::1 [changeDueSetting] New DUE setting: time_ms/sof_cnt/scenario(45/1/3)
06-08 00:52:53.612  1740 20466 I RequestRegulator: Cam::1 [signal] VSirq : SofIdx(29166), getSofIdx(-1/1), processed(3<->1), CamsysFrameSequence(1)
06-08 00:52:53.613  1740 14526 W mtkcam-capturesession: [1-CaptureSessionDefault::onGetSharedSteramPoolAllocSize] poolSize 1 -> 0.000000 fail (map is empty) !!
06-08 00:52:53.613  1740 14526 W mtkcam-capturesession: [1-CaptureSessionDefault::onRunTimeUpdateSharedStreamPoolSize] UpdateSharedSteramPoolSize 1 -> 1 fail (map is empty) !!
06-08 00:52:53.613  1449 18604 D SENSOREXT_ALS_COMP: FrontLight: ReportLux 8.74 (47.00-38.26), pre 7.90, dbv 3966, dc 0, fps 120, chPanel 23117.2793-17553.6758-4729.8008-59054.9219, facCal:lux_s 1.19 cha_s 0.98-1.02-1.15-0.98, RunInfo: DPB 0-0, TF 0-0, Panel scout-csot
06-08 00:52:53.614  1424  1497 I sensors.als: LIGHT_SENSOR AFTER COMPENSATION lux = 8.740654
06-08 00:52:53.635  1740 20456 I Hal3AFlowCtrl_v1.0: [_Start] [idx(1)] [MeUtil] MECli start up
06-08 00:52:53.635  1740 20456 W MECliImp: [acquire] meCli: !!warn: User(Hal3A) getLatestMEInfo fail: mspMEProd(0xb400006f36781ec8), MEResHolder::valid(0)
06-08 00:52:53.635  1740 20456 I MtkCam/GyroMVService: (20456)[queryPort] Both R1/R3 gyroMV buffers are invalid, maxSizePort valid(0)
06-08 00:52:53.635  1740 20456 W MtkCam/GyroMVService: (20456)[getLatestGyroMV] Check fail!, cond:[!queryPort(sensorId, rrzWidth, p1Port)]
06-08 00:52:53.635  1740 20456 I MtkCam/GyroMVService: (20456)[queryPort] Both R1/R3 gyroMV buffers are invalid, maxSizePort valid(0)
06-08 00:52:53.635  1740 20456 W MtkCam/GyroMVService: (20456)[getLatestOisMV] Check fail!, cond:[!queryPort(sensorId, rrzWidth, p1Port)]
06-08 00:52:53.635  1740 20456 E ae_mgr_v4l2: [1][setAEMeteringTable] AAO is null, skip. (setAEMeteringTable){#2099:vendor/mediatek/proprietary/hardware/libcam_hal/libmgr/ae_mgr/isp_7sp/ae_mgr_ctrl.cpp}
06-08 00:52:53.636  1740 20456 D camerahalserver: afd property ISO_COUNTRY_CODE: no,no
06-08 00:52:53.636  1740 20456 D camerahalserver: afd country: Norway
06-08 00:52:53.636  1740 20456 D camerahalserver: afd frequency: 50
06-08 00:52:53.636  1740 20456 D camerahalserver: init_algo(): init flicker from mcc table Hz(50).
06-08 00:52:53.639  1740 20456 W Hal3AImp_v1_0: [On3AFinish] [idx(1)] [STT](#800000000) No valid 3A result, calculation might be canceled by stream-off
06-08 00:52:53.639  1740 20456 W MECliImp: [release] meCli: !!warn: User(Hal3A)'s MEResult(fNo(0)) NOT found
06-08 00:52:53.640  1740 20459 W RequestRegulator: Cam::1 [doHintEnQ] Enque diff(2) > 1, SOF(29166/29166) ready(1) id(34359738368) req_set(2) try_alt(1)! return
06-08 00:52:53.672  1740 20466 I RequestRegulator: Cam::1 [signal] VSirq : SofIdx(29167), getSofIdx(29166/1), processed(3<->2), CamsysFrameSequence(2)
06-08 00:52:53.672  1740 20459 I MtkCam/GyroMVService: (20459)[queryPort] Both R1/R3 gyroMV buffers are invalid, maxSizePort valid(0)
06-08 00:52:53.672  1740 20459 W MtkCam/GyroMVService: (20459)[getLatestGyroMV] Check fail!, cond:[!queryPort(sensorId, rrzWidth, p1Port)]
06-08 00:52:53.695  1740 20456 W MECliImp: [acquire] meCli: !!warn: User(Hal3A) getLatestMEInfo fail: mspMEProd(0xb400006f36781ec8), MEResHolder::valid(0)
06-08 00:52:53.696  1740 20456 I MtkCam/GyroMVService: (20456)[queryPort] Both R1/R3 gyroMV buffers are invalid, maxSizePort valid(0)
06-08 00:52:53.696  1740 20456 W MtkCam/GyroMVService: (20456)[getLatestGyroMV] Check fail!, cond:[!queryPort(sensorId, rrzWidth, p1Port)]
06-08 00:52:53.696  1740 20456 I MtkCam/GyroMVService: (20456)[queryPort] Both R1/R3 gyroMV buffers are invalid, maxSizePort valid(0)
06-08 00:52:53.696  1740 20456 W MtkCam/GyroMVService: (20456)[getLatestOisMV] Check fail!, cond:[!queryPort(sensorId, rrzWidth, p1Port)]
06-08 00:52:53.696  1740 20456 D camerahalserver: afd property ISO_COUNTRY_CODE: no,no
06-08 00:52:53.696  1740 20456 D camerahalserver: afd country: Norway
06-08 00:52:53.696  1740 20456 D camerahalserver: afd frequency: 50
06-08 00:52:53.696  1740 20456 D camerahalserver: init_algo(): init flicker from mcc table Hz(50).
06-08 00:52:53.697  1740 20456 W Hal3AImp_v1_0: [On3AFinish] [idx(1)] [STT](#900000001) No valid 3A result, calculation might be canceled by stream-off
06-08 00:52:53.697  1740 20456 W MECliImp: [release] meCli: !!warn: User(Hal3A)'s MEResult(fNo(0)) NOT found
06-08 00:52:53.732  1740 20466 I RequestRegulator: Cam::1 [signal] VSirq : SofIdx(29168), getSofIdx(29167/0), processed(4<->3), CamsysFrameSequence(3)
06-08 00:52:53.732  1740 20459 I MtkCam/GyroMVService: (20459)[queryPort] Both R1/R3 gyroMV buffers are invalid, maxSizePort valid(0)
06-08 00:52:53.732  1740 20459 W MtkCam/GyroMVService: (20459)[getLatestGyroMV] Check fail!, cond:[!queryPort(sensorId, rrzWidth, p1Port)]
06-08 00:52:53.733  1740 17742 W mtkcam-capturesession: [1-CaptureSessionDefault::onGetSharedSteramPoolAllocSize] poolSize 1 -> 0.000000 fail (map is empty) !!
06-08 00:52:53.733  1740 17742 W mtkcam-capturesession: [1-CaptureSessionDefault::onRunTimeUpdateSharedStreamPoolSize] UpdateSharedSteramPoolSize 1 -> 1 fail (map is empty) !!
06-08 00:52:53.756  1740 20456 W MECliImp: [acquire] meCli: !!warn: User(Hal3A) getLatestMEInfo fail: mspMEProd(0xb400006f36781ec8), MEResHolder::valid(0)
06-08 00:52:53.756  1740 20456 I MtkCam/GyroMVService: (20456)[queryPort] Both R1/R3 gyroMV buffers are invalid, maxSizePort valid(0)
06-08 00:52:53.756  1740 20456 W MtkCam/GyroMVService: (20456)[getLatestGyroMV] Check fail!, cond:[!queryPort(sensorId, rrzWidth, p1Port)]
06-08 00:52:53.756  1740 20456 I MtkCam/GyroMVService: (20456)[queryPort] Both R1/R3 gyroMV buffers are invalid, maxSizePort valid(0)
06-08 00:52:53.756  1740 20456 W MtkCam/GyroMVService: (20456)[getLatestOisMV] Check fail!, cond:[!queryPort(sensorId, rrzWidth, p1Port)]
06-08 00:52:53.756  1740 20456 D camerahalserver: afd property ISO_COUNTRY_CODE: no,no
06-08 00:52:53.756  1740 20456 D camerahalserver: afd country: Norway
06-08 00:52:53.756  1740 20456 D camerahalserver: afd frequency: 50
06-08 00:52:53.756  1740 20456 D camerahalserver: init_algo(): init flicker from mcc table Hz(50).
06-08 00:52:53.757  1740 20456 W Hal3AImp_v1_0: [On3AFinish] [idx(1)] [STT](#a00000002) No valid 3A result, calculation might be canceled by stream-off
06-08 00:52:53.757  1740 20456 W MECliImp: [release] meCli: !!warn: User(Hal3A)'s MEResult(fNo(0)) NOT found
06-08 00:52:53.792  1740 20466 I RequestRegulator: Cam::1 [signal] VSirq : SofIdx(29169), getSofIdx(29168/1), processed(5<->4), CamsysFrameSequence(4)
06-08 00:52:53.792  1740 20459 I MtkCam/GyroMVService: (20459)[queryPort] Both R1/R3 gyroMV buffers are invalid, maxSizePort valid(0)
06-08 00:52:53.792  1740 20459 W MtkCam/GyroMVService: (20459)[getLatestGyroMV] Check fail!, cond:[!queryPort(sensorId, rrzWidth, p1Port)]
06-08 00:52:53.793  1740 17742 W mtkcam-capturesession: [1-CaptureSessionDefault::onGetSharedSteramPoolAllocSize] poolSize 1 -> 0.000000 fail (map is empty) !!
06-08 00:52:53.793  1740 17742 W mtkcam-capturesession: [1-CaptureSessionDefault::onRunTimeUpdateSharedStreamPoolSize] UpdateSharedSteramPoolSize 1 -> 1 fail (map is empty) !!
06-08 00:52:53.816  1740 20456 W MECliImp: [acquire] meCli: !!warn: User(Hal3A) getLatestMEInfo fail: mspMEProd(0xb400006f36781ec8), MEResHolder::valid(0)
06-08 00:52:53.816  1740 20456 I MtkCam/GyroMVService: (20456)[queryPort] Both R1/R3 gyroMV buffers are invalid, maxSizePort valid(0)
06-08 00:52:53.816  1740 20456 W MtkCam/GyroMVService: (20456)[getLatestGyroMV] Check fail!, cond:[!queryPort(sensorId, rrzWidth, p1Port)]
06-08 00:52:53.816  1740 20456 I MtkCam/GyroMVService: (20456)[queryPort] Both R1/R3 gyroMV buffers are invalid, maxSizePort valid(0)
06-08 00:52:53.816  1740 20456 W MtkCam/GyroMVService: (20456)[getLatestOisMV] Check fail!, cond:[!queryPort(sensorId, rrzWidth, p1Port)]
06-08 00:52:53.816  1740 20456 D camerahalserver: afd property ISO_COUNTRY_CODE: no,no
06-08 00:52:53.816  1740 20456 D camerahalserver: afd country: Norway
06-08 00:52:53.816  1740 20456 D camerahalserver: afd frequency: 50
06-08 00:52:53.816  1740 20456 D camerahalserver: init_algo(): init flicker from mcc table Hz(50).
06-08 00:52:53.817  1740 20416 W MtkCam/FdProcessor: [operator()] Cannot get first detection result, set face num to 0...
06-08 00:52:53.817  1740  2178 I MtkCam/P2G/P2GMgr: [updateSwitchCache] :sID(1) iso(8675) forceOff(0) LowPowerSwitch (1)->(0) isoH(1)
06-08 00:52:53.817  1740  2178 I MtkCam/P2G/P2GMgr: [resetFrameSetting]P2S cam 1 MWFrame:#0 MWReq:#0, frame 1-1  sfpA: Enter Reset! TNR(1): #(0) reset(0) size change(1)  sID(-1->1) turnOnSwitch(0) resetME(1)
06-08 00:52:53.817  1740  2178 I MtkCam/P2G/P2GMgr: [resetFrameSetting]After Reset. AISegEnable(0), AIColorEnable(0), AISegMapIdx(-1)
06-08 00:52:53.818  1740 20456 W Hal3AImp_v1_0: [On3AFinish] [idx(1)] [STT](#b00000003) No valid 3A result, calculation might be canceled by stream-off
06-08 00:52:53.818  1740 20416 I AIE_S   : (20416)[createInstance] EgnStream_createInstance, userName(mHalFDVT)
06-08 00:52:53.818  1740 20416 I AIE_S   : (20416)[init] FDVT EgnStream Init: mEgnInitCnt(1)
06-08 00:52:53.818  1740 20416 I AIE_D   : (20416)[getInstance] singleton[0x0x719b7db908].ctl_tbl[0x0x719b26cd68]
06-08 00:52:53.818  1740 20456 W MECliImp: [release] meCli: !!warn: User(Hal3A)'s MEResult(fNo(0)) NOT found
06-08 00:52:53.818  1740 20416 I AIE_V   : (20416)[FDVT_OpenDriver] FDVT_Init, HW FD Open CLK
06-08 00:52:53.819  1740  2180 D TKDrvHL : [gettkdpforNodes] frm_owner(412d454d5f53/S_ME-A) instance(b4000070367474a0) enqueSeq = 0
06-08 00:52:53.819  1740  2180 D TKDrvHL : [gettkdpforNodes] frm_owner(412d454d5f53/S_ME-A) instance(b4000070367474a0) matched ME or vrp1 group_sidx(0) group_mnum(2)pipe_idx(0) info->gp_idx(0) available_pipe_idx(0)me_available_pipe_idx(0xe) max_pipe_num(4) me_gp_s(2) me_pipe_idx_ring(1)
06-08 00:52:53.820  1740 20416 I AIE_D   : (20416)[init] -,m_UserCnt(1), curUser(_eng_1), len(6).
06-08 00:52:53.821  1740 20416 I MtkCam/FdProcessor: [RunFaceDetection] check FD frame timestamp : 70800992604000
06-08 00:52:53.821  1740 20416 I MtkCam/FdProcessor: [RunFaceDetection] check FD count : 0, duration : 0
06-08 00:52:53.821  1740 20416 I AIE_V   : (20416)[FDVT_Stream_On] img fmt: 9, v4l2 img fmt: 0x3231564e
06-08 00:52:53.821  1740 20468 I AIE_S   : (20468)[onThreadLoop] policy:(expect, result)=(0, 0), priority:(expect, result)=(-2, 0)
06-08 00:52:53.822  1740 20438 W MtkCam/StreamingPipe/G_MENode: [onImgStreamBaseCB]KpiTag: enque first frame.
06-08 00:52:53.824  1740  2179 D TKDrvHL : [gettkdpforNodes] frm_owner(412d53445f53/S_DS-A) instance(b40000703673e9e0) enqueSeq = 0
06-08 00:52:53.824  1740  2179 D TKDrvHL : [gettkdpforNodes] frm_owner(412d53445f53/S_DS-A) instance(b40000703673e9e0) matched DS or vrp2 group_sidx(4) group_mnum(2)pipe_idx(0) info->gp_idx(0) available_pipe_idx(0)ds_available_pipe_idx(0xe) max_pipe_num(4) ds_gp_s(6) ds_pipe_idx_ring(1)
06-08 00:52:53.824  1740  2178 D TKDrvHL : [gettkdpforNodes] frm_owner(412d5049445f53/S_DIP-A) instance(b400007036754960) enqueSeq = 0
06-08 00:52:53.824  1740  2178 D TKDrvHL : [gettkdpforNodes] frm_owner(412d5049445f53/S_DIP-A) instance(b400007036754960) matched DIP or vrp3 group_sidx(8) group_mnum(2)pipe_idx(0) info->gp_idx(0) available_pipe_idx(0)dip_available_pipe_idx(0xe) max_pipe_num(4) dip_gp_s(10) dip_pipe_idx_ring(1)
06-08 00:52:53.825  1740 20467 W neuron  : APUSys failed to get VLM size!
06-08 00:52:53.833  1740 20467 D util_ImageBuffer: [util_ImageBufferExtInit] utilImageBufferInit
06-08 00:52:53.833  1740 20467 D util_ImageBuffer: [util_ImageBufferExtInit] using DMABUF
06-08 00:52:53.833  1740 20467 I DMABUFHEAPS: Using DMA-BUF heap named: mtk_mm
06-08 00:52:53.833  1740 20467 D util_ImageBuffer: [util_GetImageBufferExt] alloc ion: share_fd 571 addr 0x71a2b54000 cached 1
06-08 00:52:53.833  1740 20467 D util_ImageBuffer: [util_ImageBufferExtInit] utilImageBufferInit
06-08 00:52:53.833  1740 20467 D util_ImageBuffer: [util_ImageBufferExtInit] using DMABUF
06-08 00:52:53.834  1740 20467 I DMABUFHEAPS: Using DMA-BUF heap named: mtk_mm
06-08 00:52:53.834  1740 20467 D util_ImageBuffer: [util_GetImageBufferExt] alloc ion: share_fd 573 addr 0x71a2acc000 cached 1
06-08 00:52:53.834  1740 20467 D util_ImageBuffer: [util_ImageBufferExtInit] utilImageBufferInit
06-08 00:52:53.834  1740 20467 D util_ImageBuffer: [util_ImageBufferExtInit] using DMABUF
06-08 00:52:53.834  1740 20467 I DMABUFHEAPS: Using DMA-BUF heap named: mtk_mm
06-08 00:52:53.834  1740 20467 D util_ImageBuffer: [util_GetImageBufferExt] alloc ion: share_fd 575 addr 0x717f248000 cached 1
06-08 00:52:53.834  1740 20467 D util_ImageBuffer: [util_ImageBufferExtInit] utilImageBufferInit
06-08 00:52:53.834  1740 20467 D util_ImageBuffer: [util_ImageBufferExtInit] using DMABUF
06-08 00:52:53.834  1740  2174 D isp_tuning_custom: Get camera DB path: /vendor/bin/crossbuild
06-08 00:52:53.834  1740 20467 I DMABUFHEAPS: Using DMA-BUF heap named: mtk_mm
06-08 00:52:53.834  1740 20467 D util_ImageBuffer: [util_GetImageBufferExt] alloc ion: share_fd 577 addr 0x7180967000 cached 1
06-08 00:52:53.834  1740 20467 D util_ImageBuffer: [util_ImageBufferExtInit] utilImageBufferInit
06-08 00:52:53.834  1740 20467 D util_ImageBuffer: [util_ImageBufferExtInit] using DMABUF
06-08 00:52:53.834  1740 20467 I DMABUFHEAPS: Using DMA-BUF heap named: mtk_mm
06-08 00:52:53.834  1740 20467 D util_ImageBuffer: [util_GetImageBufferExt] alloc ion: share_fd 580 addr 0x717f201000 cached 1
06-08 00:52:53.834  1740 20467 D util_ImageBuffer: [util_ImageBufferExtInit] utilImageBufferInit
06-08 00:52:53.834  1740 20467 D util_ImageBuffer: [util_ImageBufferExtInit] using DMABUF
06-08 00:52:53.834  1740 20467 I DMABUFHEAPS: Using DMA-BUF heap named: mtk_mm
06-08 00:52:53.834  1740 20467 D util_ImageBuffer: [util_GetImageBufferExt] alloc ion: share_fd 582 addr 0x718072e000 cached 1
06-08 00:52:53.834  1740 20467 D util_ImageBuffer: [util_ImageBufferExtInit] utilImageBufferInit
06-08 00:52:53.834  1740 20467 D util_ImageBuffer: [util_ImageBufferExtInit] using DMABUF
06-08 00:52:53.834  1740 20467 I DMABUFHEAPS: Using DMA-BUF heap named: mtk_mm
06-08 00:52:53.834  1740 20467 D util_ImageBuffer: [util_GetImageBufferExt] alloc ion: share_fd 584 addr 0x71a2acb000 cached 1
06-08 00:52:53.834  1740 20467 D util_ImageBuffer: [util_ImageBufferExtInit] utilImageBufferInit
06-08 00:52:53.834  1740 20467 D util_ImageBuffer: [util_ImageBufferExtInit] using DMABUF
06-08 00:52:53.834  1740 20467 I DMABUFHEAPS: Using DMA-BUF heap named: mtk_mm
06-08 00:52:53.834  1740 20467 D util_ImageBuffer: [util_GetImageBufferExt] alloc ion: share_fd 586 addr 0x71a2aca000 cached 1
06-08 00:52:53.834  1740 20467 D util_ImageBuffer: [util_ImageBufferExtInit] utilImageBufferInit
06-08 00:52:53.834  1740 20467 D util_ImageBuffer: [util_ImageBufferExtInit] using DMABUF
06-08 00:52:53.834  1740 20467 I DMABUFHEAPS: Using DMA-BUF heap named: mtk_mm
06-08 00:52:53.834  1740 20467 D util_ImageBuffer: [util_GetImageBufferExt] alloc ion: share_fd 588 addr 0x71a2a98000 cached 1
06-08 00:52:53.834  1740 20467 D util_ImageBuffer: [util_ImageBufferExtInit] utilImageBufferInit
06-08 00:52:53.834  1740 20467 D util_ImageBuffer: [util_ImageBufferExtInit] using DMABUF
06-08 00:52:53.834  1740 20467 I DMABUFHEAPS: Using DMA-BUF heap named: mtk_mm
06-08 00:52:53.834  1740 20467 D util_ImageBuffer: [util_GetImageBufferExt] alloc ion: share_fd 590 addr 0x71a2a8b000 cached 1
06-08 00:52:53.834  1740 20467 D util_ImageBuffer: [util_ImageBufferExtInit] utilImageBufferInit
06-08 00:52:53.834  1740 20467 D util_ImageBuffer: [util_ImageBufferExtInit] using DMABUF
06-08 00:52:53.834  1740  2174 I HwBlockLSC: [HwBlockLSC] m_tsf_mv_en(1) m_draw_tsf_mv_en(0)
06-08 00:52:53.834  1740 20467 I DMABUFHEAPS: Using DMA-BUF heap named: mtk_mm
06-08 00:52:53.834  1740 20467 D util_ImageBuffer: [util_GetImageBufferExt] alloc ion: share_fd 592 addr 0x71a2a8a000 cached 1
06-08 00:52:53.834  1740 20467 D util_ImageBuffer: [util_ImageBufferExtInit] utilImageBufferInit
06-08 00:52:53.834  1740 20467 D util_ImageBuffer: [util_ImageBufferExtInit] using DMABUF
06-08 00:52:53.834  1740 20467 I DMABUFHEAPS: Using DMA-BUF heap named: mtk_mm
06-08 00:52:53.834  1740 20467 D util_ImageBuffer: [util_GetImageBufferExt] alloc ion: share_fd 594 addr 0x71a2a89000 cached 1
06-08 00:52:53.834  1740 20467 D util_ImageBuffer: [util_ImageBufferExtInit] utilImageBufferInit
06-08 00:52:53.834  1740 20467 D util_ImageBuffer: [util_ImageBufferExtInit] using DMABUF
06-08 00:52:53.834  1740 20467 I DMABUFHEAPS: Using DMA-BUF heap named: mtk_mm
06-08 00:52:53.834  1740 20467 D util_ImageBuffer: [util_GetImageBufferExt] alloc ion: share_fd 596 addr 0x71a2a26000 cached 1
06-08 00:52:53.834  1740 20467 D util_ImageBuffer: [util_ImageBufferExtInit] utilImageBufferInit
06-08 00:52:53.834  1740 20467 D util_ImageBuffer: [util_ImageBufferExtInit] using DMABUF
06-08 00:52:53.834  1740  2174 D isp_tuning_custom: Get camera DB path: /vendor/bin/crossbuild
06-08 00:52:53.834  1740 20467 I DMABUFHEAPS: Using DMA-BUF heap named: mtk_mm
06-08 00:52:53.834  1740 20467 D util_ImageBuffer: [util_GetImageBufferExt] alloc ion: share_fd 598 addr 0x71a2a25000 cached 1
06-08 00:52:53.834  1740 20467 D util_ImageBuffer: [util_ImageBufferExtInit] utilImageBufferInit
06-08 00:52:53.834  1740 20467 D util_ImageBuffer: [util_ImageBufferExtInit] using DMABUF
06-08 00:52:53.834  1740 20467 I DMABUFHEAPS: Using DMA-BUF heap named: mtk_mm
06-08 00:52:53.834  1740 20467 D util_ImageBuffer: [util_GetImageBufferExt] alloc ion: share_fd 600 addr 0x71a29bc000 cached 1
06-08 00:52:53.834  1740 20467 D util_ImageBuffer: [util_ImageBufferExtInit] utilImageBufferInit
06-08 00:52:53.834  1740 20467 D util_ImageBuffer: [util_ImageBufferExtInit] using DMABUF
06-08 00:52:53.834  1740 20467 I DMABUFHEAPS: Using DMA-BUF heap named: mtk_mm
06-08 00:52:53.834  1740 20467 D util_ImageBuffer: [util_GetImageBufferExt] alloc ion: share_fd 602 addr 0x71a2932000 cached 1
06-08 00:52:53.834  1740 20467 D util_ImageBuffer: [util_ImageBufferExtInit] utilImageBufferInit
06-08 00:52:53.834  1740 20467 D util_ImageBuffer: [util_ImageBufferExtInit] using DMABUF
06-08 00:52:53.834  1740 20467 I DMABUFHEAPS: Using DMA-BUF heap named: mtk_mm
06-08 00:52:53.834  1740 20467 D util_ImageBuffer: [util_GetImageBufferExt] alloc ion: share_fd 604 addr 0x71a2931000 cached 1
06-08 00:52:53.834  1740 20467 D util_ImageBuffer: [util_ImageBufferExtInit] utilImageBufferInit
06-08 00:52:53.834  1740 20467 D util_ImageBuffer: [util_ImageBufferExtInit] using DMABUF
06-08 00:52:53.834  1740 20467 I DMABUFHEAPS: Using DMA-BUF heap named: mtk_mm
06-08 00:52:53.834  1740 20467 D util_ImageBuffer: [util_GetImageBufferExt] alloc ion: share_fd 606 addr 0x71a2930000 cached 1
06-08 00:52:53.835  1740 20467 D util_ImageBuffer: [util_ImageBufferExtInit] utilImageBufferInit
06-08 00:52:53.835  1740 20467 D util_ImageBuffer: [util_ImageBufferExtInit] using DMABUF
06-08 00:52:53.836  1740 20467 D neuron_wrapper: apusysSession_createInstance
06-08 00:52:53.837  1740  2174 D C3D     : [C3D] [LOG] [ID: 600] C3DCore start 
06-08 00:52:53.837  1740  2174 D isp_tuning_custom: Get camera DB path: /vendor/bin/crossbuild
06-08 00:52:53.838  1740 20467 D neuron_wrapper: apusysSession_createInstance done
06-08 00:52:53.838  1740 20467 D neuron_wrapper: type: [0], deviceNum: 1
06-08 00:52:53.838  1740 20467 D neuron_wrapper: apusysSession_deleteInstance
06-08 00:52:53.838  1740 20467 D neuron_wrapper: apusysSession_deleteInstance done
06-08 00:52:53.838  1740 20467 D util_ImageBuffer: [util_ImageBufferExtInit] utilImageBufferInit
06-08 00:52:53.838  1740 20467 D util_ImageBuffer: [util_ImageBufferExtInit] using DMABUF
06-08 00:52:53.838  1740 20467 I DMABUFHEAPS: Using DMA-BUF heap named: mtk_mm
06-08 00:52:53.838  1740 20467 D util_ImageBuffer: [util_GetImageBufferExt] alloc ion: share_fd 627 addr 0x717c30e000 cached 1
06-08 00:52:53.840  1740  2174 D TKDrvHL : [gettkdpforNodes] frm_owner(3051505f4653/SF_PQ0) instance(b40000703673c040) no ctrl_meta_from_user
06-08 00:52:53.842  1740 20467 W neuron  : APUSys failed to get VLM size!
06-08 00:52:53.845  1740 20467 W neuron  : APUSys failed to get VLM size!
06-08 00:52:53.848  1740 20467 W neuron  : APUSys failed to get VLM size!
06-08 00:52:53.852  1740 20467 W neuron  : APUSys failed to get VLM size!
06-08 00:52:53.852  1740 20466 I RequestRegulator: Cam::1 [signal] VSirq : SofIdx(29170), getSofIdx(29169/1), processed(6<->5), CamsysFrameSequence(5)
06-08 00:52:53.853  1740 20459 I TsfTPSM : [IntegrateGyroMV] First time to calculate mv info
06-08 00:52:53.853  1740 20467 D util_ImageBuffer: [util_ImageBufferExtInit] utilImageBufferInit
06-08 00:52:53.853  1740 20467 D util_ImageBuffer: [util_ImageBufferExtInit] using DMABUF
06-08 00:52:53.853  1740 14526 W mtkcam-capturesession: [1-CaptureSessionDefault::onGetSharedSteramPoolAllocSize] poolSize 1 -> 0.000000 fail (map is empty) !!
06-08 00:52:53.854  1740 14526 W mtkcam-capturesession: [1-CaptureSessionDefault::onRunTimeUpdateSharedStreamPoolSize] UpdateSharedSteramPoolSize 1 -> 1 fail (map is empty) !!
06-08 00:52:53.866  4432 10259 E mali_gralloc: Attempt to call unlock*() on an buffer locked with invalid write locks buffer (0xb400007331cb3930)
06-08 00:52:53.876  1740 20456 D camerahalserver: afd property ISO_COUNTRY_CODE: no,no
06-08 00:52:53.876  1740 20456 D camerahalserver: afd country: Norway
06-08 00:52:53.876  1740 20456 D camerahalserver: afd frequency: 50
06-08 00:52:53.876  1740 20456 D camerahalserver: init_algo(): init flicker from mcc table Hz(50).
06-08 00:52:53.878  1740 20456 W Hal3AImp_v1_0: [On3AFinish] [idx(1)] [STT](#c00000004) No valid 3A result, calculation might be canceled by stream-off
06-08 00:52:53.879  1740  2178 I TrawDrv : [TRAW_UpdateTdr] smvr/capture(0/0)
06-08 00:52:53.897  1740  2178 I mtkpower_client: perf_lock_rel, hdl:15855, tid:2178
06-08 00:52:53.897  1464  1552 I libPowerHal: [perfLockRel] hdl:15855, idx:5
06-08 00:52:53.907  4432 10259 E mali_gralloc: Attempt to call unlock*() on an buffer locked with invalid write locks buffer (0xb400007331cac450)
06-08 00:52:53.912  1740 20466 I RequestRegulator: Cam::1 [signal] VSirq : SofIdx(29171), getSofIdx(29170/1), processed(7<->6), CamsysFrameSequence(6)
06-08 00:52:53.913  1740 17742 W mtkcam-capturesession: [1-CaptureSessionDefault::onGetSharedSteramPoolAllocSize] poolSize 1 -> 0.000000 fail (map is empty) !!
06-08 00:52:53.913  1740 17742 W mtkcam-capturesession: [1-CaptureSessionDefault::onRunTimeUpdateSharedStreamPoolSize] UpdateSharedSteramPoolSize 1 -> 1 fail (map is empty) !!
06-08 00:52:53.936  1740 20456 D camerahalserver: afd property ISO_COUNTRY_CODE: no,no
06-08 00:52:53.936  1740 20456 D camerahalserver: afd country: Norway
06-08 00:52:53.936  1740 20456 D camerahalserver: afd frequency: 50
06-08 00:52:53.936  1740 20456 D camerahalserver: init_algo(): init flicker from mcc table Hz(50).
06-08 00:52:53.938  1740 20456 W Hal3AImp_v1_0: [On3AFinish] [idx(1)] [STT](#d00000005) No valid 3A result, calculation might be canceled by stream-off
06-08 00:52:53.938  1740  2177 I TrawDrv : [TRAW_UpdateTdr] smvr/capture(0/0)
06-08 00:52:53.944  2053  2053 W AccessibilityManagerService:  wait for adding window timeout: 4
06-08 00:52:53.947  1729  1729 W lbs_dbg_ext: Waited for hwservicemanager.ready for a second, waiting another...
06-08 00:52:53.947  1729  1729 W libc    : Access denied finding property "hwservicemanager.disabled"
06-08 00:52:53.947  1729  1729 W libc    : Access denied finding property "hwservicemanager.ready"
06-08 00:52:53.947  1729  1729 W libc    : Access denied finding property "hwservicemanager.ready"
06-08 00:52:53.944  1729  1729 W binder:1729_2: type=1400 audit(0.0:335472): avc:  denied  { read } for  name="u:object_r:hwservicemanager_prop:s0" dev="tmpfs" ino=256 scontext=u:r:lbs_dbg_ext:s0 tcontext=u:object_r:hwservicemanager_prop:s0 tclass=file permissive=0
06-08 00:52:53.949  1740  2171 I BlackSesameDetect: bstHdrDetect handle 1 +
06-08 00:52:53.949  1740  2171 I BlackSesameDetect: bypass = 1 
06-08 00:52:53.955  1740 20397 D camerahalserver: [ThirdCamPowerhalControl] [enable_thirdcam_initial] time :[0] , xgfGetCamApkPid:4432, xgfGetCamServerPid:1701
06-08 00:52:53.955  1740 20397 D camerahalserver: [ThirdCamPowerhalControl] [enable_thirdcam_initial] thread_alive_count =0 
06-08 00:52:53.972  1740 20466 I RequestRegulator: Cam::1 [signal] VSirq : SofIdx(29172), getSofIdx(29171/1), processed(8<->7), CamsysFrameSequence(7)
06-08 00:52:53.973  1740 14526 W mtkcam-capturesession: [1-CaptureSessionDefault::onGetSharedSteramPoolAllocSize] poolSize 1 -> 0.000000 fail (map is empty) !!
06-08 00:52:53.974  1740 14526 W mtkcam-capturesession: [1-CaptureSessionDefault::onRunTimeUpdateSharedStreamPoolSize] UpdateSharedSteramPoolSize 1 -> 1 fail (map is empty) !!
06-08 00:52:53.996  1740 20456 D camerahalserver: afd property ISO_COUNTRY_CODE: no,no
06-08 00:52:53.996  1740 20456 D camerahalserver: afd country: Norway
06-08 00:52:53.996  1740 20456 D camerahalserver: afd frequency: 50
06-08 00:52:53.996  1740 20456 D camerahalserver: init_algo(): init flicker from mcc table Hz(50).
06-08 00:52:53.998  1740 20456 W Hal3AImp_v1_0: [On3AFinish] [idx(1)] [STT](#e00000006) No valid 3A result, calculation might be canceled by stream-off
06-08 00:52:53.999  1740  2179 I TrawDrv : [TRAW_UpdateTdr] smvr/capture(0/0)
06-08 00:52:54.032  1740 20466 I RequestRegulator: Cam::1 [signal] VSirq : SofIdx(29173), getSofIdx(29172/1), processed(9<->8), CamsysFrameSequence(8)
06-08 00:52:54.033  1740 14526 W mtkcam-capturesession: [1-CaptureSessionDefault::onGetSharedSteramPoolAllocSize] poolSize 1 -> 0.000000 fail (map is empty) !!
06-08 00:52:54.034  1740 14526 W mtkcam-capturesession: [1-CaptureSessionDefault::onRunTimeUpdateSharedStreamPoolSize] UpdateSharedSteramPoolSize 1 -> 1 fail (map is empty) !!
06-08 00:52:54.056  1740 20456 D camerahalserver: afd property ISO_COUNTRY_CODE: no,no
06-08 00:52:54.056  1740 20456 D camerahalserver: afd country: Norway
06-08 00:52:54.056  1740 20456 D camerahalserver: afd frequency: 50
06-08 00:52:54.056  1740 20456 D camerahalserver: init_algo(): init flicker from mcc table Hz(50).
06-08 00:52:54.058  1740 20456 W Hal3AImp_v1_0: [On3AFinish] [idx(1)] [STT](#f00000007) No valid 3A result, calculation might be canceled by stream-off
06-08 00:52:54.058  1740  2178 I TrawDrv : [TRAW_UpdateTdr] smvr/capture(0/0)
06-08 00:52:54.092  1740 20466 I RequestRegulator: Cam::1 [signal] VSirq : SofIdx(29174), getSofIdx(29173/1), processed(10<->9), CamsysFrameSequence(9)
06-08 00:52:54.093  1740 17742 W mtkcam-capturesession: [1-CaptureSessionDefault::onGetSharedSteramPoolAllocSize] poolSize 1 -> 0.000000 fail (map is empty) !!
06-08 00:52:54.094  1740 17742 W mtkcam-capturesession: [1-CaptureSessionDefault::onRunTimeUpdateSharedStreamPoolSize] UpdateSharedSteramPoolSize 1 -> 1 fail (map is empty) !!
06-08 00:52:54.116  1740 20456 D camerahalserver: afd property ISO_COUNTRY_CODE: no,no
06-08 00:52:54.116  1740 20456 D camerahalserver: afd country: Norway
06-08 00:52:54.116  1740 20456 D camerahalserver: afd frequency: 50
06-08 00:52:54.116  1740 20456 D camerahalserver: init_algo(): init flicker from mcc table Hz(50).
06-08 00:52:54.118  1740 20456 W Hal3AImp_v1_0: [On3AFinish] [idx(1)] [STT](#1000000008) No valid 3A result, calculation might be canceled by stream-off
06-08 00:52:54.118  1740  2178 I TrawDrv : [TRAW_UpdateTdr] smvr/capture(0/0)
06-08 00:52:54.130  1740  2171 I BlackSesameDetect: bstHdrDetect handle 1 +
06-08 00:52:54.130  1740  2171 I BlackSesameDetect: bypass = 1 
06-08 00:52:54.145  4432 10259 E mali_gralloc: Attempt to call unlock*() on an buffer locked with invalid write locks buffer (0xb400007331cb3930)
06-08 00:52:54.152  1740 20466 I RequestRegulator: Cam::1 [signal] VSirq : SofIdx(29175), getSofIdx(29174/1), processed(11<->10), CamsysFrameSequence(10)
06-08 00:52:54.154  1740 14526 W mtkcam-capturesession: [1-CaptureSessionDefault::onGetSharedSteramPoolAllocSize] poolSize 1 -> 0.000000 fail (map is empty) !!
06-08 00:52:54.154  1740 14526 W mtkcam-capturesession: [1-CaptureSessionDefault::onRunTimeUpdateSharedStreamPoolSize] UpdateSharedSteramPoolSize 1 -> 1 fail (map is empty) !!
06-08 00:52:54.176  1740 20456 D camerahalserver: afd property ISO_COUNTRY_CODE: no,no
06-08 00:52:54.176  1740 20456 D camerahalserver: afd country: Norway
06-08 00:52:54.176  1740 20456 D camerahalserver: afd frequency: 50
06-08 00:52:54.176  1740 20456 D camerahalserver: init_algo(): init flicker from mcc table Hz(50).
06-08 00:52:54.178  1740  2177 I TrawDrv : [TRAW_UpdateTdr] smvr/capture(0/0)
06-08 00:52:54.178  1740 20456 W Hal3AImp_v1_0: [On3AFinish] [idx(1)] [STT](#1100000009) No valid 3A result, calculation might be canceled by stream-off
06-08 00:52:54.207  4432 10259 E mali_gralloc: Attempt to call unlock*() on an buffer locked with invalid write locks buffer (0xb400007331cac450)
06-08 00:52:54.213  1740 20466 I RequestRegulator: Cam::1 [signal] VSirq : SofIdx(29176), getSofIdx(29175/1), processed(12<->11), CamsysFrameSequence(11)
06-08 00:52:54.214  1740 17742 W mtkcam-capturesession: [1-CaptureSessionDefault::onGetSharedSteramPoolAllocSize] poolSize 1 -> 0.000000 fail (map is empty) !!
06-08 00:52:54.236  1740 20456 D camerahalserver: afd property ISO_COUNTRY_CODE: no,no
06-08 00:52:54.237  1740 20456 D camerahalserver: afd country: Norway
06-08 00:52:54.237  1740 20456 D camerahalserver: afd frequency: 50
06-08 00:52:54.237  1740 20456 D camerahalserver: init_algo(): init flicker from mcc table Hz(50).
06-08 00:52:54.239  1740 20456 W Hal3AImp_v1_0: [On3AFinish] [idx(1)] [STT](#120000000a) No valid 3A result, calculation might be canceled by stream-off
06-08 00:52:54.273  1740 20466 I RequestRegulator: Cam::1 [signal] VSirq : SofIdx(29177), getSofIdx(29176/1), processed(13<->12), CamsysFrameSequence(12)
06-08 00:52:54.274  1740 14526 W mtkcam-capturesession: [1-CaptureSessionDefault::onGetSharedSteramPoolAllocSize] poolSize 1 -> 0.000000 fail (map is empty) !!
06-08 00:52:54.297  1740 20456 D camerahalserver: afd property ISO_COUNTRY_CODE: no,no
06-08 00:52:54.297  1740 20456 D camerahalserver: afd country: Norway
06-08 00:52:54.297  1740 20456 D camerahalserver: afd frequency: 50
06-08 00:52:54.297  1740 20456 D camerahalserver: init_algo(): init flicker from mcc table Hz(50).
06-08 00:52:54.298  1740 20456 W Hal3AImp_v1_0: [On3AFinish] [idx(1)] [STT](#130000000b) No valid 3A result, calculation might be canceled by stream-off
06-08 00:52:54.308  1740  2175 I BlackSesameDetect: bstHdrDetect handle 1 +
06-08 00:52:54.308  1740  2175 I BlackSesameDetect: bypass = 1 
06-08 00:52:54.333  1740 20466 I RequestRegulator: Cam::1 [signal] VSirq : SofIdx(29178), getSofIdx(29177/1), processed(14<->13), CamsysFrameSequence(13)
06-08 00:52:54.334  1740 17742 W mtkcam-capturesession: [1-CaptureSessionDefault::onGetSharedSteramPoolAllocSize] poolSize 1 -> 0.000000 fail (map is empty) !!
06-08 00:52:54.357  1740 20456 D camerahalserver: afd property ISO_COUNTRY_CODE: no,no
06-08 00:52:54.357  1740 20456 D camerahalserver: afd country: Norway
06-08 00:52:54.357  1740 20456 D camerahalserver: afd frequency: 50
06-08 00:52:54.357  1740 20456 D camerahalserver: init_algo(): init flicker from mcc table Hz(50).
06-08 00:52:54.359  1740 20456 W Hal3AImp_v1_0: [On3AFinish] [idx(1)] [STT](#140000000c) No valid 3A result, calculation might be canceled by stream-off
06-08 00:52:54.393  1740 20466 I RequestRegulator: Cam::1 [signal] VSirq : SofIdx(29179), getSofIdx(29178/1), processed(15<->14), CamsysFrameSequence(14)
06-08 00:52:54.394  1740 14526 W mtkcam-capturesession: [1-CaptureSessionDefault::onGetSharedSteramPoolAllocSize] poolSize 1 -> 0.000000 fail (map is empty) !!
06-08 00:52:54.417  1740 20456 D camerahalserver: afd property ISO_COUNTRY_CODE: no,no
06-08 00:52:54.417  1740 20456 D camerahalserver: afd country: Norway
06-08 00:52:54.417  1740 20456 D camerahalserver: afd frequency: 50
06-08 00:52:54.417  1740 20456 D camerahalserver: init_algo(): init flicker from mcc table Hz(50).
06-08 00:52:54.419  1740 20456 W Hal3AImp_v1_0: [On3AFinish] [idx(1)] [STT](#150000000d) No valid 3A result, calculation might be canceled by stream-off
06-08 00:52:54.437  1464  1552 I mtkpower@impl: [powerd_req] TIMER_MSG_PERF_LOCK_TIMEOUT hdl:15852
06-08 00:52:54.437  1464  1552 I libPowerHal: [perfLockRel] hdl:15852, idx:2
06-08 00:52:54.438  1464  1552 I libPowerHal: [setClusterFreq]  set cpu_ctrl cpufreq: -1 -1 -1 -1 
06-08 00:52:54.438  1464  1552 I libPowerHal: [setClusterCores] [CORE_CTL_SET_LIMIT_CPUS] cid:0 min:4 max:4
06-08 00:52:54.438  1464  1552 I libPowerHal: [setClusterCores] [CORE_CTL_SET_LIMIT_CPUS] cid:1 min:3 max:4
06-08 00:52:54.438  1464  1552 I libPowerHal: [setClusterCores] binder:1740_2: set core_ctrl: -1 -1 -1 -1 
06-08 00:52:54.438  1464  1552 I libPowerHal: [PD] binder:1740_2 update cmd:1404100 param:0
06-08 00:52:54.438  1464  1552 I libPowerHal: [PD] binder:1740_2 update cmd:1404300 param:0
06-08 00:52:54.439  1464  1552 I libPowerHal: [PD] binder:1740_2 update cmd:1000000 param:-1
